################################################################################
#                                                                              #
#      IAR Universal Linker V6.4.6.89                                          #
#                                                                              #
#           Link time     =  08/Nov/2016  19:31:00                             #
#           Target CPU    =  MSP430                                            #
#           List file     =  "C:\Users\Paul\Documents\ECE 306\Project 7\Debug\ #
#                            List\Project 7.map"                               #
#           Output file 1 =  "C:\Users\Paul\Documents\ECE 306\Project 7\Debug\ #
#                            Exe\Project 7.d43"                                #
#                            Format: ubrof10                                   #
#                            UBROF version 10.0.6                              #
#                            Using library modules for C-SPY (-rt)             #
#           Command line  =  "C:\Users\Paul\Documents\ECE 306\Project 7\Debug\ #
#                            Obj\adc.r43"                                      #
#                            "C:\Users\Paul\Documents\ECE 306\Project 7\Debug\ #
#                            Obj\circle.r43"                                   #
#                            "C:\Users\Paul\Documents\ECE 306\Project 7\Debug\ #
#                            Obj\clocks.r43"                                   #
#                            "C:\Users\Paul\Documents\ECE 306\Project 7\Debug\ #
#                            Obj\control.r43"                                  #
#                            "C:\Users\Paul\Documents\ECE 306\Project 7\Debug\ #
#                            Obj\hex_to_bcd.r43"                               #
#                            "C:\Users\Paul\Documents\ECE 306\Project 7\Debug\ #
#                            Obj\init.r43"                                     #
#                            "C:\Users\Paul\Documents\ECE 306\Project 7\Debug\ #
#                            Obj\interrupt_port.r43"                           #
#                            "C:\Users\Paul\Documents\ECE 306\Project 7\Debug\ #
#                            Obj\interrupt_serial.r43"                         #
#                            "C:\Users\Paul\Documents\ECE 306\Project 7\LCD.r4 #
#                            3"                                                #
#                            "C:\Users\Paul\Documents\ECE 306\Project 7\Debug\ #
#                            Obj\main.r43"                                     #
#                            "C:\Users\Paul\Documents\ECE 306\Project 7\Debug\ #
#                            Obj\ports.r43"                                    #
#                            "C:\Users\Paul\Documents\ECE 306\Project 7\Debug\ #
#                            Obj\switch.r43"                                   #
#                            "C:\Users\Paul\Documents\ECE 306\Project 7\Debug\ #
#                            Obj\system.r43"                                   #
#                            "C:\Users\Paul\Documents\ECE 306\Project 7\Debug\ #
#                            Obj\timers.r43"                                   #
#                            -o                                                #
#                            "C:\Users\Paul\Documents\ECE 306\Project 7\Debug\ #
#                            Exe\Project 7.d43"                                #
#                            -l                                                #
#                            "C:\Users\Paul\Documents\ECE 306\Project 7\Debug\ #
#                            List\Project 7.map"                               #
#                            -xms                                              #
#                            "-IC:\Program Files (x86)\IAR Systems\Embedded Wo #
#                            rkbench 7.4\430\LIB\"                             #
#                            -f                                                #
#                            "C:\Program Files (x86)\IAR Systems\Embedded Work #
#                            bench 7.4\430\config\linker\lnk430fr5739.xcl"     #
#                            (-cmsp430 -QCODE_I=CODE_ID -QTLS16_I=TLS16_ID     #
#                            -D__iar_HWMUL=4C0 -Z(CONST)INFO=1800-18FF         #
#                            -Z(CONST)INFOA=1880-18FF                          #
#                            -Z(CONST)INFOB=1800-187F                          #
#                            -Z(DATA)DATA16_I,DATA16_Z,DATA16_N,TLS16_I=1C00-1 #
#                            FFF                                               #
#                            -Z(DATA)CODE_I                                    #
#                            -Z(DATA)DATA20_I,DATA20_Z,DATA20_N                #
#                            -Z(DATA)CSTACK+_STACK_SIZE#                       #
#                            -Z(CONST)DATA16_P,DATA20_P=C200-FF7F              #
#                            -Z(DATA)DATA16_HEAP+_DATA16_HEAP_SIZE,DATA20_HEAP #
#                            +_DATA20_HEAP_SIZE                                #
#                            -Z(CONST)MPU_B1                                   #
#                            -Z(CONST)DATA16_C,DATA16_ID,TLS16_ID,DIFUNCT,CHEC #
#                            KSUM=C200-FF7F                                    #
#                            -Z(CONST)DATA20_C,DATA20_ID -Z(CONST)MPU_B2       #
#                            -Z(CODE)CSTART,ISR_CODE,CODE_ID=C200-FF7F         #
#                            -P(CODE)CODE,CODE16=C200-FF7F -Z(CODE)CODE_PAD    #
#                            -Z(CONST)SIGNATURE=FF80-FF8F                      #
#                            -Z(CODE)INTVEC=FF90-FFFF                          #
#                            -Z(CODE)RESET=FFFE-FFFF) -f                       #
#                            "C:\Program Files (x86)\IAR Systems\Embedded Work #
#                            bench 7.4\430\config\linker\multiplier32.xcl"     #
#                            (-e?Mul8Hw=?Mul8 -e?Mul16Hw=?Mul16                #
#                            -e?Mul16to32uHw=?Mul16to32u                       #
#                            -e?Mul16to32sHw=?Mul16to32s -e?Mul32Hw32=?Mul32   #
#                            -e?Mul64Hw32=_Mul64i                              #
#                            -e?Mul32u32uto64iHw32=_Mul32u32uto64i             #
#                            -e?Mul32fHw32=_Mul32f                             #
#                            -e_Mul64fHw32Ptr=_Mul64fPtr) -D_STACK_SIZE=A0     #
#                            -rt                                               #
#                            "C:\Program Files (x86)\IAR Systems\Embedded Work #
#                            bench 7.4\430\lib\dlib\dl430xlsfn.r43"            #
#                            -D_DATA16_HEAP_SIZE=A0 -s __program_start         #
#                            -D_DATA20_HEAP_SIZE=50                            #
#                                                                              #
#                           Copyright (C) 1987-2016 IAR Systems AB.            #
################################################################################





                ****************************************
                *                                      *
                *           CROSS REFERENCE            *
                *                                      *
                ****************************************

       Program entry at :           C210  Relocatable, from module : ?cstart




                ****************************************
                *                                      *
                *            RUNTIME MODEL             *
                *                                      *
                ****************************************

  __Heap_Handler             = Basic
  __SystemLibrary            = DLib
  __code_model               = large
  __core                     = 430X
  __data_model               = small
  __dlib_file_descriptor     = 0
  __dlib_full_locale_support = 0
  __double_size              = 32
  __pic                      = no
  __reg_r4                   = free
  __reg_r5                   = free
  __rt_version               = 3

                ****************************************
                *                                      *
                *    AUTOMATIC SYMBOL REDIRECTIONS     *
                *                                      *
                ****************************************

                  There are no automatic symbol redirections.



                ****************************************
                *                                      *
                *              MODULE MAP              *
                *                                      *
                ****************************************


  DEFINED ABSOLUTE ENTRIES
    *************************************************************************

  DEFINED ABSOLUTE ENTRIES
  PROGRAM MODULE, NAME : ?ABS_ENTRY_MOD

Absolute parts
           ENTRY                   ADDRESS         REF BY
           =====                   =======         ======
           _DATA20_HEAP_SIZE       0050 
           _DATA16_HEAP_SIZE       00A0 
           _STACK_SIZE             00A0 
           __iar_HWMUL             04C0 
    *************************************************************************

  FILE NAME : C:\Users\Paul\Documents\ECE 306\Project 7\Debug\Obj\adc.r43
  PROGRAM MODULE, NAME : adc

  SEGMENTS IN THE MODULE
  ======================
DATA16_AN
  Relative segment, address: 0700 - 0701 (0x2 bytes), align: 0
  Segment part 1. ROOT        Intra module refs:   ADC10_ISR
                                                   Init_ADC (init)
                                                   main (main)
           ENTRY                   ADDRESS         REF BY
           =====                   =======         ======
           _A_ADC10CTL0_L          0700 
           LOCAL                   ADDRESS         
           =====                   =======         
           ADC10CTL0               0700 
           ADC10CTL0_H             0701 
           ADC10CTL0_L             0700 
    -------------------------------------------------------------------------
DATA16_AN
  Relative segment, address: 070A - 070B (0x2 bytes), align: 0
  Segment part 2. ROOT        Intra module refs:   ADC10_ISR
                                                   Init_ADC (init)
           ENTRY                   ADDRESS         REF BY
           =====                   =======         ======
           _A_ADC10MCTL0_L         070A 
           LOCAL                   ADDRESS         
           =====                   =======         
           ADC10MCTL0              070A 
           ADC10MCTL0_H            070B 
           ADC10MCTL0_L            070A 
    -------------------------------------------------------------------------
DATA16_AN
  Relative segment, address: 0712 - 0713 (0x2 bytes), align: 0
  Segment part 3. ROOT        Intra module refs:   ADC10_ISR
           ENTRY                   ADDRESS         REF BY
           =====                   =======         ======
           _A_ADC10MEM0_L          0712 
           LOCAL                   ADDRESS         
           =====                   =======         
           ADC10MEM0               0712 
           ADC10MEM0_H             0713 
           ADC10MEM0_L             0712 
    -------------------------------------------------------------------------
DATA16_AN
  Relative segment, address: 071E - 071F (0x2 bytes), align: 0
  Segment part 4. ROOT        Intra module refs:   ADC10_ISR
           ENTRY                   ADDRESS         REF BY
           =====                   =======         ======
           _A_ADC10IV_L            071E 
           LOCAL                   ADDRESS         
           =====                   =======         
           ADC10IV                 071E 
           ADC10IV_H               071F 
           ADC10IV_L               071E 
    -------------------------------------------------------------------------
ISR_CODE
  Relative segment, address: C228 - C297 (0x70 bytes), align: 1
  Segment part 7.             Intra module refs:   ADC10_ISR::??INTVEC 92
           ENTRY                   ADDRESS         REF BY
           =====                   =======         ======
           ADC10_ISR               C228 
               interrupt function
    -------------------------------------------------------------------------
INTVEC
  Common segment, address: FF90 - FFED (0x5e bytes), align: 1
  Segment part 5. ROOT 
           ENTRY                   ADDRESS         REF BY
           =====                   =======         ======
           ADC10_ISR::??INTVEC 92
                                   FFEC 

    *************************************************************************

  FILE NAME : C:\Users\Paul\Documents\ECE 306\Project 7\Debug\Obj\circle.r43
    *************************************************************************

  FILE NAME : C:\Users\Paul\Documents\ECE 306\Project 7\Debug\Obj\clocks.r43
  PROGRAM MODULE, NAME : clocks

  SEGMENTS IN THE MODULE
  ======================
DATA16_AN
  Relative segment, address: 0160 - 0161 (0x2 bytes), align: 0
  Segment part 1. ROOT        Intra module refs:   Init_Clocks
           ENTRY                   ADDRESS         REF BY
           =====                   =======         ======
           _A_CSCTL0_L             0160 
           LOCAL                   ADDRESS         
           =====                   =======         
           CSCTL0                  0160 
           CSCTL0_H                0161 
           CSCTL0_L                0160 
    -------------------------------------------------------------------------
DATA16_AN
  Relative segment, address: 0162 - 0163 (0x2 bytes), align: 0
  Segment part 2. ROOT        Intra module refs:   Init_Clocks
           ENTRY                   ADDRESS         REF BY
           =====                   =======         ======
           _A_CSCTL1_L             0162 
           LOCAL                   ADDRESS         
           =====                   =======         
           CSCTL1                  0162 
           CSCTL1_H                0163 
           CSCTL1_L                0162 
    -------------------------------------------------------------------------
DATA16_AN
  Relative segment, address: 0164 - 0165 (0x2 bytes), align: 0
  Segment part 3. ROOT        Intra module refs:   Init_Clocks
           ENTRY                   ADDRESS         REF BY
           =====                   =======         ======
           _A_CSCTL2_L             0164 
           LOCAL                   ADDRESS         
           =====                   =======         
           CSCTL2                  0164 
           CSCTL2_H                0165 
           CSCTL2_L                0164 
    -------------------------------------------------------------------------
DATA16_AN
  Relative segment, address: 0166 - 0167 (0x2 bytes), align: 0
  Segment part 4. ROOT        Intra module refs:   Init_Clocks
           ENTRY                   ADDRESS         REF BY
           =====                   =======         ======
           _A_CSCTL3_L             0166 
           LOCAL                   ADDRESS         
           =====                   =======         
           CSCTL3                  0166 
           CSCTL3_H                0167 
           CSCTL3_L                0166 
    -------------------------------------------------------------------------
DATA16_AN
  Relative segment, address: 0168 - 0169 (0x2 bytes), align: 0
  Segment part 5. ROOT        Intra module refs:   Init_Clocks
           ENTRY                   ADDRESS         REF BY
           =====                   =======         ======
           _A_CSCTL4_L             0168 
           LOCAL                   ADDRESS         
           =====                   =======         
           CSCTL4                  0168 
           CSCTL4_H                0169 
           CSCTL4_L                0168 
    -------------------------------------------------------------------------
DATA16_AN
  Relative segment, address: 015C - 015D (0x2 bytes), align: 0
  Segment part 6. ROOT        Intra module refs:   Init_Clocks
           ENTRY                   ADDRESS         REF BY
           =====                   =======         ======
           _A_WDTCTL_L             015C 
           LOCAL                   ADDRESS         
           =====                   =======         
           WDTCTL                  015C 
           WDTCTL_H                015D 
           WDTCTL_L                015C 
    -------------------------------------------------------------------------
<CODE> 1 (was CODE)
  Relative segment, address: C7E8 - C859 (0x72 bytes), align: 1
  Segment part 8.
           ENTRY                   ADDRESS         REF BY
           =====                   =======         ======
           Init_Clocks             C7E8            main (main)

    *************************************************************************

  FILE NAME : C:\Users\Paul\Documents\ECE 306\Project 7\Debug\Obj\control.r43
  PROGRAM MODULE, NAME : control

  SEGMENTS IN THE MODULE
  ======================
DATA16_AN
  Relative segment, address: 0222 - 0223 (0x2 bytes), align: 0
  Segment part 1. ROOT        Intra module refs:   Init_LCD (LCD)
                                                   Init_Port3 (ports)
                                                   Init_Port4 (ports)
           ENTRY                   ADDRESS         REF BY
           =====                   =======         ======
           _A_PBOUT_L              0222 
           LOCAL                   ADDRESS         
           =====                   =======         
           PBOUT                   0222 
           PBOUT_H                 0223 
           PBOUT_L                 0222 

    *************************************************************************

  FILE NAME : C:\Users\Paul\Documents\ECE 306\Project 7\Debug\Obj\hex_to_bcd.r43
  PROGRAM MODULE, NAME : hex_to_bcd

  SEGMENTS IN THE MODULE
  ======================
<CODE> 1 (was CODE)
  Relative segment, address: C772 - C7E7 (0x76 bytes), align: 1
  Segment part 2.
           ENTRY                   ADDRESS         REF BY
           =====                   =======         ======
           HEXtoBCD                C772            recieve_A0 (init)

    *************************************************************************

  FILE NAME : C:\Users\Paul\Documents\ECE 306\Project 7\Debug\Obj\init.r43
  PROGRAM MODULE, NAME : init

  SEGMENTS IN THE MODULE
  ======================
DATA16_AN
  Relative segment, address: 0702 - 0703 (0x2 bytes), align: 0
  Segment part 2. ROOT        Intra module refs:   Init_ADC
           ENTRY                   ADDRESS         REF BY
           =====                   =======         ======
           _A_ADC10CTL1_L          0702 
           LOCAL                   ADDRESS         
           =====                   =======         
           ADC10CTL1               0702 
           ADC10CTL1_H             0703 
           ADC10CTL1_L             0702 
    -------------------------------------------------------------------------
DATA16_AN
  Relative segment, address: 0704 - 0705 (0x2 bytes), align: 0
  Segment part 3. ROOT        Intra module refs:   Init_ADC
           ENTRY                   ADDRESS         REF BY
           =====                   =======         ======
           _A_ADC10CTL2_L          0704 
           LOCAL                   ADDRESS         
           =====                   =======         
           ADC10CTL2               0704 
           ADC10CTL2_H             0705 
           ADC10CTL2_L             0704 
    -------------------------------------------------------------------------
DATA16_AN
  Relative segment, address: 071A - 071B (0x2 bytes), align: 0
  Segment part 5. ROOT        Intra module refs:   Init_ADC
           ENTRY                   ADDRESS         REF BY
           =====                   =======         ======
           _A_ADC10IE_L            071A 
           LOCAL                   ADDRESS         
           =====                   =======         
           ADC10IE                 071A 
           ADC10IE_H               071B 
           ADC10IE_L               071A 
    -------------------------------------------------------------------------
DATA16_AN
  Relative segment, address: 05C0 - 05C1 (0x2 bytes), align: 0
  Segment part 6. ROOT        Intra module refs:   Init_Serial_UCA0
                                                   Init_Serial_UCA1
           ENTRY                   ADDRESS         REF BY
           =====                   =======         ======
           _A_UCA0CTLW0_L          05C0 
           LOCAL                   ADDRESS         
           =====                   =======         
           UCA0CTLW0               05C0 
           UCA0CTLW0_H             05C1 
           UCA0CTLW0_L             05C0 
    -------------------------------------------------------------------------
DATA16_AN
  Relative segment, address: 05C6 - 05C7 (0x2 bytes), align: 0
  Segment part 7. ROOT        Intra module refs:   Init_Serial_UCA0
                                                   Init_Serial_UCA1
           ENTRY                   ADDRESS         REF BY
           =====                   =======         ======
           _A_UCA0BRW_L            05C6 
           LOCAL                   ADDRESS         
           =====                   =======         
           UCA0BRW                 05C6 
           UCA0BRW_H               05C7 
           UCA0BRW_L               05C6 
    -------------------------------------------------------------------------
DATA16_AN
  Relative segment, address: 05C8 - 05C9 (0x2 bytes), align: 0
  Segment part 8. ROOT        Intra module refs:   Init_Serial_UCA0
                                                   Init_Serial_UCA1
           ENTRY                   ADDRESS         REF BY
           =====                   =======         ======
           _A_UCA0MCTLW_L          05C8 
           LOCAL                   ADDRESS         
           =====                   =======         
           UCA0MCTLW               05C8 
           UCA0MCTLW_H             05C9 
           UCA0MCTLW_L             05C8 
    -------------------------------------------------------------------------
DATA16_AN
  Relative segment, address: 05CA - 05CA (0x1 bytes), align: 0
  Segment part 9. ROOT        Intra module refs:   Transmit_UCA0
           ENTRY                   ADDRESS         REF BY
           =====                   =======         ======
           UCA0STATW               05CA 
    -------------------------------------------------------------------------
DATA16_AN
  Relative segment, address: 05CE - 05CF (0x2 bytes), align: 0
  Segment part 10. ROOT       Intra module refs:   Transmit_UCA0
           ENTRY                   ADDRESS         REF BY
           =====                   =======         ======
           _A_UCA0TXBUF_L          05CE 
           LOCAL                   ADDRESS         
           =====                   =======         
           UCA0TXBUF               05CE 
           UCA0TXBUF_H             05CF 
           UCA0TXBUF_L             05CE 
    -------------------------------------------------------------------------
DATA16_AN
  Relative segment, address: 05DA - 05DB (0x2 bytes), align: 0
  Segment part 11. ROOT       Intra module refs:   Init_Serial_UCA0
                                                   Init_Serial_UCA1
           ENTRY                   ADDRESS         REF BY
           =====                   =======         ======
           _A_UCA0IE_L             05DA 
           LOCAL                   ADDRESS         
           =====                   =======         
           UCA0IE                  05DA 
           UCA0IE_H                05DB 
           UCA0IE_L                05DA 
    -------------------------------------------------------------------------
DATA16_AN
  Relative segment, address: 05EA - 05EA (0x1 bytes), align: 0
  Segment part 12. ROOT 
           ENTRY                   ADDRESS         REF BY
           =====                   =======         ======
           UCA1STATW               05EA 
    -------------------------------------------------------------------------
DATA16_AN
  Relative segment, address: 05EE - 05EF (0x2 bytes), align: 0
  Segment part 13. ROOT 
           ENTRY                   ADDRESS         REF BY
           =====                   =======         ======
           _A_UCA1TXBUF_L          05EE 
           LOCAL                   ADDRESS         
           =====                   =======         
           UCA1TXBUF               05EE 
           UCA1TXBUF_H             05EF 
           UCA1TXBUF_L             05EE 
    -------------------------------------------------------------------------
<CODE> 1 (was CODE)
  Relative segment, address: CB8E - CBAB (0x1e bytes), align: 1
  Segment part 16.
           ENTRY                   ADDRESS         REF BY
           =====                   =======         ======
           Init_Conditions         CB8E            main (main)
               calls direct
    -------------------------------------------------------------------------
<CODE> 1 (was CODE)
  Relative segment, address: CA02 - CA45 (0x44 bytes), align: 1
  Segment part 17.
           ENTRY                   ADDRESS         REF BY
           =====                   =======         ======
           Display_Process         CA02            main (main)
               calls direct
    -------------------------------------------------------------------------
<CODE> 1 (was CODE)
  Relative segment, address: C85A - C8C5 (0x6c bytes), align: 1
  Segment part 18.
           ENTRY                   ADDRESS         REF BY
           =====                   =======         ======
           Init_ADC                C85A            main (main)
    -------------------------------------------------------------------------
<CODE> 1 (was CODE)
  Relative segment, address: C8C6 - C915 (0x50 bytes), align: 1
  Segment part 19.
           ENTRY                   ADDRESS         REF BY
           =====                   =======         ======
           Init_Serial_UCA0        C8C6            main (main)
    -------------------------------------------------------------------------
<CODE> 1 (was CODE)
  Relative segment, address: C916 - C965 (0x50 bytes), align: 1
  Segment part 20.
           ENTRY                   ADDRESS         REF BY
           =====                   =======         ======
           Init_Serial_UCA1        C916            main (main)
    -------------------------------------------------------------------------
<CODE> 1 (was CODE)
  Relative segment, address: CC40 - CC4D (0xe bytes), align: 1
  Segment part 21.            Intra module refs:   recieve_A0
           ENTRY                   ADDRESS         REF BY
           =====                   =======         ======
           Transmit_UCA0           CC40            main (main)
    -------------------------------------------------------------------------
<CODE> 1 (was CODE)
  Relative segment, address: C6F4 - C771 (0x7e bytes), align: 1
  Segment part 23.
           ENTRY                   ADDRESS         REF BY
           =====                   =======         ======
           recieve_A0              C6F4            main (main)
               calls direct
    -------------------------------------------------------------------------
DATA16_C
  Relative segment, address: C200 - C204 (0x5 bytes), align: 0
  Segment part 15.            Intra module refs:   recieve_A0

    *************************************************************************

  FILE NAME : C:\Users\Paul\Documents\ECE 306\Project 7\Debug\Obj\interrupt_port.r43
  PROGRAM MODULE, NAME : interrupt_port

  SEGMENTS IN THE MODULE
  ======================
DATA16_AN
  Relative segment, address: 023A - 023B (0x2 bytes), align: 0
  Segment part 1. ROOT        Intra module refs:   Init_Port4 (ports)
                                                   switch_interrupt
                                                   timer_1_A1 (timers)
           ENTRY                   ADDRESS         REF BY
           =====                   =======         ======
           _A_PBIE_L               023A 
           LOCAL                   ADDRESS         
           =====                   =======         
           PBIE                    023A 
           PBIE_H                  023B 
           PBIE_L                  023A 
    -------------------------------------------------------------------------
DATA16_AN
  Relative segment, address: 023C - 023D (0x2 bytes), align: 0
  Segment part 2. ROOT        Intra module refs:   Init_Port4 (ports)
                                                   switch_interrupt
           ENTRY                   ADDRESS         REF BY
           =====                   =======         ======
           _A_PBIFG_L              023C 
           LOCAL                   ADDRESS         
           =====                   =======         
           PBIFG                   023C 
           PBIFG_H                 023D 
           PBIFG_L                 023C 
    -------------------------------------------------------------------------
DATA16_AN
  Relative segment, address: 0344 - 0345 (0x2 bytes), align: 0
  Segment part 3. ROOT        Intra module refs:   switch_interrupt
                                                   timer_1_A1 (timers)
           ENTRY                   ADDRESS         REF BY
           =====                   =======         ======
           TA0CCTL1                0344 
    -------------------------------------------------------------------------
DATA16_AN
  Relative segment, address: 0346 - 0347 (0x2 bytes), align: 0
  Segment part 4. ROOT        Intra module refs:   switch_interrupt
                                                   timer_1_A1 (timers)
           ENTRY                   ADDRESS         REF BY
           =====                   =======         ======
           TA0CCTL2                0346 
    -------------------------------------------------------------------------
DATA16_AN
  Relative segment, address: 0350 - 0351 (0x2 bytes), align: 0
  Segment part 5. ROOT        Intra module refs:   switch_interrupt
           ENTRY                   ADDRESS         REF BY
           =====                   =======         ======
           TA0R                    0350 
    -------------------------------------------------------------------------
DATA16_AN
  Relative segment, address: 0354 - 0355 (0x2 bytes), align: 0
  Segment part 6. ROOT        Intra module refs:   switch_interrupt
                                                   timer_1_A1 (timers)
           ENTRY                   ADDRESS         REF BY
           =====                   =======         ======
           TA0CCR1                 0354 
    -------------------------------------------------------------------------
DATA16_AN
  Relative segment, address: 0356 - 0357 (0x2 bytes), align: 0
  Segment part 7. ROOT        Intra module refs:   switch_interrupt
                                                   timer_1_A1 (timers)
           ENTRY                   ADDRESS         REF BY
           =====                   =======         ======
           TA0CCR2                 0356 
    -------------------------------------------------------------------------
ISR_CODE
  Relative segment, address: C298 - C2ED (0x56 bytes), align: 1
  Segment part 10.            Intra module refs:   switch_interrupt::??INTVEC 64
           ENTRY                   ADDRESS         REF BY
           =====                   =======         ======
           switch_interrupt        C298 
               interrupt function
    -------------------------------------------------------------------------
INTVEC
  Common segment, address: FF90 - FFD1 (0x42 bytes), align: 1
  Segment part 8. ROOT 
           ENTRY                   ADDRESS         REF BY
           =====                   =======         ======
           switch_interrupt::??INTVEC 64
                                   FFD0 

    *************************************************************************

  FILE NAME : C:\Users\Paul\Documents\ECE 306\Project 7\Debug\Obj\interrupt_serial.r43
  PROGRAM MODULE, NAME : interrupt_serial

  SEGMENTS IN THE MODULE
  ======================
DATA16_AN
  Relative segment, address: 05CC - 05CD (0x2 bytes), align: 0
  Segment part 1. ROOT        Intra module refs:   USCI_A0_ISR
           ENTRY                   ADDRESS         REF BY
           =====                   =======         ======
           _A_UCA0RXBUF_L          05CC 
           LOCAL                   ADDRESS         
           =====                   =======         
           UCA0RXBUF               05CC 
           UCA0RXBUF_H             05CD 
           UCA0RXBUF_L             05CC 
    -------------------------------------------------------------------------
DATA16_AN
  Relative segment, address: 05DE - 05DF (0x2 bytes), align: 0
  Segment part 2. ROOT        Intra module refs:   USCI_A0_ISR
           ENTRY                   ADDRESS         REF BY
           =====                   =======         ======
           UCA0IV                  05DE 
    -------------------------------------------------------------------------
DATA16_AN
  Relative segment, address: 05EC - 05ED (0x2 bytes), align: 0
  Segment part 3. ROOT        Intra module refs:   USCI_A1_ISR
           ENTRY                   ADDRESS         REF BY
           =====                   =======         ======
           _A_UCA1RXBUF_L          05EC 
           LOCAL                   ADDRESS         
           =====                   =======         
           UCA1RXBUF               05EC 
           UCA1RXBUF_H             05ED 
           UCA1RXBUF_L             05EC 
    -------------------------------------------------------------------------
DATA16_AN
  Relative segment, address: 05FE - 05FF (0x2 bytes), align: 0
  Segment part 4. ROOT        Intra module refs:   USCI_A1_ISR
           ENTRY                   ADDRESS         REF BY
           =====                   =======         ======
           UCA1IV                  05FE 
    -------------------------------------------------------------------------
ISR_CODE
  Relative segment, address: C2EE - C347 (0x5a bytes), align: 1
  Segment part 8.             Intra module refs:   USCI_A0_ISR::??INTVEC 96
           ENTRY                   ADDRESS         REF BY
           =====                   =======         ======
           USCI_A0_ISR             C2EE 
               interrupt function
    -------------------------------------------------------------------------
ISR_CODE
  Relative segment, address: C348 - C38B (0x44 bytes), align: 1
  Segment part 9.             Intra module refs:   USCI_A1_ISR::??INTVEC 86
           ENTRY                   ADDRESS         REF BY
           =====                   =======         ======
           USCI_A1_ISR             C348 
               interrupt function
    -------------------------------------------------------------------------
INTVEC
  Common segment, address: FF90 - FFE7 (0x58 bytes), align: 1
  Segment part 5. ROOT 
           ENTRY                   ADDRESS         REF BY
           =====                   =======         ======
           USCI_A1_ISR::??INTVEC 86
                                   FFE6 
    -------------------------------------------------------------------------
INTVEC
  Common segment, address: FF90 - FFF1 (0x62 bytes), align: 1
  Segment part 6. ROOT 
           ENTRY                   ADDRESS         REF BY
           =====                   =======         ======
           USCI_A0_ISR::??INTVEC 96
                                   FFF0 

    *************************************************************************

  FILE NAME : C:\Users\Paul\Documents\ECE 306\Project 7\LCD.r43
  PROGRAM MODULE, NAME : LCD

  SEGMENTS IN THE MODULE
  ======================
DATA16_AN
  Relative segment, address: 0202 - 0203 (0x2 bytes), align: 0
  Segment part 1. ROOT        Intra module refs:   Init_Port1 (ports)
                                                   Init_Port2 (ports)
                                                   spi_chipselect_active
                                                   spi_chipselect_idle
                                                   spi_reset_active
                                                   spi_reset_idle
           ENTRY                   ADDRESS         REF BY
           =====                   =======         ======
           _A_PAOUT_L              0202 
           LOCAL                   ADDRESS         
           =====                   =======         
           PAOUT                   0202 
           PAOUT_H                 0203 
           PAOUT_L                 0202 
    -------------------------------------------------------------------------
DATA16_AN
  Relative segment, address: 0640 - 0641 (0x2 bytes), align: 0
  Segment part 3. ROOT        Intra module refs:   Init_SPI_B0
           ENTRY                   ADDRESS         REF BY
           =====                   =======         ======
           _A_UCB0CTLW0_L          0640 
           LOCAL                   ADDRESS         
           =====                   =======         
           UCB0CTLW0               0640 
           UCB0CTLW0_H             0641 
           UCB0CTLW0_L             0640 
    -------------------------------------------------------------------------
DATA16_AN
  Relative segment, address: 0646 - 0647 (0x2 bytes), align: 0
  Segment part 4. ROOT        Intra module refs:   Init_SPI_B0
           ENTRY                   ADDRESS         REF BY
           =====                   =======         ======
           _A_UCB0BRW_L            0646 
           LOCAL                   ADDRESS         
           =====                   =======         
           UCB0BRW                 0646 
           UCB0BRW_H               0647 
           UCB0BRW_L               0646 
    -------------------------------------------------------------------------
DATA16_AN
  Relative segment, address: 064E - 064F (0x2 bytes), align: 0
  Segment part 5. ROOT        Intra module refs:   SPI_B0_write
           ENTRY                   ADDRESS         REF BY
           =====                   =======         ======
           _A_UCB0TXBUF_L          064E 
           LOCAL                   ADDRESS         
           =====                   =======         
           UCB0TXBUF               064E 
           UCB0TXBUF_H             064F 
           UCB0TXBUF_L             064E 
    -------------------------------------------------------------------------
DATA16_AN
  Relative segment, address: 066C - 066D (0x2 bytes), align: 0
  Segment part 6. ROOT        Intra module refs:   SPI_B0_write
           ENTRY                   ADDRESS         REF BY
           =====                   =======         ======
           _A_UCB0IFG_L            066C 
           LOCAL                   ADDRESS         
           =====                   =======         
           UCB0IFG                 066C 
           UCB0IFG_H               066D 
           UCB0IFG_L               066C 
    -------------------------------------------------------------------------
DATA16_Z
  Relative segment, address: 1C4E - 1C58 (0xb bytes), align: 0
  Segment part 10.
           ENTRY                   ADDRESS         REF BY
           =====                   =======         ======
           display_line_1          1C4E            Init_Conditions (init)
    -------------------------------------------------------------------------
DATA16_Z
  Relative segment, address: 1C59 - 1C63 (0xb bytes), align: 0
  Segment part 11.
           ENTRY                   ADDRESS         REF BY
           =====                   =======         ======
           display_line_2          1C59            Init_Conditions (init)
    -------------------------------------------------------------------------
DATA16_Z
  Relative segment, address: 1C64 - 1C6E (0xb bytes), align: 0
  Segment part 12.
           ENTRY                   ADDRESS         REF BY
           =====                   =======         ======
           display_line_3          1C64            Init_Conditions (init)
    -------------------------------------------------------------------------
DATA16_Z
  Relative segment, address: 1C6F - 1C79 (0xb bytes), align: 0
  Segment part 13.
           ENTRY                   ADDRESS         REF BY
           =====                   =======         ======
           display_line_4          1C6F            Init_Conditions (init)
    -------------------------------------------------------------------------
DATA16_Z
  Relative segment, address: 1C00 - 1C01 (0x2 bytes), align: 1
  Segment part 14.
           ENTRY                   ADDRESS         REF BY
           =====                   =======         ======
           display_1               1C00            Display_Process (init)
                                                   Init_Conditions (init)
                                                   main (main)
    -------------------------------------------------------------------------
DATA16_Z
  Relative segment, address: 1C02 - 1C03 (0x2 bytes), align: 1
  Segment part 15.
           ENTRY                   ADDRESS         REF BY
           =====                   =======         ======
           display_2               1C02            Display_Process (init)
                                                   Init_Conditions (init)
                                                   recieve_A0 (init)
    -------------------------------------------------------------------------
DATA16_Z
  Relative segment, address: 1C04 - 1C05 (0x2 bytes), align: 1
  Segment part 16.
           ENTRY                   ADDRESS         REF BY
           =====                   =======         ======
           display_3               1C04            Display_Process (init)
                                                   Init_Conditions (init)
    -------------------------------------------------------------------------
DATA16_Z
  Relative segment, address: 1C06 - 1C07 (0x2 bytes), align: 1
  Segment part 17.
           ENTRY                   ADDRESS         REF BY
           =====                   =======         ======
           display_4               1C06            Display_Process (init)
                                                   Init_Conditions (init)
    -------------------------------------------------------------------------
<CODE> 1 (was CODE)
  Relative segment, address: CBFC - CC0D (0x12 bytes), align: 1
  Segment part 22.            Intra module refs:   Init_LCD
                                                   WriteData
                                                   WriteIns
           ENTRY                   ADDRESS         REF BY
           =====                   =======         ======
           spi_chipselect_idle     CBFC 
    -------------------------------------------------------------------------
<CODE> 1 (was CODE)
  Relative segment, address: CC5A - CC65 (0xc bytes), align: 1
  Segment part 23.            Intra module refs:   WriteData
                                                   WriteIns
           ENTRY                   ADDRESS         REF BY
           =====                   =======         ======
           spi_chipselect_active   CC5A 
    -------------------------------------------------------------------------
<CODE> 1 (was CODE)
  Relative segment, address: CC72 - CC79 (0x8 bytes), align: 1
  Segment part 24.            Intra module refs:   Init_LCD
           ENTRY                   ADDRESS         REF BY
           =====                   =======         ======
           spi_reset_idle          CC72 
    -------------------------------------------------------------------------
<CODE> 1 (was CODE)
  Relative segment, address: CC7A - CC81 (0x8 bytes), align: 1
  Segment part 25.            Intra module refs:   Init_LCD
           ENTRY                   ADDRESS         REF BY
           =====                   =======         ======
           spi_reset_active        CC7A 
    -------------------------------------------------------------------------
<CODE> 1 (was CODE)
  Relative segment, address: C4A2 - C541 (0xa0 bytes), align: 1
  Segment part 32.
           ENTRY                   ADDRESS         REF BY
           =====                   =======         ======
           Init_LCD                C4A2            main (main)
               calls direct
    -------------------------------------------------------------------------
<CODE> 1 (was CODE)
  Relative segment, address: CB6A - CB8D (0x24 bytes), align: 1
  Segment part 36.
           ENTRY                   ADDRESS         REF BY
           =====                   =======         ======
           lcd_out                 CB6A            Display_Process (init)
                                                   main (main)
                                                   recieve_A0 (init)
               calls direct
    -------------------------------------------------------------------------
<CODE> 1 (was CODE)
  Relative segment, address: CB44 - CB69 (0x26 bytes), align: 1
  Segment part 27.            Intra module refs:   ClrDisplay
                                                   DisplayOnOff
                                                   Init_LCD
                                                   SetPostion
                                                   lcd_out
           ENTRY                   ADDRESS         REF BY
           =====                   =======         ======
           WriteIns                CB44 
               calls direct
    -------------------------------------------------------------------------
<CODE> 1 (was CODE)
  Relative segment, address: CB1E - CB43 (0x26 bytes), align: 1
  Segment part 35.            Intra module refs:   lcd_out
           ENTRY                   ADDRESS         REF BY
           =====                   =======         ======
           WriteData               CB1E 
               calls direct
    -------------------------------------------------------------------------
<CODE> 1 (was CODE)
  Relative segment, address: CC4E - CC59 (0xc bytes), align: 1
  Segment part 30.            Intra module refs:   Init_LCD
           ENTRY                   ADDRESS         REF BY
           =====                   =======         ======
           ClrDisplay              CC4E            Display_Process (init)
               calls direct
    -------------------------------------------------------------------------
<CODE> 1 (was CODE)
  Relative segment, address: CC0E - CC1F (0x12 bytes), align: 1
  Segment part 29.            Intra module refs:   ClrDisplay
           ENTRY                   ADDRESS         REF BY
           =====                   =======         ======
           SetPostion              CC0E 
               calls direct
    -------------------------------------------------------------------------
<CODE> 1 (was CODE)
  Relative segment, address: CC20 - CC2F (0x10 bytes), align: 1
  Segment part 28.            Intra module refs:   Init_LCD
           ENTRY                   ADDRESS         REF BY
           =====                   =======         ======
           DisplayOnOff            CC20 
               calls direct
    -------------------------------------------------------------------------
<CODE> 1 (was CODE)
  Relative segment, address: CA46 - CA83 (0x3e bytes), align: 1
  Segment part 31.            Intra module refs:   Init_LCD
           ENTRY                   ADDRESS         REF BY
           =====                   =======         ======
           Init_SPI_B0             CA46 
    -------------------------------------------------------------------------
<CODE> 1 (was CODE)
  Relative segment, address: CBAC - CBBF (0x14 bytes), align: 1
  Segment part 26.            Intra module refs:   WriteData
                                                   WriteIns
           ENTRY                   ADDRESS         REF BY
           =====                   =======         ======
           SPI_B0_write            CBAC 

    *************************************************************************

  FILE NAME : C:\Users\Paul\Documents\ECE 306\Project 7\Debug\Obj\main.r43
  PROGRAM MODULE, NAME : main

  SEGMENTS IN THE MODULE
  ======================
DATA16_Z
  Relative segment, address: 1C08 - 1C09 (0x2 bytes), align: 1
  Segment part 6.             Intra module refs:   main
           ENTRY                   ADDRESS         REF BY
           =====                   =======         ======
           Time_Sequence           1C08            five_msec_Delay (timers)
                                                   recieve_A0 (init)
                                                   timer_0_A0 (timers)
    -------------------------------------------------------------------------
DATA16_Z
  Relative segment, address: 1C7A - 1C7A (0x1 bytes), align: 0
  Segment part 10.            Intra module refs:   main
           ENTRY                   ADDRESS         REF BY
           =====                   =======         ======
           posL1                   1C7A            Display_Process (init)
    -------------------------------------------------------------------------
DATA16_Z
  Relative segment, address: 1C7B - 1C7B (0x1 bytes), align: 0
  Segment part 11.
           ENTRY                   ADDRESS         REF BY
           =====                   =======         ======
           posL2                   1C7B            Display_Process (init)
                                                   recieve_A0 (init)
    -------------------------------------------------------------------------
DATA16_Z
  Relative segment, address: 1C7C - 1C7C (0x1 bytes), align: 0
  Segment part 12.
           ENTRY                   ADDRESS         REF BY
           =====                   =======         ======
           posL3                   1C7C            Display_Process (init)
    -------------------------------------------------------------------------
DATA16_Z
  Relative segment, address: 1C7D - 1C7D (0x1 bytes), align: 0
  Segment part 13.
           ENTRY                   ADDRESS         REF BY
           =====                   =======         ======
           posL4                   1C7D            Display_Process (init)
    -------------------------------------------------------------------------
DATA16_Z
  Relative segment, address: 1C0A - 1C0B (0x2 bytes), align: 1
  Segment part 21.
           ENTRY                   ADDRESS         REF BY
           =====                   =======         ======
           SW1_Pressed             1C0A            switch_interrupt (interrupt_port)
                                                   timer_1_A1 (timers)
    -------------------------------------------------------------------------
DATA16_Z
  Relative segment, address: 1C0C - 1C0D (0x2 bytes), align: 1
  Segment part 22.
           ENTRY                   ADDRESS         REF BY
           =====                   =======         ======
           SW2_Pressed             1C0C            switch_interrupt (interrupt_port)
                                                   timer_1_A1 (timers)
    -------------------------------------------------------------------------
DATA16_Z
  Relative segment, address: 1C0E - 1C0F (0x2 bytes), align: 1
  Segment part 23.            Intra module refs:   main
           ENTRY                   ADDRESS         REF BY
           =====                   =======         ======
           pressed_SW1             1C0E            switch_interrupt (interrupt_port)
    -------------------------------------------------------------------------
DATA16_Z
  Relative segment, address: 1C10 - 1C11 (0x2 bytes), align: 1
  Segment part 24.
           ENTRY                   ADDRESS         REF BY
           =====                   =======         ======
           pressed_SW2             1C10            switch_interrupt (interrupt_port)
    -------------------------------------------------------------------------
DATA16_Z
  Relative segment, address: 1C12 - 1C13 (0x2 bytes), align: 1
  Segment part 26.
           ENTRY                   ADDRESS         REF BY
           =====                   =======         ======
           channel                 1C12            ADC10_ISR (adc)
    -------------------------------------------------------------------------
DATA16_Z
  Relative segment, address: 1C14 - 1C15 (0x2 bytes), align: 1
  Segment part 27.
           ENTRY                   ADDRESS         REF BY
           =====                   =======         ======
           ADC_Left_Detector       1C14            ADC10_ISR (adc)
    -------------------------------------------------------------------------
DATA16_Z
  Relative segment, address: 1C16 - 1C17 (0x2 bytes), align: 1
  Segment part 28.
           ENTRY                   ADDRESS         REF BY
           =====                   =======         ======
           ADC_Right_Detector      1C16            ADC10_ISR (adc)
    -------------------------------------------------------------------------
DATA16_Z
  Relative segment, address: 1C18 - 1C19 (0x2 bytes), align: 1
  Segment part 29.
           ENTRY                   ADDRESS         REF BY
           =====                   =======         ======
           ADC_Thumb               1C18            ADC10_ISR (adc)
    -------------------------------------------------------------------------
DATA16_Z
  Relative segment, address: 1C1A - 1C1B (0x2 bytes), align: 1
  Segment part 30.
           ENTRY                   ADDRESS         REF BY
           =====                   =======         ======
           time                    1C1A            five_msec_Delay (timers)
    -------------------------------------------------------------------------
DATA16_Z
  Relative segment, address: 1C1C - 1C1D (0x2 bytes), align: 1
  Segment part 31.
           ENTRY                   ADDRESS         REF BY
           =====                   =======         ======
           right_forward_rate      1C1C            Init_Timer_B1 (timers)
    -------------------------------------------------------------------------
DATA16_Z
  Relative segment, address: 1C1E - 1C1F (0x2 bytes), align: 1
  Segment part 32.
           ENTRY                   ADDRESS         REF BY
           =====                   =======         ======
           left_forward_rate       1C1E            Init_Timer_B1 (timers)
    -------------------------------------------------------------------------
DATA16_Z
  Relative segment, address: 1C20 - 1C21 (0x2 bytes), align: 1
  Segment part 33.
           ENTRY                   ADDRESS         REF BY
           =====                   =======         ======
           right_reverse_rate      1C20            Init_Timer_B2 (timers)
    -------------------------------------------------------------------------
DATA16_Z
  Relative segment, address: 1C22 - 1C23 (0x2 bytes), align: 1
  Segment part 34.
           ENTRY                   ADDRESS         REF BY
           =====                   =======         ======
           left_reverse_rate       1C22            Init_Timer_B2 (timers)
    -------------------------------------------------------------------------
DATA16_Z
  Relative segment, address: 1C7E - 1C82 (0x5 bytes), align: 0
  Segment part 37.
           ENTRY                   ADDRESS         REF BY
           =====                   =======         ======
           adc_char                1C7E            HEXtoBCD (hex_to_bcd)
                                                   recieve_A0 (init)
    -------------------------------------------------------------------------
DATA16_Z
  Relative segment, address: 1C83 - 1C8D (0xb bytes), align: 0
  Segment part 38.
           ENTRY                   ADDRESS         REF BY
           =====                   =======         ======
           USB_Char_Rx             1C83            Init_Serial_UCA0 (init)
                                                   Init_Serial_UCA1 (init)
                                                   USCI_A0_ISR (interrupt_serial)
                                                   USCI_A1_ISR (interrupt_serial)
                                                   recieve_A0 (init)
    -------------------------------------------------------------------------
DATA16_Z
  Relative segment, address: 1C8E - 1C98 (0xb bytes), align: 0
  Segment part 39.
           ENTRY                   ADDRESS         REF BY
           =====                   =======         ======
           USB_Char_Tx             1C8E            Init_Serial_UCA0 (init)
                                                   Init_Serial_UCA1 (init)
    -------------------------------------------------------------------------
DATA16_Z
  Relative segment, address: 1C24 - 1C25 (0x2 bytes), align: 1
  Segment part 43.
           ENTRY                   ADDRESS         REF BY
           =====                   =======         ======
           usb_tx_ring_wr          1C24            Init_Serial_UCA0 (init)
                                                   Init_Serial_UCA1 (init)
    -------------------------------------------------------------------------
DATA16_Z
  Relative segment, address: 1C26 - 1C27 (0x2 bytes), align: 1
  Segment part 44.
           ENTRY                   ADDRESS         REF BY
           =====                   =======         ======
           usb_rx_ring_wr          1C26            Init_Serial_UCA0 (init)
                                                   Init_Serial_UCA1 (init)
                                                   USCI_A0_ISR (interrupt_serial)
                                                   USCI_A1_ISR (interrupt_serial)
                                                   recieve_A0 (init)
    -------------------------------------------------------------------------
DATA16_Z
  Relative segment, address: 1C28 - 1C29 (0x2 bytes), align: 1
  Segment part 45.
           ENTRY                   ADDRESS         REF BY
           =====                   =======         ======
           usb_rx_ring_rd          1C28            Init_Serial_UCA0 (init)
                                                   Init_Serial_UCA1 (init)
                                                   recieve_A0 (init)
    -------------------------------------------------------------------------
DATA16_Z
  Relative segment, address: 1C2A - 1C2B (0x2 bytes), align: 1
  Segment part 46.
           ENTRY                   ADDRESS         REF BY
           =====                   =======         ======
           usb_tx_ring_rd          1C2A            Init_Serial_UCA0 (init)
                                                   Init_Serial_UCA1 (init)
    -------------------------------------------------------------------------
DATA16_Z
  Relative segment, address: 1C2C - 1C2D (0x2 bytes), align: 1
  Segment part 47.
           ENTRY                   ADDRESS         REF BY
           =====                   =======         ======
           temp                    1C2C            USCI_A0_ISR (interrupt_serial)
    -------------------------------------------------------------------------
DATA16_Z
  Relative segment, address: 1C2E - 1C2F (0x2 bytes), align: 1
  Segment part 48.
           ENTRY                   ADDRESS         REF BY
           =====                   =======         ======
           hereNull                1C2E            USCI_A0_ISR (interrupt_serial)
    -------------------------------------------------------------------------
DATA16_Z
  Relative segment, address: 1C30 - 1C31 (0x2 bytes), align: 1
  Segment part 49.
           ENTRY                   ADDRESS         REF BY
           =====                   =======         ======
           hereNullsec             1C30            USCI_A1_ISR (interrupt_serial)
    -------------------------------------------------------------------------
DATA16_Z
  Relative segment, address: 1C32 - 1C33 (0x2 bytes), align: 1
  Segment part 50.
           ENTRY                   ADDRESS         REF BY
           =====                   =======         ======
           display_delay           1C32            timer_0_A0 (timers)
    -------------------------------------------------------------------------
DATA16_Z
  Relative segment, address: 1C34 - 1C35 (0x2 bytes), align: 1
  Segment part 51.
           ENTRY                   ADDRESS         REF BY
           =====                   =======         ======
           character_Recieved      1C34            USCI_A0_ISR (interrupt_serial)
    -------------------------------------------------------------------------
DATA16_Z
  Relative segment, address: 1C36 - 1C4B (0x16 bytes), align: 1
  Segment part 52.
           ENTRY                   ADDRESS         REF BY
           =====                   =======         ======
           trans_recieve_wait      1C36            USCI_A0_ISR (interrupt_serial)
                                                   recieve_A0 (init)
    -------------------------------------------------------------------------
DATA16_Z
  Relative segment, address: 1C4C - 1C4D (0x2 bytes), align: 1
  Segment part 53.
           ENTRY                   ADDRESS         REF BY
           =====                   =======         ======
           time_delay              1C4C            USCI_A0_ISR (interrupt_serial)
                                                   timer_0_A0 (timers)
    -------------------------------------------------------------------------
<CODE> 1 (was CODE)
  Relative segment, address: C676 - C6F3 (0x7e bytes), align: 1
  Segment part 54.
           ENTRY                   ADDRESS         REF BY
           =====                   =======         ======
           main                    C676            Segment part 26 (?cstart)
               calls direct
    -------------------------------------------------------------------------
DATA16_C
  Relative segment, address: C205 - C209 (0x5 bytes), align: 0
  Segment part 3.             Intra module refs:   main
    -------------------------------------------------------------------------
DATA16_C
  Relative segment, address: C20A - C20E (0x5 bytes), align: 0
  Segment part 4.             Intra module refs:   main

    *************************************************************************

  FILE NAME : C:\Users\Paul\Documents\ECE 306\Project 7\Debug\Obj\ports.r43
  PROGRAM MODULE, NAME : ports

  SEGMENTS IN THE MODULE
  ======================
DATA16_AN
  Relative segment, address: 0204 - 0205 (0x2 bytes), align: 0
  Segment part 2. ROOT        Intra module refs:   Init_Port1
                                                   Init_Port2
           ENTRY                   ADDRESS         REF BY
           =====                   =======         ======
           _A_PADIR_L              0204 
           LOCAL                   ADDRESS         
           =====                   =======         
           PADIR                   0204 
           PADIR_H                 0205 
           PADIR_L                 0204 
    -------------------------------------------------------------------------
DATA16_AN
  Relative segment, address: 0206 - 0207 (0x2 bytes), align: 0
  Segment part 3. ROOT        Intra module refs:   Init_Port1
                                                   Init_Port2
           ENTRY                   ADDRESS         REF BY
           =====                   =======         ======
           _A_PAREN_L              0206 
           LOCAL                   ADDRESS         
           =====                   =======         
           PAREN                   0206 
           PAREN_H                 0207 
           PAREN_L                 0206 
    -------------------------------------------------------------------------
DATA16_AN
  Relative segment, address: 020A - 020B (0x2 bytes), align: 0
  Segment part 4. ROOT        Intra module refs:   Init_Port1
                                                   Init_Port2
           ENTRY                   ADDRESS         REF BY
           =====                   =======         ======
           _A_PASEL0_L             020A 
           LOCAL                   ADDRESS         
           =====                   =======         
           PASEL0                  020A 
           PASEL0_H                020B 
           PASEL0_L                020A 
    -------------------------------------------------------------------------
DATA16_AN
  Relative segment, address: 020C - 020D (0x2 bytes), align: 0
  Segment part 5. ROOT        Intra module refs:   Init_Port1
                                                   Init_Port2
           ENTRY                   ADDRESS         REF BY
           =====                   =======         ======
           _A_PASEL1_L             020C 
           LOCAL                   ADDRESS         
           =====                   =======         
           PASEL1                  020C 
           PASEL1_H                020D 
           PASEL1_L                020C 
    -------------------------------------------------------------------------
DATA16_AN
  Relative segment, address: 0224 - 0225 (0x2 bytes), align: 0
  Segment part 7. ROOT        Intra module refs:   Init_Port3
                                                   Init_Port4
           ENTRY                   ADDRESS         REF BY
           =====                   =======         ======
           _A_PBDIR_L              0224 
           LOCAL                   ADDRESS         
           =====                   =======         
           PBDIR                   0224 
           PBDIR_H                 0225 
           PBDIR_L                 0224 
    -------------------------------------------------------------------------
DATA16_AN
  Relative segment, address: 0226 - 0227 (0x2 bytes), align: 0
  Segment part 8. ROOT        Intra module refs:   Init_Port3
                                                   Init_Port4
           ENTRY                   ADDRESS         REF BY
           =====                   =======         ======
           _A_PBREN_L              0226 
           LOCAL                   ADDRESS         
           =====                   =======         
           PBREN                   0226 
           PBREN_H                 0227 
           PBREN_L                 0226 
    -------------------------------------------------------------------------
DATA16_AN
  Relative segment, address: 022A - 022B (0x2 bytes), align: 0
  Segment part 9. ROOT        Intra module refs:   Init_Port3
                                                   Init_Port4
           ENTRY                   ADDRESS         REF BY
           =====                   =======         ======
           _A_PBSEL0_L             022A 
           LOCAL                   ADDRESS         
           =====                   =======         
           PBSEL0                  022A 
           PBSEL0_H                022B 
           PBSEL0_L                022A 
    -------------------------------------------------------------------------
DATA16_AN
  Relative segment, address: 022C - 022D (0x2 bytes), align: 0
  Segment part 10. ROOT       Intra module refs:   Init_Port3
                                                   Init_Port4
           ENTRY                   ADDRESS         REF BY
           =====                   =======         ======
           _A_PBSEL1_L             022C 
           LOCAL                   ADDRESS         
           =====                   =======         
           PBSEL1                  022C 
           PBSEL1_H                022D 
           PBSEL1_L                022C 
    -------------------------------------------------------------------------
DATA16_AN
  Relative segment, address: 0238 - 0239 (0x2 bytes), align: 0
  Segment part 11. ROOT       Intra module refs:   Init_Port4
           ENTRY                   ADDRESS         REF BY
           =====                   =======         ======
           _A_PBIES_L              0238 
           LOCAL                   ADDRESS         
           =====                   =======         
           PBIES                   0238 
           PBIES_H                 0239 
           PBIES_L                 0238 
    -------------------------------------------------------------------------
DATA16_AN
  Relative segment, address: 0322 - 0323 (0x2 bytes), align: 0
  Segment part 14. ROOT       Intra module refs:   Init_PortJ
           ENTRY                   ADDRESS         REF BY
           =====                   =======         ======
           _A_PJOUT_L              0322 
           LOCAL                   ADDRESS         
           =====                   =======         
           PJOUT                   0322 
           PJOUT_H                 0323 
           PJOUT_L                 0322 
    -------------------------------------------------------------------------
DATA16_AN
  Relative segment, address: 0324 - 0325 (0x2 bytes), align: 0
  Segment part 15. ROOT       Intra module refs:   Init_PortJ
           ENTRY                   ADDRESS         REF BY
           =====                   =======         ======
           _A_PJDIR_L              0324 
           LOCAL                   ADDRESS         
           =====                   =======         
           PJDIR                   0324 
           PJDIR_H                 0325 
           PJDIR_L                 0324 
    -------------------------------------------------------------------------
DATA16_AN
  Relative segment, address: 032A - 032B (0x2 bytes), align: 0
  Segment part 16. ROOT       Intra module refs:   Init_PortJ
           ENTRY                   ADDRESS         REF BY
           =====                   =======         ======
           _A_PJSEL0_L             032A 
           LOCAL                   ADDRESS         
           =====                   =======         
           PJSEL0                  032A 
           PJSEL0_H                032B 
           PJSEL0_L                032A 
    -------------------------------------------------------------------------
DATA16_AN
  Relative segment, address: 032C - 032D (0x2 bytes), align: 0
  Segment part 17. ROOT       Intra module refs:   Init_PortJ
           ENTRY                   ADDRESS         REF BY
           =====                   =======         ======
           _A_PJSEL1_L             032C 
           LOCAL                   ADDRESS         
           =====                   =======         
           PJSEL1                  032C 
           PJSEL1_H                032D 
           PJSEL1_L                032C 
    -------------------------------------------------------------------------
<CODE> 1 (was CODE)
  Relative segment, address: CBC0 - CBD3 (0x14 bytes), align: 1
  Segment part 24.
           ENTRY                   ADDRESS         REF BY
           =====                   =======         ======
           Init_Ports              CBC0            main (main)
               calls direct
    -------------------------------------------------------------------------
<CODE> 1 (was CODE)
  Relative segment, address: C542 - C5DF (0x9e bytes), align: 1
  Segment part 23.            Intra module refs:   Init_Ports
           ENTRY                   ADDRESS         REF BY
           =====                   =======         ======
           Init_Port1              C542 
    -------------------------------------------------------------------------
<CODE> 1 (was CODE)
  Relative segment, address: C3E6 - C4A1 (0xbc bytes), align: 1
  Segment part 22.            Intra module refs:   Init_Ports
           ENTRY                   ADDRESS         REF BY
           =====                   =======         ======
           Init_Port2              C3E6 
    -------------------------------------------------------------------------
<CODE> 1 (was CODE)
  Relative segment, address: C5E0 - C675 (0x96 bytes), align: 1
  Segment part 21.            Intra module refs:   Init_Ports
           ENTRY                   ADDRESS         REF BY
           =====                   =======         ======
           Init_Port3              C5E0 
    -------------------------------------------------------------------------
<CODE> 1 (was CODE)
  Relative segment, address: C9B4 - CA01 (0x4e bytes), align: 1
  Segment part 20.            Intra module refs:   Init_Ports
           ENTRY                   ADDRESS         REF BY
           =====                   =======         ======
           Init_Port4              C9B4 
    -------------------------------------------------------------------------
<CODE> 1 (was CODE)
  Relative segment, address: C966 - C9B3 (0x4e bytes), align: 1
  Segment part 19.            Intra module refs:   Init_Ports
           ENTRY                   ADDRESS         REF BY
           =====                   =======         ======
           Init_PortJ              C966 

    *************************************************************************

  FILE NAME : C:\Users\Paul\Documents\ECE 306\Project 7\Debug\Obj\switch.r43
    *************************************************************************

  FILE NAME : C:\Users\Paul\Documents\ECE 306\Project 7\Debug\Obj\system.r43
  PROGRAM MODULE, NAME : system

  SEGMENTS IN THE MODULE
  ======================
<CODE> 1 (was CODE)
  Relative segment, address: CC82 - CC87 (0x6 bytes), align: 1
  Segment part 2.
           ENTRY                   ADDRESS         REF BY
           =====                   =======         ======
           enable_interrupts       CC82            Init_Conditions (init)

    *************************************************************************

  FILE NAME : C:\Users\Paul\Documents\ECE 306\Project 7\Debug\Obj\timers.r43
  PROGRAM MODULE, NAME : timers

  SEGMENTS IN THE MODULE
  ======================
DATA16_AN
  Relative segment, address: 0340 - 0341 (0x2 bytes), align: 0
  Segment part 2. ROOT        Intra module refs:   Init_Timer_A0
           ENTRY                   ADDRESS         REF BY
           =====                   =======         ======
           TA0CTL                  0340 
    -------------------------------------------------------------------------
DATA16_AN
  Relative segment, address: 0342 - 0343 (0x2 bytes), align: 0
  Segment part 3. ROOT        Intra module refs:   Init_Timer_A0
           ENTRY                   ADDRESS         REF BY
           =====                   =======         ======
           TA0CCTL0                0342 
    -------------------------------------------------------------------------
DATA16_AN
  Relative segment, address: 0352 - 0353 (0x2 bytes), align: 0
  Segment part 6. ROOT        Intra module refs:   Init_Timer_A0
                                                   timer_0_A0
           ENTRY                   ADDRESS         REF BY
           =====                   =======         ======
           TA0CCR0                 0352 
    -------------------------------------------------------------------------
DATA16_AN
  Relative segment, address: 036E - 036F (0x2 bytes), align: 0
  Segment part 9. ROOT        Intra module refs:   timer_1_A1
           ENTRY                   ADDRESS         REF BY
           =====                   =======         ======
           TA0IV                   036E 
    -------------------------------------------------------------------------
DATA16_AN
  Relative segment, address: 0360 - 0361 (0x2 bytes), align: 0
  Segment part 10. ROOT       Intra module refs:   Init_Timer_A0
           ENTRY                   ADDRESS         REF BY
           =====                   =======         ======
           TA0EX0                  0360 
    -------------------------------------------------------------------------
DATA16_AN
  Relative segment, address: 0400 - 0401 (0x2 bytes), align: 0
  Segment part 11. ROOT       Intra module refs:   Init_Timer_B1
           ENTRY                   ADDRESS         REF BY
           =====                   =======         ======
           TB1CTL                  0400 
    -------------------------------------------------------------------------
DATA16_AN
  Relative segment, address: 0404 - 0405 (0x2 bytes), align: 0
  Segment part 12. ROOT       Intra module refs:   Init_Timer_B1
           ENTRY                   ADDRESS         REF BY
           =====                   =======         ======
           TB1CCTL1                0404 
    -------------------------------------------------------------------------
DATA16_AN
  Relative segment, address: 0406 - 0407 (0x2 bytes), align: 0
  Segment part 13. ROOT       Intra module refs:   Init_Timer_B1
           ENTRY                   ADDRESS         REF BY
           =====                   =======         ======
           TB1CCTL2                0406 
    -------------------------------------------------------------------------
DATA16_AN
  Relative segment, address: 0412 - 0413 (0x2 bytes), align: 0
  Segment part 14. ROOT       Intra module refs:   Init_Timer_B1
           ENTRY                   ADDRESS         REF BY
           =====                   =======         ======
           TB1CCR0                 0412 
    -------------------------------------------------------------------------
DATA16_AN
  Relative segment, address: 0414 - 0415 (0x2 bytes), align: 0
  Segment part 15. ROOT       Intra module refs:   Init_Timer_B1
           ENTRY                   ADDRESS         REF BY
           =====                   =======         ======
           TB1CCR1                 0414 
    -------------------------------------------------------------------------
DATA16_AN
  Relative segment, address: 0416 - 0417 (0x2 bytes), align: 0
  Segment part 16. ROOT       Intra module refs:   Init_Timer_B1
           ENTRY                   ADDRESS         REF BY
           =====                   =======         ======
           TB1CCR2                 0416 
    -------------------------------------------------------------------------
DATA16_AN
  Relative segment, address: 0440 - 0441 (0x2 bytes), align: 0
  Segment part 17. ROOT       Intra module refs:   Init_Timer_B2
           ENTRY                   ADDRESS         REF BY
           =====                   =======         ======
           TB2CTL                  0440 
    -------------------------------------------------------------------------
DATA16_AN
  Relative segment, address: 0444 - 0445 (0x2 bytes), align: 0
  Segment part 18. ROOT       Intra module refs:   Init_Timer_B2
           ENTRY                   ADDRESS         REF BY
           =====                   =======         ======
           TB2CCTL1                0444 
    -------------------------------------------------------------------------
DATA16_AN
  Relative segment, address: 0446 - 0447 (0x2 bytes), align: 0
  Segment part 19. ROOT       Intra module refs:   Init_Timer_B2
           ENTRY                   ADDRESS         REF BY
           =====                   =======         ======
           TB2CCTL2                0446 
    -------------------------------------------------------------------------
DATA16_AN
  Relative segment, address: 0452 - 0453 (0x2 bytes), align: 0
  Segment part 20. ROOT       Intra module refs:   Init_Timer_B2
           ENTRY                   ADDRESS         REF BY
           =====                   =======         ======
           TB2CCR0                 0452 
    -------------------------------------------------------------------------
DATA16_AN
  Relative segment, address: 0454 - 0455 (0x2 bytes), align: 0
  Segment part 21. ROOT       Intra module refs:   Init_Timer_B2
           ENTRY                   ADDRESS         REF BY
           =====                   =======         ======
           TB2CCR1                 0454 
    -------------------------------------------------------------------------
DATA16_AN
  Relative segment, address: 0456 - 0457 (0x2 bytes), align: 0
  Segment part 22. ROOT       Intra module refs:   Init_Timer_B2
           ENTRY                   ADDRESS         REF BY
           =====                   =======         ======
           TB2CCR2                 0456 
    -------------------------------------------------------------------------
<CODE> 1 (was CODE)
  Relative segment, address: CC66 - CC71 (0xc bytes), align: 1
  Segment part 29.
           ENTRY                   ADDRESS         REF BY
           =====                   =======         ======
           Init_Timers             CC66            main (main)
               calls direct
    -------------------------------------------------------------------------
<CODE> 1 (was CODE)
  Relative segment, address: CBE8 - CBFB (0x14 bytes), align: 1
  Segment part 30.
           ENTRY                   ADDRESS         REF BY
           =====                   =======         ======
           five_msec_Delay         CBE8            main (main)
    -------------------------------------------------------------------------
<CODE> 1 (was CODE)
  Relative segment, address: CAEC - CB1D (0x32 bytes), align: 1
  Segment part 28.            Intra module refs:   Init_Timers
           ENTRY                   ADDRESS         REF BY
           =====                   =======         ======
           Init_Timer_A0           CAEC 
    -------------------------------------------------------------------------
ISR_CODE
  Relative segment, address: C38C - C39F (0x14 bytes), align: 1
  Segment part 31.            Intra module refs:   timer_0_A0::??INTVEC 90
           ENTRY                   ADDRESS         REF BY
           =====                   =======         ======
           timer_0_A0              C38C 
               interrupt function
    -------------------------------------------------------------------------
ISR_CODE
  Relative segment, address: C3A0 - C3E5 (0x46 bytes), align: 1
  Segment part 32.            Intra module refs:   timer_1_A1::??INTVEC 88
           ENTRY                   ADDRESS         REF BY
           =====                   =======         ======
           timer_1_A1              C3A0 
               interrupt function
    -------------------------------------------------------------------------
<CODE> 1 (was CODE)
  Relative segment, address: CA84 - CAB7 (0x34 bytes), align: 1
  Segment part 27.            Intra module refs:   Init_Timers
           ENTRY                   ADDRESS         REF BY
           =====                   =======         ======
           Init_Timer_B1           CA84 
    -------------------------------------------------------------------------
<CODE> 1 (was CODE)
  Relative segment, address: CAB8 - CAEB (0x34 bytes), align: 1
  Segment part 26.            Intra module refs:   Init_Timers
           ENTRY                   ADDRESS         REF BY
           =====                   =======         ======
           Init_Timer_B2           CAB8 
    -------------------------------------------------------------------------
INTVEC
  Common segment, address: FF90 - FFE9 (0x5a bytes), align: 1
  Segment part 23. ROOT 
           ENTRY                   ADDRESS         REF BY
           =====                   =======         ======
           timer_1_A1::??INTVEC 88
                                   FFE8 
    -------------------------------------------------------------------------
INTVEC
  Common segment, address: FF90 - FFEB (0x5c bytes), align: 1
  Segment part 24. ROOT 
           ENTRY                   ADDRESS         REF BY
           =====                   =======         ======
           timer_0_A0::??INTVEC 90
                                   FFEA 

    *************************************************************************

  FILE NAME : C:\Program Files (x86)\IAR Systems\Embedded Workbench 7.4\430\lib\dlib\dl430xlsfn.r43
  LIBRARY MODULE, NAME : ?__dbg_break

  SEGMENTS IN THE MODULE
  ======================
<CODE> 1 (was CODE)
  Relative segment, address: CC90 - CC91 (0x2 bytes), align: 1
  Segment part 2.
           ENTRY                   ADDRESS         REF BY
           =====                   =======         ======
           __DebugBreak            CC90            __exit (?__exit)

    -------------------------------------------------------------------------
  LIBRARY MODULE, NAME : ?__exit

  SEGMENTS IN THE MODULE
  ======================
<CODE> 1 (was CODE)
  Relative segment, address: CBD4 - CBE7 (0x14 bytes), align: 1
  Segment part 2.
           ENTRY                   ADDRESS         REF BY
           =====                   =======         ======
           __exit                  CBD4            Segment part 6 (?_exit)
                                                   _exit (?_exit)
               calls direct

    -------------------------------------------------------------------------
  LIBRARY MODULE, NAME : ?_exit

  SEGMENTS IN THE MODULE
  ======================
<CODE> 1 (was CODE)
  Relative segment, address: CC8C, align: 1
  Segment part 0.
           ENTRY                   ADDRESS         REF BY
           =====                   =======         ======
           _exit                   CC8C            exit (?exit)
    -------------------------------------------------------------------------
<CODE> 1 (was CODE)
  Relative segment, address: CC8C - CC8F (0x4 bytes), align: 1
  Segment part 6.             Intra module refs:   _exit

    -------------------------------------------------------------------------
  LIBRARY MODULE, NAME : ?cstart

  SEGMENTS IN THE MODULE
  ======================
CSTACK
  Relative segment, address: 1F60, align: 1
  Segment part 1.
    -------------------------------------------------------------------------
DATA16_Z
  Relative segment, address: 1C4E, align: 1
  Segment part 2.
    -------------------------------------------------------------------------
CODE_I
  Relative segment, address: 1C9A, align: 1
  Segment part 5.
    -------------------------------------------------------------------------
CODE_ID
  Relative segment, address: C3E6, align: 1
  Segment part 6.
    -------------------------------------------------------------------------
DATA20_Z
  Relative segment, address: 1C9A, align: 1
  Segment part 7.
    -------------------------------------------------------------------------
DATA20_I
  Relative segment, address: 1C9A, align: 1
  Segment part 8.
    -------------------------------------------------------------------------
DATA20_ID
  Relative segment, address: C210, align: 1
  Segment part 9.
    -------------------------------------------------------------------------
DATA20_C
  Relative segment, address: C210, align: 1
  Segment part 10.
    -------------------------------------------------------------------------
DATA20_N
  Relative segment, address: 1C9A, align: 1
  Segment part 12.
    -------------------------------------------------------------------------
CSTART
  Relative segment, address: C210 - C213 (0x4 bytes), align: 1
  Segment part 15.
           ENTRY                   ADDRESS         REF BY
           =====                   =======         ======
           __program_start         C210            ?reset_vector (?reset_vector)
                                                   Absolute parts (?ABS_ENTRY_MOD)
           ?cstart_begin           C210 
    -------------------------------------------------------------------------
CSTART
  Relative segment, address: C214 - C21F (0xc bytes), align: 1
  Segment part 19.
           ENTRY                   ADDRESS         REF BY
           =====                   =======         ======
           ?cstart_init_zero       C214            ADC_Left_Detector (main)
                                                   ADC_Right_Detector (main)
                                                   ADC_Thumb (main)
                                                   SW1_Pressed (main)
                                                   SW2_Pressed (main)
                                                   Time_Sequence (main)
                                                   USB_Char_Rx (main)
                                                   USB_Char_Tx (main)
                                                   adc_char (main)
                                                   channel (main)
                                                   character_Recieved (main)
                                                   display_1 (LCD)
                                                   display_2 (LCD)
                                                   display_3 (LCD)
                                                   display_4 (LCD)
                                                   display_delay (main)
                                                   display_line_1 (LCD)
                                                   display_line_2 (LCD)
                                                   display_line_3 (LCD)
                                                   display_line_4 (LCD)
                                                   hereNull (main)
                                                   hereNullsec (main)
                                                   left_forward_rate (main)
                                                   left_reverse_rate (main)
                                                   posL1 (main)
                                                   posL2 (main)
                                                   posL3 (main)
                                                   posL4 (main)
                                                   pressed_SW1 (main)
                                                   pressed_SW2 (main)
                                                   right_forward_rate (main)
                                                   right_reverse_rate (main)
                                                   temp (main)
                                                   time (main)
                                                   time_delay (main)
                                                   trans_recieve_wait (main)
                                                   usb_rx_ring_rd (main)
                                                   usb_rx_ring_wr (main)
                                                   usb_tx_ring_rd (main)
                                                   usb_tx_ring_wr (main)
    -------------------------------------------------------------------------
CSTART
  Relative segment, address: C220 - C227 (0x8 bytes), align: 1
  Segment part 26.            Intra module refs:   Segment part 15
           ENTRY                   ADDRESS         REF BY
           =====                   =======         ======
           ?cstart_call_main       C220 
           ?cstart_end             C228 
    -------------------------------------------------------------------------
CODE_ID
  Relative segment, address: C3E6, align: 1
  Segment part 27.            Intra module refs:   Segment part 5

    -------------------------------------------------------------------------
  LIBRARY MODULE, NAME : ?reset_vector

  SEGMENTS IN THE MODULE
  ======================
RESET
  Relative segment, address: FFFE - FFFF (0x2 bytes), align: 1
  Segment part 0.
           ENTRY                   ADDRESS         REF BY
           =====                   =======         ======
           ?reset_vector           FFFE            Segment part 15 (?cstart)

    -------------------------------------------------------------------------
  LIBRARY MODULE, NAME : ?exit

  SEGMENTS IN THE MODULE
  ======================
<CODE> 1 (was CODE)
  Relative segment, address: CC88 - CC8B (0x4 bytes), align: 1
  Segment part 2.
           ENTRY                   ADDRESS         REF BY
           =====                   =======         ======
           exit                    CC88            Segment part 26 (?cstart)
               calls direct

    -------------------------------------------------------------------------
  LIBRARY MODULE, NAME : ?memzero

  SEGMENTS IN THE MODULE
  ======================
<CODE> 1 (was CODE)
  Relative segment, address: CC30 - CC3F (0x10 bytes), align: 1
  Segment part 2.
           ENTRY                   ADDRESS         REF BY
           =====                   =======         ======
           __data16_memzero        CC30            ?cstart_init_zero (?cstart)




                ****************************************
                *                                      *
                *      SEGMENTS IN ADDRESS ORDER       *
                *                                      *
                ****************************************


SEGMENT              SPACE    START ADDRESS   END ADDRESS     SIZE  TYPE  ALIGN
=======              =====    =============   ===========     ====  ====  =====
DATA16_AN                              015C - 015D               2   rel    0
                                       0160 - 0169               A 
                                       0202 - 0207               6 
                                       020A - 020D               4 
                                       0222 - 0227               6 
                                       022A - 022D               4 
                                       0238 - 023D               6 
                                       0322 - 0325               4 
                                       032A - 032D               4 
                                       0340 - 0347               8 
                                       0350 - 0357               8 
                                       0360 - 0361               2 
                                       036E - 036F               2 
                                       0400 - 0401               2 
                                       0404 - 0407               4 
                                       0412 - 0417               6 
                                       0440 - 0441               2 
                                       0444 - 0447               4 
                                       0452 - 0457               6 
                                       05C0 - 05C1               2 
                                       05C6 - 05CA               5 
                                       05CC - 05CF               4 
                                       05DA - 05DB               2 
                                       05DE - 05DF               2 
                                       05EA - 05EA               1 
                                       05EC - 05EF               4 
                                       05FE - 05FF               2 
                                       0640 - 0641               2 
                                       0646 - 0647               2 
                                       064E - 064F               2 
                                       066C - 066D               2 
                                       0700 - 0705               6 
                                       070A - 070B               2 
                                       0712 - 0713               2 
                                       071A - 071B               2 
                                       071E - 071F               2 
DATA16_I                                  1C00                       dse    0
DATA16_Z                               1C00 - 1C98              99   rel    1
DATA20_I                                  1C9A                       rel    1
DATA20_Z                                  1C9A                       rel    1
DATA20_N                                  1C9A                       rel    1
CODE_I                                    1C9A                       rel    1
CSTACK                                 1F60 - 1FFF              A0   rel    1
DATA16_C                               C200 - C20E               F   rel    0
DATA20_ID                                 C210                       rel    1
DATA20_C                                  C210                       rel    1
CSTART                                 C210 - C227              18   rel    1
ISR_CODE                               C228 - C3E5             1BE   rel    1
CODE_ID                                   C3E6                       rel    1
<CODE> 1                               C3E6 - CC91             8AC   rel    1
INTVEC                                 FF90 - FFF1              62   com    1
RESET                                  FFFE - FFFF               2   rel    1

                ****************************************
                *                                      *
                *        END OF CROSS REFERENCE        *
                *                                      *
                ****************************************

 2 790 bytes of CODE  memory
   313 bytes of DATA  memory (+ 134 absolute )
    15 bytes of CONST memory

Errors: none
Warnings: none

