################################################################################
#                                                                              #
#      IAR Universal Linker V6.4.6.89                                          #
#                                                                              #
#           Link time     =  16/Nov/2016  22:27:29                             #
#           Target CPU    =  MSP430                                            #
#           List file     =  "C:\Users\Paul\Documents\ECE 306\Project 8\Debug\ #
#                            List\Project 8.map"                               #
#           Output file 1 =  "C:\Users\Paul\Documents\ECE 306\Project 8\Debug\ #
#                            Exe\Project 8.d43"                                #
#                            Format: ubrof10                                   #
#                            UBROF version 10.0.6                              #
#                            Using library modules for C-SPY (-rt)             #
#           Command line  =  "C:\Users\Paul\Documents\ECE 306\Project 8\Debug\ #
#                            Obj\adc.r43"                                      #
#                            "C:\Users\Paul\Documents\ECE 306\Project 8\Debug\ #
#                            Obj\circle.r43"                                   #
#                            "C:\Users\Paul\Documents\ECE 306\Project 8\Debug\ #
#                            Obj\clocks.r43"                                   #
#                            "C:\Users\Paul\Documents\ECE 306\Project 8\Debug\ #
#                            Obj\commands.r43"                                 #
#                            "C:\Users\Paul\Documents\ECE 306\Project 8\Debug\ #
#                            Obj\control.r43"                                  #
#                            "C:\Users\Paul\Documents\ECE 306\Project 8\Debug\ #
#                            Obj\hex_to_bcd.r43"                               #
#                            "C:\Users\Paul\Documents\ECE 306\Project 8\Debug\ #
#                            Obj\init.r43"                                     #
#                            "C:\Users\Paul\Documents\ECE 306\Project 8\Debug\ #
#                            Obj\interrupt_port.r43"                           #
#                            "C:\Users\Paul\Documents\ECE 306\Project 8\Debug\ #
#                            Obj\interrupt_serial.r43"                         #
#                            "C:\Users\Paul\Documents\ECE 306\Project 8\LCD.r4 #
#                            3"                                                #
#                            "C:\Users\Paul\Documents\ECE 306\Project 8\Debug\ #
#                            Obj\main.r43"                                     #
#                            "C:\Users\Paul\Documents\ECE 306\Project 8\Debug\ #
#                            Obj\ports.r43"                                    #
#                            "C:\Users\Paul\Documents\ECE 306\Project 8\Debug\ #
#                            Obj\switch.r43"                                   #
#                            "C:\Users\Paul\Documents\ECE 306\Project 8\Debug\ #
#                            Obj\system.r43"                                   #
#                            "C:\Users\Paul\Documents\ECE 306\Project 8\Debug\ #
#                            Obj\timers.r43"                                   #
#                            "C:\Users\Paul\Documents\ECE 306\Project 8\Debug\ #
#                            Obj\trans_recieve.r43"                            #
#                            -o                                                #
#                            "C:\Users\Paul\Documents\ECE 306\Project 8\Debug\ #
#                            Exe\Project 8.d43"                                #
#                            -l                                                #
#                            "C:\Users\Paul\Documents\ECE 306\Project 8\Debug\ #
#                            List\Project 8.map"                               #
#                            -xms                                              #
#                            "-IC:\Program Files (x86)\IAR Systems\Embedded Wo #
#                            rkbench 7.4\430\LIB\"                             #
#                            -f                                                #
#                            "C:\Program Files (x86)\IAR Systems\Embedded Work #
#                            bench 7.4\430\config\linker\lnk430fr5739.xcl"     #
#                            (-cmsp430 -QCODE_I=CODE_ID -QTLS16_I=TLS16_ID     #
#                            -D__iar_HWMUL=4C0 -Z(CONST)INFO=1800-18FF         #
#                            -Z(CONST)INFOA=1880-18FF                          #
#                            -Z(CONST)INFOB=1800-187F                          #
#                            -Z(DATA)DATA16_I,DATA16_Z,DATA16_N,TLS16_I=1C00-1 #
#                            FFF                                               #
#                            -Z(DATA)CODE_I                                    #
#                            -Z(DATA)DATA20_I,DATA20_Z,DATA20_N                #
#                            -Z(DATA)CSTACK+_STACK_SIZE#                       #
#                            -Z(CONST)DATA16_P,DATA20_P=C200-FF7F              #
#                            -Z(DATA)DATA16_HEAP+_DATA16_HEAP_SIZE,DATA20_HEAP #
#                            +_DATA20_HEAP_SIZE                                #
#                            -Z(CONST)MPU_B1                                   #
#                            -Z(CONST)DATA16_C,DATA16_ID,TLS16_ID,DIFUNCT,CHEC #
#                            KSUM=C200-FF7F                                    #
#                            -Z(CONST)DATA20_C,DATA20_ID -Z(CONST)MPU_B2       #
#                            -Z(CODE)CSTART,ISR_CODE,CODE_ID=C200-FF7F         #
#                            -P(CODE)CODE,CODE16=C200-FF7F -Z(CODE)CODE_PAD    #
#                            -Z(CONST)SIGNATURE=FF80-FF8F                      #
#                            -Z(CODE)INTVEC=FF90-FFFF                          #
#                            -Z(CODE)RESET=FFFE-FFFF) -f                       #
#                            "C:\Program Files (x86)\IAR Systems\Embedded Work #
#                            bench 7.4\430\config\linker\multiplier32.xcl"     #
#                            (-e?Mul8Hw=?Mul8 -e?Mul16Hw=?Mul16                #
#                            -e?Mul16to32uHw=?Mul16to32u                       #
#                            -e?Mul16to32sHw=?Mul16to32s -e?Mul32Hw32=?Mul32   #
#                            -e?Mul64Hw32=_Mul64i                              #
#                            -e?Mul32u32uto64iHw32=_Mul32u32uto64i             #
#                            -e?Mul32fHw32=_Mul32f                             #
#                            -e_Mul64fHw32Ptr=_Mul64fPtr) -D_STACK_SIZE=A0     #
#                            -rt                                               #
#                            "C:\Program Files (x86)\IAR Systems\Embedded Work #
#                            bench 7.4\430\lib\dlib\dl430xlsfn.r43"            #
#                            -D_DATA16_HEAP_SIZE=A0 -s __program_start         #
#                            -D_DATA20_HEAP_SIZE=50                            #
#                                                                              #
#                           Copyright (C) 1987-2016 IAR Systems AB.            #
################################################################################





                ****************************************
                *                                      *
                *           CROSS REFERENCE            *
                *                                      *
                ****************************************

       Program entry at :           C23E  Relocatable, from module : ?cstart




                ****************************************
                *                                      *
                *            RUNTIME MODEL             *
                *                                      *
                ****************************************

  __Heap_Handler             = Basic
  __SystemLibrary            = DLib
  __code_model               = large
  __core                     = 430X
  __data_model               = small
  __dlib_file_descriptor     = 0
  __dlib_full_locale_support = 0
  __double_size              = 32
  __pic                      = no
  __reg_r4                   = free
  __reg_r5                   = free
  __rt_version               = 3

                ****************************************
                *                                      *
                *    AUTOMATIC SYMBOL REDIRECTIONS     *
                *                                      *
                ****************************************

                  There are no automatic symbol redirections.



                ****************************************
                *                                      *
                *              MODULE MAP              *
                *                                      *
                ****************************************


  DEFINED ABSOLUTE ENTRIES
    *************************************************************************

  DEFINED ABSOLUTE ENTRIES
  PROGRAM MODULE, NAME : ?ABS_ENTRY_MOD

Absolute parts
           ENTRY                   ADDRESS         REF BY
           =====                   =======         ======
           _DATA20_HEAP_SIZE       0050 
           _DATA16_HEAP_SIZE       00A0 
           _STACK_SIZE             00A0 
           __iar_HWMUL             04C0 
    *************************************************************************

  FILE NAME : C:\Users\Paul\Documents\ECE 306\Project 8\Debug\Obj\adc.r43
  PROGRAM MODULE, NAME : adc

  SEGMENTS IN THE MODULE
  ======================
DATA16_AN
  Relative segment, address: 0700 - 0701 (0x2 bytes), align: 0
  Segment part 1. ROOT        Intra module refs:   ADC10_ISR
                                                   Init_ADC (init)
                                                   main (main)
           ENTRY                   ADDRESS         REF BY
           =====                   =======         ======
           _A_ADC10CTL0_L          0700 
           LOCAL                   ADDRESS         
           =====                   =======         
           ADC10CTL0               0700 
           ADC10CTL0_H             0701 
           ADC10CTL0_L             0700 
    -------------------------------------------------------------------------
DATA16_AN
  Relative segment, address: 070A - 070B (0x2 bytes), align: 0
  Segment part 2. ROOT        Intra module refs:   ADC10_ISR
                                                   Init_ADC (init)
           ENTRY                   ADDRESS         REF BY
           =====                   =======         ======
           _A_ADC10MCTL0_L         070A 
           LOCAL                   ADDRESS         
           =====                   =======         
           ADC10MCTL0              070A 
           ADC10MCTL0_H            070B 
           ADC10MCTL0_L            070A 
    -------------------------------------------------------------------------
DATA16_AN
  Relative segment, address: 0712 - 0713 (0x2 bytes), align: 0
  Segment part 3. ROOT        Intra module refs:   ADC10_ISR
           ENTRY                   ADDRESS         REF BY
           =====                   =======         ======
           _A_ADC10MEM0_L          0712 
           LOCAL                   ADDRESS         
           =====                   =======         
           ADC10MEM0               0712 
           ADC10MEM0_H             0713 
           ADC10MEM0_L             0712 
    -------------------------------------------------------------------------
DATA16_AN
  Relative segment, address: 071E - 071F (0x2 bytes), align: 0
  Segment part 4. ROOT        Intra module refs:   ADC10_ISR
           ENTRY                   ADDRESS         REF BY
           =====                   =======         ======
           _A_ADC10IV_L            071E 
           LOCAL                   ADDRESS         
           =====                   =======         
           ADC10IV                 071E 
           ADC10IV_H               071F 
           ADC10IV_L               071E 
    -------------------------------------------------------------------------
ISR_CODE
  Relative segment, address: C256 - C2C5 (0x70 bytes), align: 1
  Segment part 7.             Intra module refs:   ADC10_ISR::??INTVEC 92
           ENTRY                   ADDRESS         REF BY
           =====                   =======         ======
           ADC10_ISR               C256 
               interrupt function
    -------------------------------------------------------------------------
INTVEC
  Common segment, address: FF90 - FFED (0x5e bytes), align: 1
  Segment part 5. ROOT 
           ENTRY                   ADDRESS         REF BY
           =====                   =======         ======
           ADC10_ISR::??INTVEC 92
                                   FFEC 

    *************************************************************************

  FILE NAME : C:\Users\Paul\Documents\ECE 306\Project 8\Debug\Obj\circle.r43
    *************************************************************************

  FILE NAME : C:\Users\Paul\Documents\ECE 306\Project 8\Debug\Obj\clocks.r43
  PROGRAM MODULE, NAME : clocks

  SEGMENTS IN THE MODULE
  ======================
DATA16_AN
  Relative segment, address: 0160 - 0161 (0x2 bytes), align: 0
  Segment part 1. ROOT        Intra module refs:   Init_Clocks
           ENTRY                   ADDRESS         REF BY
           =====                   =======         ======
           _A_CSCTL0_L             0160 
           LOCAL                   ADDRESS         
           =====                   =======         
           CSCTL0                  0160 
           CSCTL0_H                0161 
           CSCTL0_L                0160 
    -------------------------------------------------------------------------
DATA16_AN
  Relative segment, address: 0162 - 0163 (0x2 bytes), align: 0
  Segment part 2. ROOT        Intra module refs:   Init_Clocks
           ENTRY                   ADDRESS         REF BY
           =====                   =======         ======
           _A_CSCTL1_L             0162 
           LOCAL                   ADDRESS         
           =====                   =======         
           CSCTL1                  0162 
           CSCTL1_H                0163 
           CSCTL1_L                0162 
    -------------------------------------------------------------------------
DATA16_AN
  Relative segment, address: 0164 - 0165 (0x2 bytes), align: 0
  Segment part 3. ROOT        Intra module refs:   Init_Clocks
           ENTRY                   ADDRESS         REF BY
           =====                   =======         ======
           _A_CSCTL2_L             0164 
           LOCAL                   ADDRESS         
           =====                   =======         
           CSCTL2                  0164 
           CSCTL2_H                0165 
           CSCTL2_L                0164 
    -------------------------------------------------------------------------
DATA16_AN
  Relative segment, address: 0166 - 0167 (0x2 bytes), align: 0
  Segment part 4. ROOT        Intra module refs:   Init_Clocks
           ENTRY                   ADDRESS         REF BY
           =====                   =======         ======
           _A_CSCTL3_L             0166 
           LOCAL                   ADDRESS         
           =====                   =======         
           CSCTL3                  0166 
           CSCTL3_H                0167 
           CSCTL3_L                0166 
    -------------------------------------------------------------------------
DATA16_AN
  Relative segment, address: 0168 - 0169 (0x2 bytes), align: 0
  Segment part 5. ROOT        Intra module refs:   Init_Clocks
           ENTRY                   ADDRESS         REF BY
           =====                   =======         ======
           _A_CSCTL4_L             0168 
           LOCAL                   ADDRESS         
           =====                   =======         
           CSCTL4                  0168 
           CSCTL4_H                0169 
           CSCTL4_L                0168 
    -------------------------------------------------------------------------
DATA16_AN
  Relative segment, address: 015C - 015D (0x2 bytes), align: 0
  Segment part 6. ROOT        Intra module refs:   Init_Clocks
           ENTRY                   ADDRESS         REF BY
           =====                   =======         ======
           _A_WDTCTL_L             015C 
           LOCAL                   ADDRESS         
           =====                   =======         
           WDTCTL                  015C 
           WDTCTL_H                015D 
           WDTCTL_L                015C 
    -------------------------------------------------------------------------
<CODE> 1 (was CODE)
  Relative segment, address: CB3C - CBAD (0x72 bytes), align: 1
  Segment part 8.
           ENTRY                   ADDRESS         REF BY
           =====                   =======         ======
           Init_Clocks             CB3C            main (main)

    *************************************************************************

  FILE NAME : C:\Users\Paul\Documents\ECE 306\Project 8\Debug\Obj\commands.r43
  PROGRAM MODULE, NAME : commands

  SEGMENTS IN THE MODULE
  ======================
DATA16_AN
  Relative segment, address: 0414 - 0415 (0x2 bytes), align: 0
  Segment part 1. ROOT        Intra module refs:   Init_Timer_B1 (timers)
                                                   commands
           ENTRY                   ADDRESS         REF BY
           =====                   =======         ======
           TB1CCR1                 0414 
    -------------------------------------------------------------------------
DATA16_AN
  Relative segment, address: 0416 - 0417 (0x2 bytes), align: 0
  Segment part 2. ROOT        Intra module refs:   Init_Timer_B1 (timers)
                                                   commands
           ENTRY                   ADDRESS         REF BY
           =====                   =======         ======
           TB1CCR2                 0416 
    -------------------------------------------------------------------------
DATA16_AN
  Relative segment, address: 0454 - 0455 (0x2 bytes), align: 0
  Segment part 3. ROOT        Intra module refs:   Init_Timer_B2 (timers)
                                                   commands
           ENTRY                   ADDRESS         REF BY
           =====                   =======         ======
           TB2CCR1                 0454 
    -------------------------------------------------------------------------
DATA16_AN
  Relative segment, address: 0456 - 0457 (0x2 bytes), align: 0
  Segment part 4. ROOT        Intra module refs:   Init_Timer_B2 (timers)
                                                   commands
           ENTRY                   ADDRESS         REF BY
           =====                   =======         ======
           TB2CCR2                 0456 
    -------------------------------------------------------------------------
<CODE> 1 (was CODE)
  Relative segment, address: C478 - C6C9 (0x252 bytes), align: 1
  Segment part 13.
           ENTRY                   ADDRESS         REF BY
           =====                   =======         ======
           commands                C478            main (main)
               calls direct
    -------------------------------------------------------------------------
<CODE> 1 (was CODE)
  Relative segment, address: CF9A - CFAB (0x12 bytes), align: 1
  Segment part 12.            Intra module refs:   commands
           ENTRY                   ADDRESS         REF BY
           =====                   =======         ======
           clearArray              CF9A 
    -------------------------------------------------------------------------
DATA16_C
  Relative segment, address: C200 - C201 (0x2 bytes), align: 0
  Segment part 6.             Intra module refs:   commands
    -------------------------------------------------------------------------
DATA16_C
  Relative segment, address: C202 - C206 (0x5 bytes), align: 0
  Segment part 7.             Intra module refs:   commands
    -------------------------------------------------------------------------
DATA16_C
  Relative segment, address: C207 - C20E (0x8 bytes), align: 0
  Segment part 8.             Intra module refs:   commands
    -------------------------------------------------------------------------
DATA16_C
  Relative segment, address: C20F - C216 (0x8 bytes), align: 0
  Segment part 9.             Intra module refs:   commands
    -------------------------------------------------------------------------
DATA16_C
  Relative segment, address: C217 - C21B (0x5 bytes), align: 0
  Segment part 10.            Intra module refs:   commands
    -------------------------------------------------------------------------
DATA16_C
  Relative segment, address: C21C - C221 (0x6 bytes), align: 0
  Segment part 11.            Intra module refs:   commands

    *************************************************************************

  FILE NAME : C:\Users\Paul\Documents\ECE 306\Project 8\Debug\Obj\control.r43
  PROGRAM MODULE, NAME : control

  SEGMENTS IN THE MODULE
  ======================
DATA16_AN
  Relative segment, address: 0222 - 0223 (0x2 bytes), align: 0
  Segment part 1. ROOT        Intra module refs:   Init_LCD (LCD)
                                                   Init_Port3 (ports)
                                                   Init_Port4 (ports)
           ENTRY                   ADDRESS         REF BY
           =====                   =======         ======
           _A_PBOUT_L              0222 
           LOCAL                   ADDRESS         
           =====                   =======         
           PBOUT                   0222 
           PBOUT_H                 0223 
           PBOUT_L                 0222 

    *************************************************************************

  FILE NAME : C:\Users\Paul\Documents\ECE 306\Project 8\Debug\Obj\hex_to_bcd.r43
    *************************************************************************

  FILE NAME : C:\Users\Paul\Documents\ECE 306\Project 8\Debug\Obj\init.r43
  PROGRAM MODULE, NAME : init

  SEGMENTS IN THE MODULE
  ======================
DATA16_AN
  Relative segment, address: 0702 - 0703 (0x2 bytes), align: 0
  Segment part 2. ROOT        Intra module refs:   Init_ADC
           ENTRY                   ADDRESS         REF BY
           =====                   =======         ======
           _A_ADC10CTL1_L          0702 
           LOCAL                   ADDRESS         
           =====                   =======         
           ADC10CTL1               0702 
           ADC10CTL1_H             0703 
           ADC10CTL1_L             0702 
    -------------------------------------------------------------------------
DATA16_AN
  Relative segment, address: 0704 - 0705 (0x2 bytes), align: 0
  Segment part 3. ROOT        Intra module refs:   Init_ADC
           ENTRY                   ADDRESS         REF BY
           =====                   =======         ======
           _A_ADC10CTL2_L          0704 
           LOCAL                   ADDRESS         
           =====                   =======         
           ADC10CTL2               0704 
           ADC10CTL2_H             0705 
           ADC10CTL2_L             0704 
    -------------------------------------------------------------------------
DATA16_AN
  Relative segment, address: 071A - 071B (0x2 bytes), align: 0
  Segment part 5. ROOT        Intra module refs:   Init_ADC
           ENTRY                   ADDRESS         REF BY
           =====                   =======         ======
           _A_ADC10IE_L            071A 
           LOCAL                   ADDRESS         
           =====                   =======         
           ADC10IE                 071A 
           ADC10IE_H               071B 
           ADC10IE_L               071A 
    -------------------------------------------------------------------------
DATA16_AN
  Relative segment, address: 05C0 - 05C1 (0x2 bytes), align: 0
  Segment part 6. ROOT        Intra module refs:   Init_Serial_UCA0
           ENTRY                   ADDRESS         REF BY
           =====                   =======         ======
           _A_UCA0CTLW0_L          05C0 
           LOCAL                   ADDRESS         
           =====                   =======         
           UCA0CTLW0               05C0 
           UCA0CTLW0_H             05C1 
           UCA0CTLW0_L             05C0 
    -------------------------------------------------------------------------
DATA16_AN
  Relative segment, address: 05C6 - 05C7 (0x2 bytes), align: 0
  Segment part 7. ROOT        Intra module refs:   Init_Serial_UCA0
           ENTRY                   ADDRESS         REF BY
           =====                   =======         ======
           _A_UCA0BRW_L            05C6 
           LOCAL                   ADDRESS         
           =====                   =======         
           UCA0BRW                 05C6 
           UCA0BRW_H               05C7 
           UCA0BRW_L               05C6 
    -------------------------------------------------------------------------
DATA16_AN
  Relative segment, address: 05C8 - 05C9 (0x2 bytes), align: 0
  Segment part 8. ROOT        Intra module refs:   Init_Serial_UCA0
           ENTRY                   ADDRESS         REF BY
           =====                   =======         ======
           _A_UCA0MCTLW_L          05C8 
           LOCAL                   ADDRESS         
           =====                   =======         
           UCA0MCTLW               05C8 
           UCA0MCTLW_H             05C9 
           UCA0MCTLW_L             05C8 
    -------------------------------------------------------------------------
DATA16_AN
  Relative segment, address: 05DA - 05DB (0x2 bytes), align: 0
  Segment part 9. ROOT        Intra module refs:   Init_Serial_UCA0
           ENTRY                   ADDRESS         REF BY
           =====                   =======         ======
           _A_UCA0IE_L             05DA 
           LOCAL                   ADDRESS         
           =====                   =======         
           UCA0IE                  05DA 
           UCA0IE_H                05DB 
           UCA0IE_L                05DA 
    -------------------------------------------------------------------------
DATA16_AN
  Relative segment, address: 05E0 - 05E1 (0x2 bytes), align: 0
  Segment part 10. ROOT       Intra module refs:   Init_Serial_UCA1
           ENTRY                   ADDRESS         REF BY
           =====                   =======         ======
           _A_UCA1CTLW0_L          05E0 
           LOCAL                   ADDRESS         
           =====                   =======         
           UCA1CTLW0               05E0 
           UCA1CTLW0_H             05E1 
           UCA1CTLW0_L             05E0 
    -------------------------------------------------------------------------
DATA16_AN
  Relative segment, address: 05E6 - 05E7 (0x2 bytes), align: 0
  Segment part 11. ROOT       Intra module refs:   Init_Serial_UCA1
           ENTRY                   ADDRESS         REF BY
           =====                   =======         ======
           _A_UCA1BRW_L            05E6 
           LOCAL                   ADDRESS         
           =====                   =======         
           UCA1BRW                 05E6 
           UCA1BRW_H               05E7 
           UCA1BRW_L               05E6 
    -------------------------------------------------------------------------
DATA16_AN
  Relative segment, address: 05E8 - 05E9 (0x2 bytes), align: 0
  Segment part 12. ROOT       Intra module refs:   Init_Serial_UCA1
           ENTRY                   ADDRESS         REF BY
           =====                   =======         ======
           _A_UCA1MCTLW_L          05E8 
           LOCAL                   ADDRESS         
           =====                   =======         
           UCA1MCTLW               05E8 
           UCA1MCTLW_H             05E9 
           UCA1MCTLW_L             05E8 
    -------------------------------------------------------------------------
DATA16_AN
  Relative segment, address: 05FA - 05FB (0x2 bytes), align: 0
  Segment part 13. ROOT       Intra module refs:   Init_Serial_UCA1
           ENTRY                   ADDRESS         REF BY
           =====                   =======         ======
           _A_UCA1IE_L             05FA 
           LOCAL                   ADDRESS         
           =====                   =======         
           UCA1IE                  05FA 
           UCA1IE_H                05FB 
           UCA1IE_L                05FA 
    -------------------------------------------------------------------------
<CODE> 1 (was CODE)
  Relative segment, address: CF1A - CF37 (0x1e bytes), align: 1
  Segment part 15.
           ENTRY                   ADDRESS         REF BY
           =====                   =======         ======
           Init_Conditions         CF1A            main (main)
               calls direct
    -------------------------------------------------------------------------
<CODE> 1 (was CODE)
  Relative segment, address: CD5A - CD9D (0x44 bytes), align: 1
  Segment part 16.
           ENTRY                   ADDRESS         REF BY
           =====                   =======         ======
           Display_Process         CD5A            commands (commands)
                                                   main (main)
               calls direct
    -------------------------------------------------------------------------
<CODE> 1 (was CODE)
  Relative segment, address: CBAE - CC19 (0x6c bytes), align: 1
  Segment part 17.
           ENTRY                   ADDRESS         REF BY
           =====                   =======         ======
           Init_ADC                CBAE            main (main)
    -------------------------------------------------------------------------
<CODE> 1 (was CODE)
  Relative segment, address: CC1A - CC6D (0x54 bytes), align: 1
  Segment part 18.
           ENTRY                   ADDRESS         REF BY
           =====                   =======         ======
           Init_Serial_UCA0        CC1A            main (main)
    -------------------------------------------------------------------------
<CODE> 1 (was CODE)
  Relative segment, address: CC6E - CCBD (0x50 bytes), align: 1
  Segment part 19.
           ENTRY                   ADDRESS         REF BY
           =====                   =======         ======
           Init_Serial_UCA1        CC6E            main (main)

    *************************************************************************

  FILE NAME : C:\Users\Paul\Documents\ECE 306\Project 8\Debug\Obj\interrupt_port.r43
  PROGRAM MODULE, NAME : interrupt_port

  SEGMENTS IN THE MODULE
  ======================
DATA16_AN
  Relative segment, address: 023A - 023B (0x2 bytes), align: 0
  Segment part 1. ROOT        Intra module refs:   Init_Port4 (ports)
                                                   switch_interrupt
                                                   timer_1_A1 (timers)
           ENTRY                   ADDRESS         REF BY
           =====                   =======         ======
           _A_PBIE_L               023A 
           LOCAL                   ADDRESS         
           =====                   =======         
           PBIE                    023A 
           PBIE_H                  023B 
           PBIE_L                  023A 
    -------------------------------------------------------------------------
DATA16_AN
  Relative segment, address: 023C - 023D (0x2 bytes), align: 0
  Segment part 2. ROOT        Intra module refs:   Init_Port4 (ports)
                                                   switch_interrupt
           ENTRY                   ADDRESS         REF BY
           =====                   =======         ======
           _A_PBIFG_L              023C 
           LOCAL                   ADDRESS         
           =====                   =======         
           PBIFG                   023C 
           PBIFG_H                 023D 
           PBIFG_L                 023C 
    -------------------------------------------------------------------------
DATA16_AN
  Relative segment, address: 0344 - 0345 (0x2 bytes), align: 0
  Segment part 3. ROOT        Intra module refs:   switch_interrupt
                                                   timer_1_A1 (timers)
           ENTRY                   ADDRESS         REF BY
           =====                   =======         ======
           TA0CCTL1                0344 
    -------------------------------------------------------------------------
DATA16_AN
  Relative segment, address: 0346 - 0347 (0x2 bytes), align: 0
  Segment part 4. ROOT        Intra module refs:   switch_interrupt
                                                   timer_1_A1 (timers)
           ENTRY                   ADDRESS         REF BY
           =====                   =======         ======
           TA0CCTL2                0346 
    -------------------------------------------------------------------------
DATA16_AN
  Relative segment, address: 0350 - 0351 (0x2 bytes), align: 0
  Segment part 5. ROOT        Intra module refs:   switch_interrupt
           ENTRY                   ADDRESS         REF BY
           =====                   =======         ======
           TA0R                    0350 
    -------------------------------------------------------------------------
DATA16_AN
  Relative segment, address: 0354 - 0355 (0x2 bytes), align: 0
  Segment part 6. ROOT        Intra module refs:   switch_interrupt
                                                   timer_1_A1 (timers)
           ENTRY                   ADDRESS         REF BY
           =====                   =======         ======
           TA0CCR1                 0354 
    -------------------------------------------------------------------------
DATA16_AN
  Relative segment, address: 0356 - 0357 (0x2 bytes), align: 0
  Segment part 7. ROOT        Intra module refs:   switch_interrupt
                                                   timer_1_A1 (timers)
           ENTRY                   ADDRESS         REF BY
           =====                   =======         ======
           TA0CCR2                 0356 
    -------------------------------------------------------------------------
ISR_CODE
  Relative segment, address: C2C6 - C31B (0x56 bytes), align: 1
  Segment part 10.            Intra module refs:   switch_interrupt::??INTVEC 64
           ENTRY                   ADDRESS         REF BY
           =====                   =======         ======
           switch_interrupt        C2C6 
               interrupt function
    -------------------------------------------------------------------------
INTVEC
  Common segment, address: FF90 - FFD1 (0x42 bytes), align: 1
  Segment part 8. ROOT 
           ENTRY                   ADDRESS         REF BY
           =====                   =======         ======
           switch_interrupt::??INTVEC 64
                                   FFD0 

    *************************************************************************

  FILE NAME : C:\Users\Paul\Documents\ECE 306\Project 8\Debug\Obj\interrupt_serial.r43
  PROGRAM MODULE, NAME : interrupt_serial

  SEGMENTS IN THE MODULE
  ======================
DATA16_AN
  Relative segment, address: 05CC - 05CD (0x2 bytes), align: 0
  Segment part 1. ROOT        Intra module refs:   USCI_A0_ISR
           ENTRY                   ADDRESS         REF BY
           =====                   =======         ======
           _A_UCA0RXBUF_L          05CC 
           LOCAL                   ADDRESS         
           =====                   =======         
           UCA0RXBUF               05CC 
           UCA0RXBUF_H             05CD 
           UCA0RXBUF_L             05CC 
    -------------------------------------------------------------------------
DATA16_AN
  Relative segment, address: 05CE - 05CF (0x2 bytes), align: 0
  Segment part 2. ROOT        Intra module refs:   Transmit_UCA0 (trans_recieve)
                                                   USCI_A1_ISR
           ENTRY                   ADDRESS         REF BY
           =====                   =======         ======
           _A_UCA0TXBUF_L          05CE 
           LOCAL                   ADDRESS         
           =====                   =======         
           UCA0TXBUF               05CE 
           UCA0TXBUF_H             05CF 
           UCA0TXBUF_L             05CE 
    -------------------------------------------------------------------------
DATA16_AN
  Relative segment, address: 05DE - 05DF (0x2 bytes), align: 0
  Segment part 3. ROOT        Intra module refs:   USCI_A0_ISR
           ENTRY                   ADDRESS         REF BY
           =====                   =======         ======
           UCA0IV                  05DE 
    -------------------------------------------------------------------------
DATA16_AN
  Relative segment, address: 05EC - 05ED (0x2 bytes), align: 0
  Segment part 4. ROOT        Intra module refs:   USCI_A1_ISR
           ENTRY                   ADDRESS         REF BY
           =====                   =======         ======
           _A_UCA1RXBUF_L          05EC 
           LOCAL                   ADDRESS         
           =====                   =======         
           UCA1RXBUF               05EC 
           UCA1RXBUF_H             05ED 
           UCA1RXBUF_L             05EC 
    -------------------------------------------------------------------------
DATA16_AN
  Relative segment, address: 05FE - 05FF (0x2 bytes), align: 0
  Segment part 5. ROOT        Intra module refs:   USCI_A1_ISR
           ENTRY                   ADDRESS         REF BY
           =====                   =======         ======
           UCA1IV                  05FE 
    -------------------------------------------------------------------------
ISR_CODE
  Relative segment, address: C31C - C377 (0x5c bytes), align: 1
  Segment part 9.             Intra module refs:   USCI_A0_ISR::??INTVEC 96
           ENTRY                   ADDRESS         REF BY
           =====                   =======         ======
           USCI_A0_ISR             C31C 
               interrupt function
               calls direct
    -------------------------------------------------------------------------
ISR_CODE
  Relative segment, address: C378 - C41D (0xa6 bytes), align: 1
  Segment part 10.            Intra module refs:   USCI_A1_ISR::??INTVEC 86
           ENTRY                   ADDRESS         REF BY
           =====                   =======         ======
           USCI_A1_ISR             C378 
               interrupt function
               calls direct
    -------------------------------------------------------------------------
INTVEC
  Common segment, address: FF90 - FFE7 (0x58 bytes), align: 1
  Segment part 6. ROOT 
           ENTRY                   ADDRESS         REF BY
           =====                   =======         ======
           USCI_A1_ISR::??INTVEC 86
                                   FFE6 
    -------------------------------------------------------------------------
INTVEC
  Common segment, address: FF90 - FFF1 (0x62 bytes), align: 1
  Segment part 7. ROOT 
           ENTRY                   ADDRESS         REF BY
           =====                   =======         ======
           USCI_A0_ISR::??INTVEC 96
                                   FFF0 

    *************************************************************************

  FILE NAME : C:\Users\Paul\Documents\ECE 306\Project 8\LCD.r43
  PROGRAM MODULE, NAME : LCD

  SEGMENTS IN THE MODULE
  ======================
DATA16_AN
  Relative segment, address: 0202 - 0203 (0x2 bytes), align: 0
  Segment part 1. ROOT        Intra module refs:   Init_Port1 (ports)
                                                   Init_Port2 (ports)
                                                   spi_chipselect_active
                                                   spi_chipselect_idle
                                                   spi_reset_active
                                                   spi_reset_idle
           ENTRY                   ADDRESS         REF BY
           =====                   =======         ======
           _A_PAOUT_L              0202 
           LOCAL                   ADDRESS         
           =====                   =======         
           PAOUT                   0202 
           PAOUT_H                 0203 
           PAOUT_L                 0202 
    -------------------------------------------------------------------------
DATA16_AN
  Relative segment, address: 0640 - 0641 (0x2 bytes), align: 0
  Segment part 3. ROOT        Intra module refs:   Init_SPI_B0
           ENTRY                   ADDRESS         REF BY
           =====                   =======         ======
           _A_UCB0CTLW0_L          0640 
           LOCAL                   ADDRESS         
           =====                   =======         
           UCB0CTLW0               0640 
           UCB0CTLW0_H             0641 
           UCB0CTLW0_L             0640 
    -------------------------------------------------------------------------
DATA16_AN
  Relative segment, address: 0646 - 0647 (0x2 bytes), align: 0
  Segment part 4. ROOT        Intra module refs:   Init_SPI_B0
           ENTRY                   ADDRESS         REF BY
           =====                   =======         ======
           _A_UCB0BRW_L            0646 
           LOCAL                   ADDRESS         
           =====                   =======         
           UCB0BRW                 0646 
           UCB0BRW_H               0647 
           UCB0BRW_L               0646 
    -------------------------------------------------------------------------
DATA16_AN
  Relative segment, address: 064E - 064F (0x2 bytes), align: 0
  Segment part 5. ROOT        Intra module refs:   SPI_B0_write
           ENTRY                   ADDRESS         REF BY
           =====                   =======         ======
           _A_UCB0TXBUF_L          064E 
           LOCAL                   ADDRESS         
           =====                   =======         
           UCB0TXBUF               064E 
           UCB0TXBUF_H             064F 
           UCB0TXBUF_L             064E 
    -------------------------------------------------------------------------
DATA16_AN
  Relative segment, address: 066C - 066D (0x2 bytes), align: 0
  Segment part 6. ROOT        Intra module refs:   SPI_B0_write
           ENTRY                   ADDRESS         REF BY
           =====                   =======         ======
           _A_UCB0IFG_L            066C 
           LOCAL                   ADDRESS         
           =====                   =======         
           UCB0IFG                 066C 
           UCB0IFG_H               066D 
           UCB0IFG_L               066C 
    -------------------------------------------------------------------------
DATA16_Z
  Relative segment, address: 1C9C - 1CA6 (0xb bytes), align: 0
  Segment part 10.
           ENTRY                   ADDRESS         REF BY
           =====                   =======         ======
           display_line_1          1C9C            Init_Conditions (init)
    -------------------------------------------------------------------------
DATA16_Z
  Relative segment, address: 1CA7 - 1CB1 (0xb bytes), align: 0
  Segment part 11.
           ENTRY                   ADDRESS         REF BY
           =====                   =======         ======
           display_line_2          1CA7            Init_Conditions (init)
    -------------------------------------------------------------------------
DATA16_Z
  Relative segment, address: 1CB2 - 1CBC (0xb bytes), align: 0
  Segment part 12.
           ENTRY                   ADDRESS         REF BY
           =====                   =======         ======
           display_line_3          1CB2            Init_Conditions (init)
    -------------------------------------------------------------------------
DATA16_Z
  Relative segment, address: 1CBD - 1CC7 (0xb bytes), align: 0
  Segment part 13.
           ENTRY                   ADDRESS         REF BY
           =====                   =======         ======
           display_line_4          1CBD            Init_Conditions (init)
    -------------------------------------------------------------------------
DATA16_Z
  Relative segment, address: 1C00 - 1C01 (0x2 bytes), align: 1
  Segment part 14.
           ENTRY                   ADDRESS         REF BY
           =====                   =======         ======
           display_1               1C00            Display_Process (init)
                                                   Init_Conditions (init)
                                                   main (main)
    -------------------------------------------------------------------------
DATA16_Z
  Relative segment, address: 1C02 - 1C03 (0x2 bytes), align: 1
  Segment part 15.
           ENTRY                   ADDRESS         REF BY
           =====                   =======         ======
           display_2               1C02            Display_Process (init)
                                                   Init_Conditions (init)
                                                   commands (commands)
    -------------------------------------------------------------------------
DATA16_Z
  Relative segment, address: 1C04 - 1C05 (0x2 bytes), align: 1
  Segment part 16.
           ENTRY                   ADDRESS         REF BY
           =====                   =======         ======
           display_3               1C04            Display_Process (init)
                                                   Init_Conditions (init)
    -------------------------------------------------------------------------
DATA16_Z
  Relative segment, address: 1C06 - 1C07 (0x2 bytes), align: 1
  Segment part 17.
           ENTRY                   ADDRESS         REF BY
           =====                   =======         ======
           display_4               1C06            Display_Process (init)
                                                   Init_Conditions (init)
                                                   main (main)
    -------------------------------------------------------------------------
<CODE> 1 (was CODE)
  Relative segment, address: CFAC - CFBD (0x12 bytes), align: 1
  Segment part 22.            Intra module refs:   Init_LCD
                                                   WriteData
                                                   WriteIns
           ENTRY                   ADDRESS         REF BY
           =====                   =======         ======
           spi_chipselect_idle     CFAC 
    -------------------------------------------------------------------------
<CODE> 1 (was CODE)
  Relative segment, address: D006 - D011 (0xc bytes), align: 1
  Segment part 23.            Intra module refs:   WriteData
                                                   WriteIns
           ENTRY                   ADDRESS         REF BY
           =====                   =======         ======
           spi_chipselect_active   D006 
    -------------------------------------------------------------------------
<CODE> 1 (was CODE)
  Relative segment, address: D026 - D02D (0x8 bytes), align: 1
  Segment part 24.            Intra module refs:   Init_LCD
           ENTRY                   ADDRESS         REF BY
           =====                   =======         ======
           spi_reset_idle          D026 
    -------------------------------------------------------------------------
<CODE> 1 (was CODE)
  Relative segment, address: D01E - D025 (0x8 bytes), align: 1
  Segment part 25.            Intra module refs:   Init_LCD
           ENTRY                   ADDRESS         REF BY
           =====                   =======         ======
           spi_reset_active        D01E 
    -------------------------------------------------------------------------
<CODE> 1 (was CODE)
  Relative segment, address: C968 - CA07 (0xa0 bytes), align: 1
  Segment part 32.
           ENTRY                   ADDRESS         REF BY
           =====                   =======         ======
           Init_LCD                C968            main (main)
               calls direct
    -------------------------------------------------------------------------
<CODE> 1 (was CODE)
  Relative segment, address: CEF6 - CF19 (0x24 bytes), align: 1
  Segment part 36.
           ENTRY                   ADDRESS         REF BY
           =====                   =======         ======
           lcd_out                 CEF6            Display_Process (init)
                                                   commands (commands)
                                                   main (main)
               calls direct
    -------------------------------------------------------------------------
<CODE> 1 (was CODE)
  Relative segment, address: CED0 - CEF5 (0x26 bytes), align: 1
  Segment part 27.            Intra module refs:   ClrDisplay
                                                   DisplayOnOff
                                                   Init_LCD
                                                   SetPostion
                                                   lcd_out
           ENTRY                   ADDRESS         REF BY
           =====                   =======         ======
           WriteIns                CED0 
               calls direct
    -------------------------------------------------------------------------
<CODE> 1 (was CODE)
  Relative segment, address: CEAA - CECF (0x26 bytes), align: 1
  Segment part 35.            Intra module refs:   lcd_out
           ENTRY                   ADDRESS         REF BY
           =====                   =======         ======
           WriteData               CEAA 
               calls direct
    -------------------------------------------------------------------------
<CODE> 1 (was CODE)
  Relative segment, address: CFFA - D005 (0xc bytes), align: 1
  Segment part 30.            Intra module refs:   Init_LCD
           ENTRY                   ADDRESS         REF BY
           =====                   =======         ======
           ClrDisplay              CFFA            Display_Process (init)
               calls direct
    -------------------------------------------------------------------------
<CODE> 1 (was CODE)
  Relative segment, address: CF88 - CF99 (0x12 bytes), align: 1
  Segment part 29.            Intra module refs:   ClrDisplay
           ENTRY                   ADDRESS         REF BY
           =====                   =======         ======
           SetPostion              CF88 
               calls direct
    -------------------------------------------------------------------------
<CODE> 1 (was CODE)
  Relative segment, address: CFBE - CFCD (0x10 bytes), align: 1
  Segment part 28.            Intra module refs:   Init_LCD
           ENTRY                   ADDRESS         REF BY
           =====                   =======         ======
           DisplayOnOff            CFBE 
               calls direct
    -------------------------------------------------------------------------
<CODE> 1 (was CODE)
  Relative segment, address: CD9E - CDDB (0x3e bytes), align: 1
  Segment part 31.            Intra module refs:   Init_LCD
           ENTRY                   ADDRESS         REF BY
           =====                   =======         ======
           Init_SPI_B0             CD9E 
    -------------------------------------------------------------------------
<CODE> 1 (was CODE)
  Relative segment, address: CF60 - CF73 (0x14 bytes), align: 1
  Segment part 26.            Intra module refs:   WriteData
                                                   WriteIns
           ENTRY                   ADDRESS         REF BY
           =====                   =======         ======
           SPI_B0_write            CF60 

    *************************************************************************

  FILE NAME : C:\Users\Paul\Documents\ECE 306\Project 8\Debug\Obj\main.r43
  PROGRAM MODULE, NAME : main

  SEGMENTS IN THE MODULE
  ======================
DATA16_AN
  Relative segment, address: 0322 - 0323 (0x2 bytes), align: 0
  Segment part 2. ROOT        Intra module refs:   Init_PortJ (ports)
                                                   main
           ENTRY                   ADDRESS         REF BY
           =====                   =======         ======
           _A_PJOUT_L              0322 
           LOCAL                   ADDRESS         
           =====                   =======         
           PJOUT                   0322 
           PJOUT_H                 0323 
           PJOUT_L                 0322 
    -------------------------------------------------------------------------
<CODE> 1 (was CODE)
  Relative segment, address: D03C - D03F (0x4 bytes), align: 1
  Segment part 77.            Intra module refs:   main
           ENTRY                   ADDRESS         REF BY
           =====                   =======         ======
           strstr                  D03C 
               calls direct
    -------------------------------------------------------------------------
DATA16_Z
  Relative segment, address: 1C08 - 1C09 (0x2 bytes), align: 1
  Segment part 9.             Intra module refs:   main
           ENTRY                   ADDRESS         REF BY
           =====                   =======         ======
           Time_Sequence           1C08            five_msec_Delay (timers)
                                                   timer_0_A0 (timers)
    -------------------------------------------------------------------------
DATA16_Z
  Relative segment, address: 1CC8 - 1CC8 (0x1 bytes), align: 0
  Segment part 13.            Intra module refs:   main
           ENTRY                   ADDRESS         REF BY
           =====                   =======         ======
           posL1                   1CC8            Display_Process (init)
    -------------------------------------------------------------------------
DATA16_Z
  Relative segment, address: 1CC9 - 1CC9 (0x1 bytes), align: 0
  Segment part 14.
           ENTRY                   ADDRESS         REF BY
           =====                   =======         ======
           posL2                   1CC9            Display_Process (init)
                                                   commands (commands)
    -------------------------------------------------------------------------
DATA16_Z
  Relative segment, address: 1CCA - 1CCA (0x1 bytes), align: 0
  Segment part 15.
           ENTRY                   ADDRESS         REF BY
           =====                   =======         ======
           posL3                   1CCA            Display_Process (init)
    -------------------------------------------------------------------------
DATA16_Z
  Relative segment, address: 1CCB - 1CCB (0x1 bytes), align: 0
  Segment part 16.            Intra module refs:   main
           ENTRY                   ADDRESS         REF BY
           =====                   =======         ======
           posL4                   1CCB            Display_Process (init)
    -------------------------------------------------------------------------
DATA16_Z
  Relative segment, address: 1C0A - 1C0B (0x2 bytes), align: 1
  Segment part 24.
           ENTRY                   ADDRESS         REF BY
           =====                   =======         ======
           SW1_Pressed             1C0A            switch_interrupt (interrupt_port)
                                                   timer_1_A1 (timers)
    -------------------------------------------------------------------------
DATA16_Z
  Relative segment, address: 1C0C - 1C0D (0x2 bytes), align: 1
  Segment part 25.
           ENTRY                   ADDRESS         REF BY
           =====                   =======         ======
           SW2_Pressed             1C0C            switch_interrupt (interrupt_port)
                                                   timer_1_A1 (timers)
    -------------------------------------------------------------------------
DATA16_Z
  Relative segment, address: 1C0E - 1C0F (0x2 bytes), align: 1
  Segment part 26.
           ENTRY                   ADDRESS         REF BY
           =====                   =======         ======
           pressed_SW1             1C0E            switch_interrupt (interrupt_port)
    -------------------------------------------------------------------------
DATA16_Z
  Relative segment, address: 1C10 - 1C11 (0x2 bytes), align: 1
  Segment part 27.
           ENTRY                   ADDRESS         REF BY
           =====                   =======         ======
           pressed_SW2             1C10            switch_interrupt (interrupt_port)
    -------------------------------------------------------------------------
DATA16_Z
  Relative segment, address: 1C12 - 1C13 (0x2 bytes), align: 1
  Segment part 29.
           ENTRY                   ADDRESS         REF BY
           =====                   =======         ======
           channel                 1C12            ADC10_ISR (adc)
    -------------------------------------------------------------------------
DATA16_Z
  Relative segment, address: 1C14 - 1C15 (0x2 bytes), align: 1
  Segment part 30.
           ENTRY                   ADDRESS         REF BY
           =====                   =======         ======
           ADC_Left_Detector       1C14            ADC10_ISR (adc)
    -------------------------------------------------------------------------
DATA16_Z
  Relative segment, address: 1C16 - 1C17 (0x2 bytes), align: 1
  Segment part 31.
           ENTRY                   ADDRESS         REF BY
           =====                   =======         ======
           ADC_Right_Detector      1C16            ADC10_ISR (adc)
    -------------------------------------------------------------------------
DATA16_Z
  Relative segment, address: 1C18 - 1C19 (0x2 bytes), align: 1
  Segment part 32.
           ENTRY                   ADDRESS         REF BY
           =====                   =======         ======
           ADC_Thumb               1C18            ADC10_ISR (adc)
    -------------------------------------------------------------------------
DATA16_Z
  Relative segment, address: 1C1A - 1C1B (0x2 bytes), align: 1
  Segment part 33.
           ENTRY                   ADDRESS         REF BY
           =====                   =======         ======
           time                    1C1A            five_msec_Delay (timers)
    -------------------------------------------------------------------------
DATA16_Z
  Relative segment, address: 1C1C - 1C1D (0x2 bytes), align: 1
  Segment part 34.
           ENTRY                   ADDRESS         REF BY
           =====                   =======         ======
           right_forward_rate      1C1C            Init_Timer_B1 (timers)
    -------------------------------------------------------------------------
DATA16_Z
  Relative segment, address: 1C1E - 1C1F (0x2 bytes), align: 1
  Segment part 35.
           ENTRY                   ADDRESS         REF BY
           =====                   =======         ======
           left_forward_rate       1C1E            Init_Timer_B1 (timers)
    -------------------------------------------------------------------------
DATA16_Z
  Relative segment, address: 1C20 - 1C21 (0x2 bytes), align: 1
  Segment part 36.
           ENTRY                   ADDRESS         REF BY
           =====                   =======         ======
           right_reverse_rate      1C20            Init_Timer_B2 (timers)
    -------------------------------------------------------------------------
DATA16_Z
  Relative segment, address: 1C22 - 1C23 (0x2 bytes), align: 1
  Segment part 37.
           ENTRY                   ADDRESS         REF BY
           =====                   =======         ======
           left_reverse_rate       1C22            Init_Timer_B2 (timers)
    -------------------------------------------------------------------------
DATA16_Z
  Relative segment, address: 1C24 - 1C25 (0x2 bytes), align: 1
  Segment part 38.            Intra module refs:   main
           ENTRY                   ADDRESS         REF BY
           =====                   =======         ======
           i                       1C24 
    -------------------------------------------------------------------------
DATA16_Z
  Relative segment, address: 1C26 - 1C27 (0x2 bytes), align: 1
  Segment part 39.            Intra module refs:   main
           ENTRY                   ADDRESS         REF BY
           =====                   =======         ======
           j                       1C26 
    -------------------------------------------------------------------------
DATA16_Z
  Relative segment, address: 1CCC - 1CF1 (0x26 bytes), align: 0
  Segment part 43.
           ENTRY                   ADDRESS         REF BY
           =====                   =======         ======
           USB_Char_Rx_A0          1CCC            Init_Serial_UCA0 (init)
                                                   USCI_A0_ISR (interrupt_serial)
    -------------------------------------------------------------------------
DATA16_Z
  Relative segment, address: 1CF2 - 1D17 (0x26 bytes), align: 0
  Segment part 44.            Intra module refs:   main
           ENTRY                   ADDRESS         REF BY
           =====                   =======         ======
           USB_Char_Rx_A1          1CF2            Init_Serial_UCA1 (init)
                                                   USCI_A1_ISR (interrupt_serial)
    -------------------------------------------------------------------------
DATA16_Z
  Relative segment, address: 1D18 - 1D3D (0x26 bytes), align: 0
  Segment part 45.
           ENTRY                   ADDRESS         REF BY
           =====                   =======         ======
           USB_Char_Tx             1D18            Init_Serial_UCA0 (init)
                                                   Init_Serial_UCA1 (init)
    -------------------------------------------------------------------------
DATA16_Z
  Relative segment, address: 1D3E - 1D63 (0x26 bytes), align: 0
  Segment part 46.
           ENTRY                   ADDRESS         REF BY
           =====                   =======         ======
           tempArray               1D3E            clearArray (commands)
    -------------------------------------------------------------------------
DATA16_Z
  Relative segment, address: 1C28 - 1C29 (0x2 bytes), align: 1
  Segment part 50.
           ENTRY                   ADDRESS         REF BY
           =====                   =======         ======
           usb_tx_ring_wr_A0       1C28            Init_Serial_UCA0 (init)
    -------------------------------------------------------------------------
DATA16_Z
  Relative segment, address: 1C2A - 1C2B (0x2 bytes), align: 1
  Segment part 51.
           ENTRY                   ADDRESS         REF BY
           =====                   =======         ======
           usb_tx_ring_wr_A1       1C2A            Init_Serial_UCA1 (init)
    -------------------------------------------------------------------------
DATA16_Z
  Relative segment, address: 1C2C - 1C2D (0x2 bytes), align: 1
  Segment part 52.
           ENTRY                   ADDRESS         REF BY
           =====                   =======         ======
           usb_rx_ring_wr_A0       1C2C            Init_Serial_UCA0 (init)
                                                   USCI_A0_ISR (interrupt_serial)
    -------------------------------------------------------------------------
DATA16_Z
  Relative segment, address: 1C2E - 1C2F (0x2 bytes), align: 1
  Segment part 53.
           ENTRY                   ADDRESS         REF BY
           =====                   =======         ======
           usb_rx_ring_wr_A1       1C2E            Init_Serial_UCA1 (init)
                                                   USCI_A1_ISR (interrupt_serial)
    -------------------------------------------------------------------------
DATA16_Z
  Relative segment, address: 1C30 - 1C31 (0x2 bytes), align: 1
  Segment part 54.
           ENTRY                   ADDRESS         REF BY
           =====                   =======         ======
           usb_rx_ring_rd_A0       1C30            Init_Serial_UCA0 (init)
    -------------------------------------------------------------------------
DATA16_Z
  Relative segment, address: 1C32 - 1C33 (0x2 bytes), align: 1
  Segment part 55.            Intra module refs:   main
           ENTRY                   ADDRESS         REF BY
           =====                   =======         ======
           usb_rx_ring_rd_A1       1C32            Init_Serial_UCA1 (init)
                                                   USCI_A1_ISR (interrupt_serial)
    -------------------------------------------------------------------------
DATA16_Z
  Relative segment, address: 1C34 - 1C35 (0x2 bytes), align: 1
  Segment part 56.
           ENTRY                   ADDRESS         REF BY
           =====                   =======         ======
           usb_tx_ring_rd_A0       1C34            Init_Serial_UCA0 (init)
    -------------------------------------------------------------------------
DATA16_Z
  Relative segment, address: 1C36 - 1C37 (0x2 bytes), align: 1
  Segment part 57.
           ENTRY                   ADDRESS         REF BY
           =====                   =======         ======
           usb_tx_ring_rd_A1       1C36            Init_Serial_UCA1 (init)
    -------------------------------------------------------------------------
DATA16_Z
  Relative segment, address: 1C38 - 1C39 (0x2 bytes), align: 1
  Segment part 58.
           ENTRY                   ADDRESS         REF BY
           =====                   =======         ======
           temp0                   1C38            USCI_A0_ISR (interrupt_serial)
    -------------------------------------------------------------------------
DATA16_Z
  Relative segment, address: 1C3A - 1C3B (0x2 bytes), align: 1
  Segment part 59.
           ENTRY                   ADDRESS         REF BY
           =====                   =======         ======
           temp1                   1C3A            USCI_A1_ISR (interrupt_serial)
    -------------------------------------------------------------------------
DATA16_Z
  Relative segment, address: 1C3C - 1C3D (0x2 bytes), align: 1
  Segment part 61.
           ENTRY                   ADDRESS         REF BY
           =====                   =======         ======
           hereNullsec             1C3C            USCI_A1_ISR (interrupt_serial)
    -------------------------------------------------------------------------
DATA16_Z
  Relative segment, address: 1C3E - 1C3F (0x2 bytes), align: 1
  Segment part 62.
           ENTRY                   ADDRESS         REF BY
           =====                   =======         ======
           display_delay           1C3E            timer_0_A0 (timers)
    -------------------------------------------------------------------------
DATA16_Z
  Relative segment, address: 1C40 - 1C41 (0x2 bytes), align: 1
  Segment part 63.
           ENTRY                   ADDRESS         REF BY
           =====                   =======         ======
           character_Recieved      1C40            USCI_A0_ISR (interrupt_serial)
                                                   USCI_A1_ISR (interrupt_serial)
    -------------------------------------------------------------------------
DATA16_Z
  Relative segment, address: 1C42 - 1C8D (0x4c bytes), align: 1
  Segment part 64.
           ENTRY                   ADDRESS         REF BY
           =====                   =======         ======
           trans_recieve_wait      1C42            USCI_A0_ISR (interrupt_serial)
    -------------------------------------------------------------------------
DATA16_Z
  Relative segment, address: 1C8E - 1C8F (0x2 bytes), align: 1
  Segment part 65.
           ENTRY                   ADDRESS         REF BY
           =====                   =======         ======
           time_delay              1C8E            USCI_A0_ISR (interrupt_serial)
                                                   timer_0_A0 (timers)
    -------------------------------------------------------------------------
DATA16_Z
  Relative segment, address: 1D64 - 1D89 (0x26 bytes), align: 0
  Segment part 66.            Intra module refs:   main
           ENTRY                   ADDRESS         REF BY
           =====                   =======         ======
           temp_test               1D64 
    -------------------------------------------------------------------------
DATA16_Z
  Relative segment, address: 1C90 - 1C91 (0x2 bytes), align: 1
  Segment part 67.            Intra module refs:   main
           ENTRY                   ADDRESS         REF BY
           =====                   =======         ======
           star_found              1C90            USCI_A1_ISR (interrupt_serial)
    -------------------------------------------------------------------------
DATA16_Z
  Relative segment, address: 1C92 - 1C93 (0x2 bytes), align: 1
  Segment part 68.            Intra module refs:   main
           ENTRY                   ADDRESS         REF BY
           =====                   =======         ======
           plus_found              1C92            USCI_A1_ISR (interrupt_serial)
    -------------------------------------------------------------------------
DATA16_Z
  Relative segment, address: 1C94 - 1C95 (0x2 bytes), align: 1
  Segment part 69.
           ENTRY                   ADDRESS         REF BY
           =====                   =======         ======
           password_Status         1C94            USCI_A0_ISR (interrupt_serial)
    -------------------------------------------------------------------------
DATA16_Z
  Relative segment, address: 1D8A - 1D8A (0x1 bytes), align: 0
  Segment part 70.
           ENTRY                   ADDRESS         REF BY
           =====                   =======         ======
           transmit_2_pc_ok        1D8A            Init_Serial_UCA0 (init)
                                                   USCI_A0_ISR (interrupt_serial)
                                                   USCI_A1_ISR (interrupt_serial)
    -------------------------------------------------------------------------
DATA16_Z
  Relative segment, address: 1C96 - 1C97 (0x2 bytes), align: 1
  Segment part 71.
           ENTRY                   ADDRESS         REF BY
           =====                   =======         ======
           driveTime               1C96            commands (commands)
    -------------------------------------------------------------------------
DATA16_Z
  Relative segment, address: 1C98 - 1C99 (0x2 bytes), align: 1
  Segment part 72.            Intra module refs:   main
           ENTRY                   ADDRESS         REF BY
           =====                   =======         ======
           star_pointer            1C98 
    -------------------------------------------------------------------------
DATA16_Z
  Relative segment, address: 1C9A - 1C9B (0x2 bytes), align: 1
  Segment part 73.            Intra module refs:   main
           ENTRY                   ADDRESS         REF BY
           =====                   =======         ======
           ip_pointer              1C9A 
    -------------------------------------------------------------------------
DATA16_Z
  Relative segment, address: 1D8B - 1DAB (0x21 bytes), align: 0
  Segment part 74.            Intra module refs:   main
           ENTRY                   ADDRESS         REF BY
           =====                   =======         ======
           ip_address              1D8B 
    -------------------------------------------------------------------------
DATA16_Z
  Relative segment, address: 1DAC - 1DB6 (0xb bytes), align: 0
  Segment part 75.            Intra module refs:   main
           ENTRY                   ADDRESS         REF BY
           =====                   =======         ======
           ip_address_line1        1DAC 
    -------------------------------------------------------------------------
DATA16_Z
  Relative segment, address: 1DB7 - 1DBA (0x4 bytes), align: 0
  Segment part 76.            Intra module refs:   main
           ENTRY                   ADDRESS         REF BY
           =====                   =======         ======
           ip_address_line4        1DB7 
    -------------------------------------------------------------------------
<CODE> 1 (was CODE)
  Relative segment, address: C6CA - C8AB (0x1e2 bytes), align: 1
  Segment part 78.
           ENTRY                   ADDRESS         REF BY
           =====                   =======         ======
           main                    C6CA            Segment part 26 (?cstart)
               calls direct
    -------------------------------------------------------------------------
DATA16_C
  Relative segment, address: C222 - C22A (0x9 bytes), align: 0
  Segment part 4.             Intra module refs:   main
    -------------------------------------------------------------------------
DATA16_C
  Relative segment, address: C22B - C238 (0xe bytes), align: 0
  Segment part 5.             Intra module refs:   main
    -------------------------------------------------------------------------
DATA16_C
  Relative segment, address: C239 - C23A (0x2 bytes), align: 0
  Segment part 6.             Intra module refs:   main
    -------------------------------------------------------------------------
DATA16_C
  Relative segment, address: C23B - C23C (0x2 bytes), align: 0
  Segment part 7.             Intra module refs:   main

    *************************************************************************

  FILE NAME : C:\Users\Paul\Documents\ECE 306\Project 8\Debug\Obj\ports.r43
  PROGRAM MODULE, NAME : ports

  SEGMENTS IN THE MODULE
  ======================
DATA16_AN
  Relative segment, address: 0204 - 0205 (0x2 bytes), align: 0
  Segment part 2. ROOT        Intra module refs:   Init_Port1
                                                   Init_Port2
           ENTRY                   ADDRESS         REF BY
           =====                   =======         ======
           _A_PADIR_L              0204 
           LOCAL                   ADDRESS         
           =====                   =======         
           PADIR                   0204 
           PADIR_H                 0205 
           PADIR_L                 0204 
    -------------------------------------------------------------------------
DATA16_AN
  Relative segment, address: 0206 - 0207 (0x2 bytes), align: 0
  Segment part 3. ROOT        Intra module refs:   Init_Port1
                                                   Init_Port2
           ENTRY                   ADDRESS         REF BY
           =====                   =======         ======
           _A_PAREN_L              0206 
           LOCAL                   ADDRESS         
           =====                   =======         
           PAREN                   0206 
           PAREN_H                 0207 
           PAREN_L                 0206 
    -------------------------------------------------------------------------
DATA16_AN
  Relative segment, address: 020A - 020B (0x2 bytes), align: 0
  Segment part 4. ROOT        Intra module refs:   Init_Port1
                                                   Init_Port2
           ENTRY                   ADDRESS         REF BY
           =====                   =======         ======
           _A_PASEL0_L             020A 
           LOCAL                   ADDRESS         
           =====                   =======         
           PASEL0                  020A 
           PASEL0_H                020B 
           PASEL0_L                020A 
    -------------------------------------------------------------------------
DATA16_AN
  Relative segment, address: 020C - 020D (0x2 bytes), align: 0
  Segment part 5. ROOT        Intra module refs:   Init_Port1
                                                   Init_Port2
           ENTRY                   ADDRESS         REF BY
           =====                   =======         ======
           _A_PASEL1_L             020C 
           LOCAL                   ADDRESS         
           =====                   =======         
           PASEL1                  020C 
           PASEL1_H                020D 
           PASEL1_L                020C 
    -------------------------------------------------------------------------
DATA16_AN
  Relative segment, address: 0224 - 0225 (0x2 bytes), align: 0
  Segment part 7. ROOT        Intra module refs:   Init_Port3
                                                   Init_Port4
           ENTRY                   ADDRESS         REF BY
           =====                   =======         ======
           _A_PBDIR_L              0224 
           LOCAL                   ADDRESS         
           =====                   =======         
           PBDIR                   0224 
           PBDIR_H                 0225 
           PBDIR_L                 0224 
    -------------------------------------------------------------------------
DATA16_AN
  Relative segment, address: 0226 - 0227 (0x2 bytes), align: 0
  Segment part 8. ROOT        Intra module refs:   Init_Port3
                                                   Init_Port4
           ENTRY                   ADDRESS         REF BY
           =====                   =======         ======
           _A_PBREN_L              0226 
           LOCAL                   ADDRESS         
           =====                   =======         
           PBREN                   0226 
           PBREN_H                 0227 
           PBREN_L                 0226 
    -------------------------------------------------------------------------
DATA16_AN
  Relative segment, address: 022A - 022B (0x2 bytes), align: 0
  Segment part 9. ROOT        Intra module refs:   Init_Port3
                                                   Init_Port4
           ENTRY                   ADDRESS         REF BY
           =====                   =======         ======
           _A_PBSEL0_L             022A 
           LOCAL                   ADDRESS         
           =====                   =======         
           PBSEL0                  022A 
           PBSEL0_H                022B 
           PBSEL0_L                022A 
    -------------------------------------------------------------------------
DATA16_AN
  Relative segment, address: 022C - 022D (0x2 bytes), align: 0
  Segment part 10. ROOT       Intra module refs:   Init_Port3
                                                   Init_Port4
           ENTRY                   ADDRESS         REF BY
[...]
ISR_CODE
  Relative segment, address: C41E - C431 (0x14 bytes), align: 1
  Segment part 31.            Intra module refs:   timer_0_A0::??INTVEC 90
           ENTRY                   ADDRESS         REF BY
           =====                   =======         ======
           timer_0_A0              C41E 
               interrupt function
    -------------------------------------------------------------------------
ISR_CODE
  Relative segment, address: C432 - C477 (0x46 bytes), align: 1
  Segment part 32.            Intra module refs:   timer_1_A1::??INTVEC 88
           ENTRY                   ADDRESS         REF BY
           =====                   =======         ======
           timer_1_A1              C432 
               interrupt function
    -------------------------------------------------------------------------
<CODE> 1 (was CODE)
  Relative segment, address: CE44 - CE77 (0x34 bytes), align: 1
  Segment part 27.            Intra module refs:   Init_Timers
           ENTRY                   ADDRESS         REF BY
           =====                   =======         ======
           Init_Timer_B1           CE44 
    -------------------------------------------------------------------------
<CODE> 1 (was CODE)
  Relative segment, address: CE10 - CE43 (0x34 bytes), align: 1
  Segment part 26.            Intra module refs:   Init_Timers
           ENTRY                   ADDRESS         REF BY
           =====                   =======         ======
           Init_Timer_B2           CE10 
    -------------------------------------------------------------------------
INTVEC
  Common segment, address: FF90 - FFE9 (0x5a bytes), align: 1
  Segment part 23. ROOT 
           ENTRY                   ADDRESS         REF BY
           =====                   =======         ======
           timer_1_A1::??INTVEC 88
                                   FFE8 
    -------------------------------------------------------------------------
INTVEC
  Common segment, address: FF90 - FFEB (0x5c bytes), align: 1
  Segment part 24. ROOT 
           ENTRY                   ADDRESS         REF BY
           =====                   =======         ======
           timer_0_A0::??INTVEC 90
                                   FFEA 

    *************************************************************************

  FILE NAME : C:\Users\Paul\Documents\ECE 306\Project 8\Debug\Obj\trans_recieve.r43
  PROGRAM MODULE, NAME : trans_recieve

  SEGMENTS IN THE MODULE
  ======================
DATA16_AN
  Relative segment, address: 05DC - 05DD (0x2 bytes), align: 0
  Segment part 2. ROOT        Intra module refs:   Transmit_UCA0
           ENTRY                   ADDRESS         REF BY
           =====                   =======         ======
           _A_UCA0IFG_L            05DC 
           LOCAL                   ADDRESS         
           =====                   =======         
           UCA0IFG                 05DC 
           UCA0IFG_H               05DD 
           UCA0IFG_L               05DC 
    -------------------------------------------------------------------------
DATA16_AN
  Relative segment, address: 05EE - 05EF (0x2 bytes), align: 0
  Segment part 3. ROOT        Intra module refs:   Transmit_UCA1
           ENTRY                   ADDRESS         REF BY
           =====                   =======         ======
           _A_UCA1TXBUF_L          05EE 
           LOCAL                   ADDRESS         
           =====                   =======         
           UCA1TXBUF               05EE 
           UCA1TXBUF_H             05EF 
           UCA1TXBUF_L             05EE 
    -------------------------------------------------------------------------
DATA16_AN
  Relative segment, address: 05FC - 05FD (0x2 bytes), align: 0
  Segment part 4. ROOT        Intra module refs:   Transmit_UCA1
           ENTRY                   ADDRESS         REF BY
           =====                   =======         ======
           _A_UCA1IFG_L            05FC 
           LOCAL                   ADDRESS         
           =====                   =======         
           UCA1IFG                 05FC 
           UCA1IFG_H               05FD 
           UCA1IFG_L               05FC 
    -------------------------------------------------------------------------
<CODE> 1 (was CODE)
  Relative segment, address: CFDE - CFEB (0xe bytes), align: 1
  Segment part 6.
           ENTRY                   ADDRESS         REF BY
           =====                   =======         ======
           Transmit_UCA0           CFDE            USCI_A1_ISR (interrupt_serial)
    -------------------------------------------------------------------------
<CODE> 1 (was CODE)
  Relative segment, address: CFEC - CFF9 (0xe bytes), align: 1
  Segment part 7.
           ENTRY                   ADDRESS         REF BY
           =====                   =======         ======
           Transmit_UCA1           CFEC            USCI_A0_ISR (interrupt_serial)

    *************************************************************************

  FILE NAME : C:\Program Files (x86)\IAR Systems\Embedded Workbench 7.4\430\lib\dlib\dl430xlsfn.r43
  LIBRARY MODULE, NAME : ?__dbg_break

  SEGMENTS IN THE MODULE
  ======================
<CODE> 1 (was CODE)
  Relative segment, address: D040 - D041 (0x2 bytes), align: 1
  Segment part 2.
           ENTRY                   ADDRESS         REF BY
           =====                   =======         ======
           __DebugBreak            D040            __exit (?__exit)

    -------------------------------------------------------------------------
  LIBRARY MODULE, NAME : ?__exit

  SEGMENTS IN THE MODULE
  ======================
<CODE> 1 (was CODE)
  Relative segment, address: CF4C - CF5F (0x14 bytes), align: 1
  Segment part 2.
           ENTRY                   ADDRESS         REF BY
           =====                   =======         ======
           __exit                  CF4C            Segment part 6 (?_exit)
                                                   _exit (?_exit)
               calls direct

    -------------------------------------------------------------------------
  LIBRARY MODULE, NAME : ?_exit

  SEGMENTS IN THE MODULE
  ======================
<CODE> 1 (was CODE)
  Relative segment, address: D038, align: 1
  Segment part 0.
           ENTRY                   ADDRESS         REF BY
           =====                   =======         ======
           _exit                   D038            exit (?exit)
    -------------------------------------------------------------------------
<CODE> 1 (was CODE)
  Relative segment, address: D038 - D03B (0x4 bytes), align: 1
  Segment part 6.             Intra module refs:   _exit

    -------------------------------------------------------------------------
  LIBRARY MODULE, NAME : ?cstart

  SEGMENTS IN THE MODULE
  ======================
CSTACK
  Relative segment, address: 1F60, align: 1
  Segment part 1.
    -------------------------------------------------------------------------
DATA16_Z
  Relative segment, address: 1C9C, align: 1
  Segment part 2.
    -------------------------------------------------------------------------
CODE_I
  Relative segment, address: 1DBC, align: 1
  Segment part 5.
    -------------------------------------------------------------------------
CODE_ID
  Relative segment, address: C478, align: 1
  Segment part 6.
    -------------------------------------------------------------------------
DATA20_Z
  Relative segment, address: 1DBC, align: 1
  Segment part 7.
    -------------------------------------------------------------------------
DATA20_I
  Relative segment, address: 1DBC, align: 1
  Segment part 8.
    -------------------------------------------------------------------------
DATA20_ID
  Relative segment, address: C23E, align: 1
  Segment part 9.
    -------------------------------------------------------------------------
DATA20_C
  Relative segment, address: C23E, align: 1
  Segment part 10.
    -------------------------------------------------------------------------
DATA20_N
  Relative segment, address: 1DBC, align: 1
  Segment part 12.
    -------------------------------------------------------------------------
CSTART
  Relative segment, address: C23E - C241 (0x4 bytes), align: 1
  Segment part 15.
           ENTRY                   ADDRESS         REF BY
           =====                   =======         ======
           __program_start         C23E            ?reset_vector (?reset_vector)
                                                   Absolute parts (?ABS_ENTRY_MOD)
           ?cstart_begin           C23E 
    -------------------------------------------------------------------------
CSTART
  Relative segment, address: C242 - C24D (0xc bytes), align: 1
  Segment part 19.
           ENTRY                   ADDRESS         REF BY
           =====                   =======         ======
           ?cstart_init_zero       C242            ADC_Left_Detector (main)
                                                   ADC_Right_Detector (main)
                                                   ADC_Thumb (main)
                                                   SW1_Pressed (main)
                                                   SW2_Pressed (main)
                                                   Time_Sequence (main)
                                                   USB_Char_Rx_A0 (main)
                                                   USB_Char_Rx_A1 (main)
                                                   USB_Char_Tx (main)
                                                   channel (main)
                                                   character_Recieved (main)
                                                   display_1 (LCD)
                                                   display_2 (LCD)
                                                   display_3 (LCD)
                                                   display_4 (LCD)
                                                   display_delay (main)
                                                   display_line_1 (LCD)
                                                   display_line_2 (LCD)
                                                   display_line_3 (LCD)
                                                   display_line_4 (LCD)
                                                   driveTime (main)
                                                   hereNullsec (main)
                                                   i (main)
                                                   ip_address (main)
                                                   ip_address_line1 (main)
                                                   ip_address_line4 (main)
                                                   ip_pointer (main)
                                                   j (main)
                                                   left_forward_rate (main)
                                                   left_reverse_rate (main)
                                                   password_Status (main)
                                                   plus_found (main)
                                                   posL1 (main)
                                                   posL2 (main)
                                                   posL3 (main)
                                                   posL4 (main)
                                                   pressed_SW1 (main)
                                                   pressed_SW2 (main)
                                                   right_forward_rate (main)
                                                   right_reverse_rate (main)
                                                   star_found (main)
                                                   star_pointer (main)
                                                   temp0 (main)
                                                   temp1 (main)
                                                   tempArray (main)
                                                   temp_test (main)
                                                   time (main)
                                                   time_delay (main)
                                                   trans_recieve_wait (main)
                                                   transmit_2_pc_ok (main)
                                                   usb_rx_ring_rd_A0 (main)
                                                   usb_rx_ring_rd_A1 (main)
                                                   usb_rx_ring_wr_A0 (main)
                                                   usb_rx_ring_wr_A1 (main)
                                                   usb_tx_ring_rd_A0 (main)
                                                   usb_tx_ring_rd_A1 (main)
                                                   usb_tx_ring_wr_A0 (main)
                                                   usb_tx_ring_wr_A1 (main)
    -------------------------------------------------------------------------
CSTART
  Relative segment, address: C24E - C255 (0x8 bytes), align: 1
  Segment part 26.            Intra module refs:   Segment part 15
           ENTRY                   ADDRESS         REF BY
           =====                   =======         ======
           ?cstart_call_main       C24E 
           ?cstart_end             C256 
    -------------------------------------------------------------------------
CODE_ID
  Relative segment, address: C478, align: 1
  Segment part 27.            Intra module refs:   Segment part 5

    -------------------------------------------------------------------------
  LIBRARY MODULE, NAME : ?reset_vector

  SEGMENTS IN THE MODULE
  ======================
RESET
  Relative segment, address: FFFE - FFFF (0x2 bytes), align: 1
  Segment part 0.
           ENTRY                   ADDRESS         REF BY
           =====                   =======         ======
           ?reset_vector           FFFE            Segment part 15 (?cstart)

    -------------------------------------------------------------------------
  LIBRARY MODULE, NAME : ?exit

  SEGMENTS IN THE MODULE
  ======================
<CODE> 1 (was CODE)
  Relative segment, address: D034 - D037 (0x4 bytes), align: 1
  Segment part 2.
           ENTRY                   ADDRESS         REF BY
           =====                   =======         ======
           exit                    D034            Segment part 26 (?cstart)
               calls direct

    -------------------------------------------------------------------------
  LIBRARY MODULE, NAME : ?memzero

  SEGMENTS IN THE MODULE
  ======================
<CODE> 1 (was CODE)
  Relative segment, address: CFCE - CFDD (0x10 bytes), align: 1
  Segment part 2.
           ENTRY                   ADDRESS         REF BY
           =====                   =======         ======
           __data16_memzero        CFCE            ?cstart_init_zero (?cstart)

    -------------------------------------------------------------------------
  LIBRARY MODULE, NAME : ?strstr

  SEGMENTS IN THE MODULE
  ======================
<CODE> 1 (was CODE)
  Relative segment, address: CDDC - CE0F (0x34 bytes), align: 1
  Segment part 2.
           ENTRY                   ADDRESS         REF BY
           =====                   =======         ======
           __iar_Strstr            CDDC            strstr (main)




                ****************************************
                *                                      *
                *      SEGMENTS IN ADDRESS ORDER       *
                *                                      *
                ****************************************


SEGMENT              SPACE    START ADDRESS   END ADDRESS     SIZE  TYPE  ALIGN
=======              =====    =============   ===========     ====  ====  =====
DATA16_AN                              015C - 015D               2   rel    0
                                       0160 - 0169               A 
                                       0202 - 0207               6 
                                       020A - 020D               4 
                                       0222 - 0227               6 
                                       022A - 022D               4 
                                       0238 - 023D               6 
                                       0322 - 0325               4 
                                       032A - 032D               4 
                                       0340 - 0347               8 
                                       0350 - 0357               8 
                                       0360 - 0361               2 
                                       036E - 036F               2 
                                       0400 - 0401               2 
                                       0404 - 0407               4 
                                       0412 - 0417               6 
                                       0440 - 0441               2 
                                       0444 - 0447               4 
                                       0452 - 0457               6 
                                       05C0 - 05C1               2 
                                       05C6 - 05C9               4 
                                       05CC - 05CF               4 
                                       05DA - 05E1               8 
                                       05E6 - 05E9               4 
                                       05EC - 05EF               4 
                                       05FA - 05FF               6 
                                       0640 - 0641               2 
                                       0646 - 0647               2 
                                       064E - 064F               2 
                                       066C - 066D               2 
                                       0700 - 0705               6 
                                       070A - 070B               2 
                                       0712 - 0713               2 
                                       071A - 071B               2 
                                       071E - 071F               2 
DATA16_I                                  1C00                       dse    0
DATA16_Z                               1C00 - 1DBA             1BB   rel    1
DATA20_I                                  1DBC                       rel    1
DATA20_Z                                  1DBC                       rel    1
DATA20_N                                  1DBC                       rel    1
CODE_I                                    1DBC                       rel    1
CSTACK                                 1F60 - 1FFF              A0   rel    1
DATA16_C                               C200 - C23C              3D   rel    0
DATA20_ID                                 C23E                       rel    1
DATA20_C                                  C23E                       rel    1
CSTART                                 C23E - C255              18   rel    1
ISR_CODE                               C256 - C477             222   rel    1
CODE_ID                                   C478                       rel    1
<CODE> 1                               C478 - D041             BCA   rel    1
INTVEC                                 FF90 - FFF1              62   com    1
RESET                                  FFFE - FFFF               2   rel    1

                ****************************************
                *                                      *
                *        END OF CROSS REFERENCE        *
                *                                      *
                ****************************************

 3 688 bytes of CODE  memory
   603 bytes of DATA  memory (+ 144 absolute )
    61 bytes of CONST memory

Errors: none
Warnings: none

