################################################################################
#                                                                              #
#      IAR Universal Linker V6.4.6.89                                          #
#                                                                              #
#           Link time     =  25/Oct/2016  16:20:39                             #
#           Target CPU    =  MSP430                                            #
#           List file     =  "C:\Users\Paul\Documents\ECE 306\Project 6\Debug\ #
#                            List\Project 6.map"                               #
#           Output file 1 =  "C:\Users\Paul\Documents\ECE 306\Project 6\Debug\ #
#                            Exe\Project 6.d43"                                #
#                            Format: ubrof10                                   #
#                            UBROF version 10.0.6                              #
#                            Using library modules for C-SPY (-rt)             #
#           Command line  =  "C:\Users\Paul\Documents\ECE 306\Project 6\Debug\ #
#                            Obj\adc.r43"                                      #
#                            "C:\Users\Paul\Documents\ECE 306\Project 6\Debug\ #
#                            Obj\circle.r43"                                   #
#                            "C:\Users\Paul\Documents\ECE 306\Project 6\Debug\ #
#                            Obj\clocks.r43"                                   #
#                            "C:\Users\Paul\Documents\ECE 306\Project 6\Debug\ #
#                            Obj\control.r43"                                  #
#                            "C:\Users\Paul\Documents\ECE 306\Project 6\Debug\ #
#                            Obj\hex_to_bcd.r43"                               #
#                            "C:\Users\Paul\Documents\ECE 306\Project 6\Debug\ #
#                            Obj\init.r43"                                     #
#                            "C:\Users\Paul\Documents\ECE 306\Project 6\Debug\ #
#                            Obj\interrupt_port.r43"                           #
#                            "C:\Users\Paul\Documents\ECE 306\Project 6\LCD.r4 #
#                            3"                                                #
#                            "C:\Users\Paul\Documents\ECE 306\Project 6\Debug\ #
#                            Obj\main.r43"                                     #
#                            "C:\Users\Paul\Documents\ECE 306\Project 6\Debug\ #
#                            Obj\ports.r43"                                    #
#                            "C:\Users\Paul\Documents\ECE 306\Project 6\Debug\ #
#                            Obj\switch.r43"                                   #
#                            "C:\Users\Paul\Documents\ECE 306\Project 6\Debug\ #
#                            Obj\system.r43"                                   #
#                            "C:\Users\Paul\Documents\ECE 306\Project 6\Debug\ #
#                            Obj\timers.r43"                                   #
#                            -o                                                #
#                            "C:\Users\Paul\Documents\ECE 306\Project 6\Debug\ #
#                            Exe\Project 6.d43"                                #
#                            -l                                                #
#                            "C:\Users\Paul\Documents\ECE 306\Project 6\Debug\ #
#                            List\Project 6.map"                               #
#                            -xms                                              #
#                            "-IC:\Program Files (x86)\IAR Systems\Embedded Wo #
#                            rkbench 7.4\430\LIB\"                             #
#                            -f                                                #
#                            "C:\Program Files (x86)\IAR Systems\Embedded Work #
#                            bench 7.4\430\config\linker\lnk430fr5739.xcl"     #
#                            (-cmsp430 -QCODE_I=CODE_ID -QTLS16_I=TLS16_ID     #
#                            -D__iar_HWMUL=4C0 -Z(CONST)INFO=1800-18FF         #
#                            -Z(CONST)INFOA=1880-18FF                          #
#                            -Z(CONST)INFOB=1800-187F                          #
#                            -Z(DATA)DATA16_I,DATA16_Z,DATA16_N,TLS16_I=1C00-1 #
#                            FFF                                               #
#                            -Z(DATA)CODE_I                                    #
#                            -Z(DATA)DATA20_I,DATA20_Z,DATA20_N                #
#                            -Z(DATA)CSTACK+_STACK_SIZE#                       #
#                            -Z(CONST)DATA16_P,DATA20_P=C200-FF7F              #
#                            -Z(DATA)DATA16_HEAP+_DATA16_HEAP_SIZE,DATA20_HEAP #
#                            +_DATA20_HEAP_SIZE                                #
#                            -Z(CONST)MPU_B1                                   #
#                            -Z(CONST)DATA16_C,DATA16_ID,TLS16_ID,DIFUNCT,CHEC #
#                            KSUM=C200-FF7F                                    #
#                            -Z(CONST)DATA20_C,DATA20_ID -Z(CONST)MPU_B2       #
#                            -Z(CODE)CSTART,ISR_CODE,CODE_ID=C200-FF7F         #
#                            -P(CODE)CODE,CODE16=C200-FF7F -Z(CODE)CODE_PAD    #
#                            -Z(CONST)SIGNATURE=FF80-FF8F                      #
#                            -Z(CODE)INTVEC=FF90-FFFF                          #
#                            -Z(CODE)RESET=FFFE-FFFF) -f                       #
#                            "C:\Program Files (x86)\IAR Systems\Embedded Work #
#                            bench 7.4\430\config\linker\multiplier32.xcl"     #
#                            (-e?Mul8Hw=?Mul8 -e?Mul16Hw=?Mul16                #
#                            -e?Mul16to32uHw=?Mul16to32u                       #
#                            -e?Mul16to32sHw=?Mul16to32s -e?Mul32Hw32=?Mul32   #
#                            -e?Mul64Hw32=_Mul64i                              #
#                            -e?Mul32u32uto64iHw32=_Mul32u32uto64i             #
#                            -e?Mul32fHw32=_Mul32f                             #
#                            -e_Mul64fHw32Ptr=_Mul64fPtr) -D_STACK_SIZE=A0     #
#                            -rt                                               #
#                            "C:\Program Files (x86)\IAR Systems\Embedded Work #
#                            bench 7.4\430\lib\dlib\dl430xlsfn.r43"            #
#                            -D_DATA16_HEAP_SIZE=A0 -s __program_start         #
#                            -D_DATA20_HEAP_SIZE=50                            #
#                                                                              #
#                           Copyright (C) 1987-2016 IAR Systems AB.            #
################################################################################





                ****************************************
                *                                      *
                *           CROSS REFERENCE            *
                *                                      *
                ****************************************

       Program entry at :           C218  Relocatable, from module : ?cstart




                ****************************************
                *                                      *
                *            RUNTIME MODEL             *
                *                                      *
                ****************************************

  __Heap_Handler             = Basic
  __SystemLibrary            = DLib
  __code_model               = large
  __core                     = 430X
  __data_model               = small
  __dlib_file_descriptor     = 0
  __dlib_full_locale_support = 0
  __double_size              = 32
  __pic                      = no
  __reg_r4                   = free
  __reg_r5                   = free
  __rt_version               = 3

                ****************************************
                *                                      *
                *    AUTOMATIC SYMBOL REDIRECTIONS     *
                *                                      *
                ****************************************

                  There are no automatic symbol redirections.



                ****************************************
                *                                      *
                *              MODULE MAP              *
                *                                      *
                ****************************************


  DEFINED ABSOLUTE ENTRIES
    *************************************************************************

  DEFINED ABSOLUTE ENTRIES
  PROGRAM MODULE, NAME : ?ABS_ENTRY_MOD

Absolute parts
           ENTRY                   ADDRESS         REF BY
           =====                   =======         ======
           _DATA20_HEAP_SIZE       0050 
           _DATA16_HEAP_SIZE       00A0 
           _STACK_SIZE             00A0 
           __iar_HWMUL             04C0 
    *************************************************************************

  FILE NAME : C:\Users\Paul\Documents\ECE 306\Project 6\Debug\Obj\adc.r43
  PROGRAM MODULE, NAME : adc

  SEGMENTS IN THE MODULE
  ======================
DATA16_AN
  Relative segment, address: 0700 - 0701 (0x2 bytes), align: 0
  Segment part 1. ROOT        Intra module refs:   ADC10_ISR
                                                   Init_ADC (init)
                                                   main (main)
           ENTRY                   ADDRESS         REF BY
           =====                   =======         ======
           _A_ADC10CTL0_L          0700 
           LOCAL                   ADDRESS         
           =====                   =======         
           ADC10CTL0               0700 
           ADC10CTL0_H             0701 
           ADC10CTL0_L             0700 
    -------------------------------------------------------------------------
DATA16_AN
  Relative segment, address: 070A - 070B (0x2 bytes), align: 0
  Segment part 2. ROOT        Intra module refs:   ADC10_ISR
                                                   Init_ADC (init)
           ENTRY                   ADDRESS         REF BY
           =====                   =======         ======
           _A_ADC10MCTL0_L         070A 
           LOCAL                   ADDRESS         
           =====                   =======         
           ADC10MCTL0              070A 
           ADC10MCTL0_H            070B 
           ADC10MCTL0_L            070A 
    -------------------------------------------------------------------------
DATA16_AN
  Relative segment, address: 0712 - 0713 (0x2 bytes), align: 0
  Segment part 3. ROOT        Intra module refs:   ADC10_ISR
           ENTRY                   ADDRESS         REF BY
           =====                   =======         ======
           _A_ADC10MEM0_L          0712 
           LOCAL                   ADDRESS         
           =====                   =======         
           ADC10MEM0               0712 
           ADC10MEM0_H             0713 
           ADC10MEM0_L             0712 
    -------------------------------------------------------------------------
DATA16_AN
  Relative segment, address: 071E - 071F (0x2 bytes), align: 0
  Segment part 4. ROOT        Intra module refs:   ADC10_ISR
           ENTRY                   ADDRESS         REF BY
           =====                   =======         ======
           _A_ADC10IV_L            071E 
           LOCAL                   ADDRESS         
           =====                   =======         
           ADC10IV                 071E 
           ADC10IV_H               071F 
           ADC10IV_L               071E 
    -------------------------------------------------------------------------
ISR_CODE
  Relative segment, address: C230 - C29F (0x70 bytes), align: 1
  Segment part 7.             Intra module refs:   ADC10_ISR::??INTVEC 92
           ENTRY                   ADDRESS         REF BY
           =====                   =======         ======
           ADC10_ISR               C230 
               interrupt function
    -------------------------------------------------------------------------
INTVEC
  Common segment, address: FF90 - FFED (0x5e bytes), align: 1
  Segment part 5. ROOT 
           ENTRY                   ADDRESS         REF BY
           =====                   =======         ======
           ADC10_ISR::??INTVEC 92
                                   FFEC 

    *************************************************************************

  FILE NAME : C:\Users\Paul\Documents\ECE 306\Project 6\Debug\Obj\circle.r43
    *************************************************************************

  FILE NAME : C:\Users\Paul\Documents\ECE 306\Project 6\Debug\Obj\clocks.r43
  PROGRAM MODULE, NAME : clocks

  SEGMENTS IN THE MODULE
  ======================
DATA16_AN
  Relative segment, address: 0160 - 0161 (0x2 bytes), align: 0
  Segment part 1. ROOT        Intra module refs:   Init_Clocks
           ENTRY                   ADDRESS         REF BY
           =====                   =======         ======
           _A_CSCTL0_L             0160 
           LOCAL                   ADDRESS         
           =====                   =======         
           CSCTL0                  0160 
           CSCTL0_H                0161 
           CSCTL0_L                0160 
    -------------------------------------------------------------------------
DATA16_AN
  Relative segment, address: 0162 - 0163 (0x2 bytes), align: 0
  Segment part 2. ROOT        Intra module refs:   Init_Clocks
           ENTRY                   ADDRESS         REF BY
           =====                   =======         ======
           _A_CSCTL1_L             0162 
           LOCAL                   ADDRESS         
           =====                   =======         
           CSCTL1                  0162 
           CSCTL1_H                0163 
           CSCTL1_L                0162 
    -------------------------------------------------------------------------
DATA16_AN
  Relative segment, address: 0164 - 0165 (0x2 bytes), align: 0
  Segment part 3. ROOT        Intra module refs:   Init_Clocks
           ENTRY                   ADDRESS         REF BY
           =====                   =======         ======
           _A_CSCTL2_L             0164 
           LOCAL                   ADDRESS         
           =====                   =======         
           CSCTL2                  0164 
           CSCTL2_H                0165 
           CSCTL2_L                0164 
    -------------------------------------------------------------------------
DATA16_AN
  Relative segment, address: 0166 - 0167 (0x2 bytes), align: 0
  Segment part 4. ROOT        Intra module refs:   Init_Clocks
           ENTRY                   ADDRESS         REF BY
           =====                   =======         ======
           _A_CSCTL3_L             0166 
           LOCAL                   ADDRESS         
           =====                   =======         
           CSCTL3                  0166 
           CSCTL3_H                0167 
           CSCTL3_L                0166 
    -------------------------------------------------------------------------
DATA16_AN
  Relative segment, address: 0168 - 0169 (0x2 bytes), align: 0
  Segment part 5. ROOT        Intra module refs:   Init_Clocks
           ENTRY                   ADDRESS         REF BY
           =====                   =======         ======
           _A_CSCTL4_L             0168 
           LOCAL                   ADDRESS         
           =====                   =======         
           CSCTL4                  0168 
           CSCTL4_H                0169 
           CSCTL4_L                0168 
    -------------------------------------------------------------------------
DATA16_AN
  Relative segment, address: 015C - 015D (0x2 bytes), align: 0
  Segment part 6. ROOT        Intra module refs:   Init_Clocks
           ENTRY                   ADDRESS         REF BY
           =====                   =======         ======
           _A_WDTCTL_L             015C 
           LOCAL                   ADDRESS         
           =====                   =======         
           WDTCTL                  015C 
           WDTCTL_H                015D 
           WDTCTL_L                015C 
    -------------------------------------------------------------------------
<CODE> 1 (was CODE)
  Relative segment, address: C9F0 - CA61 (0x72 bytes), align: 1
  Segment part 8.
           ENTRY                   ADDRESS         REF BY
           =====                   =======         ======
           Init_Clocks             C9F0            main (main)

    *************************************************************************

  FILE NAME : C:\Users\Paul\Documents\ECE 306\Project 6\Debug\Obj\control.r43
  PROGRAM MODULE, NAME : control

  SEGMENTS IN THE MODULE
  ======================
DATA16_AN
  Relative segment, address: 0222 - 0223 (0x2 bytes), align: 0
  Segment part 1. ROOT        Intra module refs:   Init_LCD (LCD)
                                                   Init_Port3 (ports)
                                                   Init_Port4 (ports)
                                                   main (main)
           ENTRY                   ADDRESS         REF BY
           =====                   =======         ======
           _A_PBOUT_L              0222 
           LOCAL                   ADDRESS         
           =====                   =======         
           PBOUT                   0222 
           PBOUT_H                 0223 
           PBOUT_L                 0222 

    *************************************************************************

  FILE NAME : C:\Users\Paul\Documents\ECE 306\Project 6\Debug\Obj\hex_to_bcd.r43
  PROGRAM MODULE, NAME : hex_to_bcd

  SEGMENTS IN THE MODULE
  ======================
<CODE> 1 (was CODE)
  Relative segment, address: C97A - C9EF (0x76 bytes), align: 1
  Segment part 2.
           ENTRY                   ADDRESS         REF BY
           =====                   =======         ======
           HEXtoBCD                C97A            main (main)

    *************************************************************************

  FILE NAME : C:\Users\Paul\Documents\ECE 306\Project 6\Debug\Obj\init.r43
  PROGRAM MODULE, NAME : init

  SEGMENTS IN THE MODULE
  ======================
DATA16_AN
  Relative segment, address: 0702 - 0703 (0x2 bytes), align: 0
  Segment part 2. ROOT        Intra module refs:   Init_ADC
           ENTRY                   ADDRESS         REF BY
           =====                   =======         ======
           _A_ADC10CTL1_L          0702 
           LOCAL                   ADDRESS         
           =====                   =======         
           ADC10CTL1               0702 
           ADC10CTL1_H             0703 
           ADC10CTL1_L             0702 
    -------------------------------------------------------------------------
DATA16_AN
  Relative segment, address: 0704 - 0705 (0x2 bytes), align: 0
  Segment part 3. ROOT        Intra module refs:   Init_ADC
           ENTRY                   ADDRESS         REF BY
           =====                   =======         ======
           _A_ADC10CTL2_L          0704 
           LOCAL                   ADDRESS         
           =====                   =======         
           ADC10CTL2               0704 
           ADC10CTL2_H             0705 
           ADC10CTL2_L             0704 
    -------------------------------------------------------------------------
DATA16_AN
  Relative segment, address: 071A - 071B (0x2 bytes), align: 0
  Segment part 5. ROOT        Intra module refs:   Init_ADC
           ENTRY                   ADDRESS         REF BY
           =====                   =======         ======
           _A_ADC10IE_L            071A 
           LOCAL                   ADDRESS         
           =====                   =======         
           ADC10IE                 071A 
           ADC10IE_H               071B 
           ADC10IE_L               071A 
    -------------------------------------------------------------------------
<CODE> 1 (was CODE)
  Relative segment, address: CCB2 - CCCF (0x1e bytes), align: 1
  Segment part 7.
           ENTRY                   ADDRESS         REF BY
           =====                   =======         ======
           Init_Conditions         CCB2            main (main)
               calls direct
    -------------------------------------------------------------------------
<CODE> 1 (was CODE)
  Relative segment, address: CA62 - CACD (0x6c bytes), align: 1
  Segment part 9.
           ENTRY                   ADDRESS         REF BY
           =====                   =======         ======
           Init_ADC                CA62            main (main)

    *************************************************************************

  FILE NAME : C:\Users\Paul\Documents\ECE 306\Project 6\Debug\Obj\interrupt_port.r43
  PROGRAM MODULE, NAME : interrupt_port

  SEGMENTS IN THE MODULE
  ======================
DATA16_AN
  Relative segment, address: 023A - 023B (0x2 bytes), align: 0
  Segment part 1. ROOT        Intra module refs:   Init_Port4 (ports)
                                                   switch_interrupt
                                                   timer_1_A1 (timers)
           ENTRY                   ADDRESS         REF BY
           =====                   =======         ======
           _A_PBIE_L               023A 
           LOCAL                   ADDRESS         
           =====                   =======         
           PBIE                    023A 
           PBIE_H                  023B 
           PBIE_L                  023A 
    -------------------------------------------------------------------------
DATA16_AN
  Relative segment, address: 023C - 023D (0x2 bytes), align: 0
  Segment part 2. ROOT        Intra module refs:   Init_Port4 (ports)
                                                   switch_interrupt
           ENTRY                   ADDRESS         REF BY
           =====                   =======         ======
           _A_PBIFG_L              023C 
           LOCAL                   ADDRESS         
           =====                   =======         
           PBIFG                   023C 
           PBIFG_H                 023D 
           PBIFG_L                 023C 
    -------------------------------------------------------------------------
DATA16_AN
  Relative segment, address: 0344 - 0345 (0x2 bytes), align: 0
  Segment part 3. ROOT        Intra module refs:   switch_interrupt
                                                   timer_1_A1 (timers)
           ENTRY                   ADDRESS         REF BY
           =====                   =======         ======
           TA0CCTL1                0344 
    -------------------------------------------------------------------------
DATA16_AN
  Relative segment, address: 0346 - 0347 (0x2 bytes), align: 0
  Segment part 4. ROOT        Intra module refs:   switch_interrupt
                                                   timer_1_A1 (timers)
           ENTRY                   ADDRESS         REF BY
           =====                   =======         ======
           TA0CCTL2                0346 
    -------------------------------------------------------------------------
DATA16_AN
  Relative segment, address: 0350 - 0351 (0x2 bytes), align: 0
  Segment part 5. ROOT        Intra module refs:   switch_interrupt
           ENTRY                   ADDRESS         REF BY
           =====                   =======         ======
           TA0R                    0350 
    -------------------------------------------------------------------------
DATA16_AN
  Relative segment, address: 0354 - 0355 (0x2 bytes), align: 0
  Segment part 6. ROOT        Intra module refs:   switch_interrupt
                                                   timer_1_A1 (timers)
           ENTRY                   ADDRESS         REF BY
           =====                   =======         ======
           TA0CCR1                 0354 
    -------------------------------------------------------------------------
DATA16_AN
  Relative segment, address: 0356 - 0357 (0x2 bytes), align: 0
  Segment part 7. ROOT        Intra module refs:   switch_interrupt
                                                   timer_1_A1 (timers)
           ENTRY                   ADDRESS         REF BY
           =====                   =======         ======
           TA0CCR2                 0356 
    -------------------------------------------------------------------------
ISR_CODE
  Relative segment, address: C2A0 - C2F5 (0x56 bytes), align: 1
  Segment part 11.            Intra module refs:   switch_interrupt::??INTVEC 64
           ENTRY                   ADDRESS         REF BY
           =====                   =======         ======
           switch_interrupt        C2A0 
               interrupt function
    -------------------------------------------------------------------------
INTVEC
  Common segment, address: FF90 - FFD1 (0x42 bytes), align: 1
  Segment part 8. ROOT 
           ENTRY                   ADDRESS         REF BY
           =====                   =======         ======
           switch_interrupt::??INTVEC 64
                                   FFD0 

    *************************************************************************

  FILE NAME : C:\Users\Paul\Documents\ECE 306\Project 6\LCD.r43
  PROGRAM MODULE, NAME : LCD

  SEGMENTS IN THE MODULE
  ======================
DATA16_AN
  Relative segment, address: 0202 - 0203 (0x2 bytes), align: 0
  Segment part 1. ROOT        Intra module refs:   Init_Port1 (ports)
                                                   Init_Port2 (ports)
                                                   spi_chipselect_active
                                                   spi_chipselect_idle
                                                   spi_reset_active
                                                   spi_reset_idle
           ENTRY                   ADDRESS         REF BY
           =====                   =======         ======
           _A_PAOUT_L              0202 
           LOCAL                   ADDRESS         
           =====                   =======         
           PAOUT                   0202 
           PAOUT_H                 0203 
           PAOUT_L                 0202 
    -------------------------------------------------------------------------
DATA16_AN
  Relative segment, address: 0640 - 0641 (0x2 bytes), align: 0
  Segment part 3. ROOT        Intra module refs:   Init_SPI_B0
           ENTRY                   ADDRESS         REF BY
           =====                   =======         ======
           _A_UCB0CTLW0_L          0640 
           LOCAL                   ADDRESS         
           =====                   =======         
           UCB0CTLW0               0640 
           UCB0CTLW0_H             0641 
           UCB0CTLW0_L             0640 
    -------------------------------------------------------------------------
DATA16_AN
  Relative segment, address: 0646 - 0647 (0x2 bytes), align: 0
  Segment part 4. ROOT        Intra module refs:   Init_SPI_B0
           ENTRY                   ADDRESS         REF BY
           =====                   =======         ======
           _A_UCB0BRW_L            0646 
           LOCAL                   ADDRESS         
           =====                   =======         
           UCB0BRW                 0646 
           UCB0BRW_H               0647 
           UCB0BRW_L               0646 
    -------------------------------------------------------------------------
DATA16_AN
  Relative segment, address: 064E - 064F (0x2 bytes), align: 0
  Segment part 5. ROOT        Intra module refs:   SPI_B0_write
           ENTRY                   ADDRESS         REF BY
           =====                   =======         ======
           _A_UCB0TXBUF_L          064E 
           LOCAL                   ADDRESS         
           =====                   =======         
           UCB0TXBUF               064E 
           UCB0TXBUF_H             064F 
           UCB0TXBUF_L             064E 
    -------------------------------------------------------------------------
DATA16_AN
  Relative segment, address: 066C - 066D (0x2 bytes), align: 0
  Segment part 6. ROOT        Intra module refs:   SPI_B0_write
           ENTRY                   ADDRESS         REF BY
           =====                   =======         ======
           _A_UCB0IFG_L            066C 
           LOCAL                   ADDRESS         
           =====                   =======         
           UCB0IFG                 066C 
           UCB0IFG_H               066D 
           UCB0IFG_L               066C 
    -------------------------------------------------------------------------
DATA16_Z
  Relative segment, address: 1C60 - 1C6A (0xb bytes), align: 0
  Segment part 10.
           ENTRY                   ADDRESS         REF BY
           =====                   =======         ======
           display_line_1          1C60            Init_Conditions (init)
    -------------------------------------------------------------------------
DATA16_Z
  Relative segment, address: 1C6B - 1C75 (0xb bytes), align: 0
  Segment part 11.
           ENTRY                   ADDRESS         REF BY
           =====                   =======         ======
           display_line_2          1C6B            Init_Conditions (init)
    -------------------------------------------------------------------------
DATA16_Z
  Relative segment, address: 1C76 - 1C80 (0xb bytes), align: 0
  Segment part 12.
           ENTRY                   ADDRESS         REF BY
           =====                   =======         ======
           display_line_3          1C76            Init_Conditions (init)
    -------------------------------------------------------------------------
DATA16_Z
  Relative segment, address: 1C81 - 1C8B (0xb bytes), align: 0
  Segment part 13.
           ENTRY                   ADDRESS         REF BY
           =====                   =======         ======
           display_line_4          1C81            Init_Conditions (init)
    -------------------------------------------------------------------------
DATA16_Z
  Relative segment, address: 1C00 - 1C01 (0x2 bytes), align: 1
  Segment part 14.
           ENTRY                   ADDRESS         REF BY
           =====                   =======         ======
           display_1               1C00            Init_Conditions (init)
                                                   main (main)
    -------------------------------------------------------------------------
DATA16_Z
  Relative segment, address: 1C02 - 1C03 (0x2 bytes), align: 1
  Segment part 15.
           ENTRY                   ADDRESS         REF BY
           =====                   =======         ======
           display_2               1C02            Init_Conditions (init)
                                                   main (main)
    -------------------------------------------------------------------------
DATA16_Z
  Relative segment, address: 1C04 - 1C05 (0x2 bytes), align: 1
  Segment part 16.
           ENTRY                   ADDRESS         REF BY
           =====                   =======         ======
           display_3               1C04            Init_Conditions (init)
                                                   main (main)
    -------------------------------------------------------------------------
DATA16_Z
  Relative segment, address: 1C06 - 1C07 (0x2 bytes), align: 1
  Segment part 17.
           ENTRY                   ADDRESS         REF BY
           =====                   =======         ======
           display_4               1C06            Init_Conditions (init)
                                                   main (main)
    -------------------------------------------------------------------------
<CODE> 1 (was CODE)
  Relative segment, address: CD32 - CD43 (0x12 bytes), align: 1
  Segment part 22.            Intra module refs:   Init_LCD
                                                   WriteData
                                                   WriteIns
           ENTRY                   ADDRESS         REF BY
           =====                   =======         ======
           spi_chipselect_idle     CD32 
    -------------------------------------------------------------------------
<CODE> 1 (was CODE)
  Relative segment, address: CD70 - CD7B (0xc bytes), align: 1
  Segment part 23.            Intra module refs:   WriteData
                                                   WriteIns
           ENTRY                   ADDRESS         REF BY
           =====                   =======         ======
           spi_chipselect_active   CD70 
    -------------------------------------------------------------------------
<CODE> 1 (was CODE)
  Relative segment, address: CD88 - CD8F (0x8 bytes), align: 1
  Segment part 24.            Intra module refs:   Init_LCD
           ENTRY                   ADDRESS         REF BY
           =====                   =======         ======
           spi_reset_idle          CD88 
    -------------------------------------------------------------------------
<CODE> 1 (was CODE)
  Relative segment, address: CD90 - CD97 (0x8 bytes), align: 1
  Segment part 25.            Intra module refs:   Init_LCD
           ENTRY                   ADDRESS         REF BY
           =====                   =======         ======
           spi_reset_active        CD90 
    -------------------------------------------------------------------------
<CODE> 1 (was CODE)
  Relative segment, address: C7A6 - C845 (0xa0 bytes), align: 1
  Segment part 32.
           ENTRY                   ADDRESS         REF BY
           =====                   =======         ======
           Init_LCD                C7A6            main (main)
               calls direct
    -------------------------------------------------------------------------
<CODE> 1 (was CODE)
  Relative segment, address: CC8E - CCB1 (0x24 bytes), align: 1
  Segment part 36.
           ENTRY                   ADDRESS         REF BY
           =====                   =======         ======
           lcd_out                 CC8E            main (main)
               calls direct
    -------------------------------------------------------------------------
<CODE> 1 (was CODE)
  Relative segment, address: CC68 - CC8D (0x26 bytes), align: 1
  Segment part 27.            Intra module refs:   ClrDisplay
                                                   DisplayOnOff
                                                   Init_LCD
                                                   SetPostion
                                                   lcd_out
           ENTRY                   ADDRESS         REF BY
           =====                   =======         ======
           WriteIns                CC68 
               calls direct
    -------------------------------------------------------------------------
<CODE> 1 (was CODE)
  Relative segment, address: CC42 - CC67 (0x26 bytes), align: 1
  Segment part 35.            Intra module refs:   lcd_out
           ENTRY                   ADDRESS         REF BY
           =====                   =======         ======
           WriteData               CC42 
               calls direct
    -------------------------------------------------------------------------
<CODE> 1 (was CODE)
  Relative segment, address: CD64 - CD6F (0xc bytes), align: 1
  Segment part 30.            Intra module refs:   Init_LCD
           ENTRY                   ADDRESS         REF BY
           =====                   =======         ======
           ClrDisplay              CD64 
               calls direct
    -------------------------------------------------------------------------
<CODE> 1 (was CODE)
  Relative segment, address: CD20 - CD31 (0x12 bytes), align: 1
  Segment part 29.            Intra module refs:   ClrDisplay
           ENTRY                   ADDRESS         REF BY
           =====                   =======         ======
           SetPostion              CD20 
               calls direct
    -------------------------------------------------------------------------
<CODE> 1 (was CODE)
  Relative segment, address: CD44 - CD53 (0x10 bytes), align: 1
  Segment part 28.            Intra module refs:   Init_LCD
           ENTRY                   ADDRESS         REF BY
           =====                   =======         ======
           DisplayOnOff            CD44 
               calls direct
    -------------------------------------------------------------------------
<CODE> 1 (was CODE)
  Relative segment, address: CB6A - CBA7 (0x3e bytes), align: 1
  Segment part 31.            Intra module refs:   Init_LCD
           ENTRY                   ADDRESS         REF BY
           =====                   =======         ======
           Init_SPI_B0             CB6A 
    -------------------------------------------------------------------------
<CODE> 1 (was CODE)
  Relative segment, address: CCF8 - CD0B (0x14 bytes), align: 1
  Segment part 26.            Intra module refs:   WriteData
                                                   WriteIns
           ENTRY                   ADDRESS         REF BY
           =====                   =======         ======
           SPI_B0_write            CCF8 

    *************************************************************************

  FILE NAME : C:\Users\Paul\Documents\ECE 306\Project 6\Debug\Obj\main.r43
  PROGRAM MODULE, NAME : main

  SEGMENTS IN THE MODULE
  ======================
DATA16_AN
  Relative segment, address: 0414 - 0415 (0x2 bytes), align: 0
  Segment part 3. ROOT        Intra module refs:   Init_Timer_B1 (timers)
                                                   main
           ENTRY                   ADDRESS         REF BY
           =====                   =======         ======
           TB1CCR1                 0414 
    -------------------------------------------------------------------------
DATA16_AN
  Relative segment, address: 0416 - 0417 (0x2 bytes), align: 0
  Segment part 4. ROOT        Intra module refs:   Init_Timer_B1 (timers)
                                                   main
           ENTRY                   ADDRESS         REF BY
           =====                   =======         ======
           TB1CCR2                 0416 
    -------------------------------------------------------------------------
DATA16_AN
  Relative segment, address: 0454 - 0455 (0x2 bytes), align: 0
  Segment part 5. ROOT        Intra module refs:   Init_Timer_B2 (timers)
                                                   main
           ENTRY                   ADDRESS         REF BY
           =====                   =======         ======
           TB2CCR1                 0454 
    -------------------------------------------------------------------------
DATA16_AN
  Relative segment, address: 0456 - 0457 (0x2 bytes), align: 0
  Segment part 6. ROOT        Intra module refs:   Init_Timer_B2 (timers)
                                                   main
           ENTRY                   ADDRESS         REF BY
           =====                   =======         ======
           TB2CCR2                 0456 
    -------------------------------------------------------------------------
DATA16_Z
  Relative segment, address: 1C08 - 1C09 (0x2 bytes), align: 1
  Segment part 12.            Intra module refs:   main
           ENTRY                   ADDRESS         REF BY
           =====                   =======         ======
           Time_Sequence           1C08            five_msec_Delay (timers)
                                                   timer_0_A0 (timers)
    -------------------------------------------------------------------------
DATA16_Z
  Relative segment, address: 1C8C - 1C8C (0x1 bytes), align: 0
  Segment part 16.            Intra module refs:   main
           ENTRY                   ADDRESS         REF BY
           =====                   =======         ======
           posL1                   1C8C 
    -------------------------------------------------------------------------
DATA16_Z
  Relative segment, address: 1C8D - 1C8D (0x1 bytes), align: 0
  Segment part 17.            Intra module refs:   main
           ENTRY                   ADDRESS         REF BY
           =====                   =======         ======
           posL2                   1C8D 
    -------------------------------------------------------------------------
DATA16_Z
  Relative segment, address: 1C8E - 1C8E (0x1 bytes), align: 0
  Segment part 18.            Intra module refs:   main
           ENTRY                   ADDRESS         REF BY
           =====                   =======         ======
           posL3                   1C8E 
    -------------------------------------------------------------------------
DATA16_Z
  Relative segment, address: 1C8F - 1C8F (0x1 bytes), align: 0
  Segment part 19.            Intra module refs:   main
           ENTRY                   ADDRESS         REF BY
           =====                   =======         ======
           posL4                   1C8F 
    -------------------------------------------------------------------------
DATA16_Z
  Relative segment, address: 1C90 - 1C90 (0x1 bytes), align: 0
  Segment part 22.            Intra module refs:   main
           ENTRY                   ADDRESS         REF BY
           =====                   =======         ======
           start_moving            1C90 
    -------------------------------------------------------------------------
DATA16_Z
  Relative segment, address: 1C91 - 1C91 (0x1 bytes), align: 0
  Segment part 23.            Intra module refs:   main
           ENTRY                   ADDRESS         REF BY
           =====                   =======         ======
           moving                  1C91 
    -------------------------------------------------------------------------
DATA16_Z
  Relative segment, address: 1C0A - 1C0B (0x2 bytes), align: 1
  Segment part 24.            Intra module refs:   main
           ENTRY                   ADDRESS         REF BY
           =====                   =======         ======
           shape                   1C0A 
    -------------------------------------------------------------------------
DATA16_Z
  Relative segment, address: 1C0C - 1C0D (0x2 bytes), align: 1
  Segment part 25.            Intra module refs:   main
           ENTRY                   ADDRESS         REF BY
           =====                   =======         ======
           time_count              1C0C 
    -------------------------------------------------------------------------
DATA16_Z
  Relative segment, address: 1C0E - 1C0F (0x2 bytes), align: 1
  Segment part 26.            Intra module refs:   main
           ENTRY                   ADDRESS         REF BY
           =====                   =======         ======
           press_count             1C0E 
    -------------------------------------------------------------------------
DATA16_Z
  Relative segment, address: 1C10 - 1C11 (0x2 bytes), align: 1
  Segment part 27.            Intra module refs:   main
           ENTRY                   ADDRESS         REF BY
           =====                   =======         ======
           SW1_Pressed             1C10            switch_interrupt (interrupt_port)
                                                   timer_1_A1 (timers)
    -------------------------------------------------------------------------
DATA16_Z
  Relative segment, address: 1C12 - 1C13 (0x2 bytes), align: 1
  Segment part 28.            Intra module refs:   main
           ENTRY                   ADDRESS         REF BY
           =====                   =======         ======
           SW2_Pressed             1C12            switch_interrupt (interrupt_port)
                                                   timer_1_A1 (timers)
    -------------------------------------------------------------------------
DATA16_Z
  Relative segment, address: 1C14 - 1C15 (0x2 bytes), align: 1
  Segment part 29.            Intra module refs:   main
           ENTRY                   ADDRESS         REF BY
           =====                   =======         ======
           pressed_SW1             1C14            switch_interrupt (interrupt_port)
    -------------------------------------------------------------------------
DATA16_Z
  Relative segment, address: 1C16 - 1C17 (0x2 bytes), align: 1
  Segment part 30.            Intra module refs:   main
           ENTRY                   ADDRESS         REF BY
           =====                   =======         ======
           pressed_SW2             1C16            switch_interrupt (interrupt_port)
    -------------------------------------------------------------------------
DATA16_Z
  Relative segment, address: 1C18 - 1C19 (0x2 bytes), align: 1
  Segment part 32.            Intra module refs:   main
           ENTRY                   ADDRESS         REF BY
           =====                   =======         ======
           SW1_Count               1C18 
    -------------------------------------------------------------------------
DATA16_Z
  Relative segment, address: 1C1A - 1C1B (0x2 bytes), align: 1
  Segment part 33.            Intra module refs:   main
           ENTRY                   ADDRESS         REF BY
           =====                   =======         ======
           SW2_Count               1C1A 
    -------------------------------------------------------------------------
DATA16_Z
  Relative segment, address: 1C1C - 1C1D (0x2 bytes), align: 1
  Segment part 34.
           ENTRY                   ADDRESS         REF BY
           =====                   =======         ======
           channel                 1C1C            ADC10_ISR (adc)
    -------------------------------------------------------------------------
DATA16_Z
  Relative segment, address: 1C1E - 1C1F (0x2 bytes), align: 1
  Segment part 35.            Intra module refs:   main
           ENTRY                   ADDRESS         REF BY
           =====                   =======         ======
           ADC_Left_Detector       1C1E            ADC10_ISR (adc)
    -------------------------------------------------------------------------
DATA16_Z
  Relative segment, address: 1C20 - 1C21 (0x2 bytes), align: 1
  Segment part 36.            Intra module refs:   main
           ENTRY                   ADDRESS         REF BY
           =====                   =======         ======
           ADC_Right_Detector      1C20            ADC10_ISR (adc)
    -------------------------------------------------------------------------
DATA16_Z
  Relative segment, address: 1C22 - 1C23 (0x2 bytes), align: 1
  Segment part 37.            Intra module refs:   main
           ENTRY                   ADDRESS         REF BY
           =====                   =======         ======
           ADC_Thumb               1C22            ADC10_ISR (adc)
    -------------------------------------------------------------------------
DATA16_Z
  Relative segment, address: 1C24 - 1C25 (0x2 bytes), align: 1
  Segment part 38.
           ENTRY                   ADDRESS         REF BY
           =====                   =======         ======
           time                    1C24            five_msec_Delay (timers)
    -------------------------------------------------------------------------
DATA16_Z
  Relative segment, address: 1C26 - 1C27 (0x2 bytes), align: 1
  Segment part 39.
           ENTRY                   ADDRESS         REF BY
           =====                   =======         ======
           right_forward_rate      1C26            Init_Timer_B1 (timers)
    -------------------------------------------------------------------------
DATA16_Z
  Relative segment, address: 1C28 - 1C29 (0x2 bytes), align: 1
  Segment part 40.
           ENTRY                   ADDRESS         REF BY
           =====                   =======         ======
           left_forward_rate       1C28            Init_Timer_B1 (timers)
    -------------------------------------------------------------------------
DATA16_Z
  Relative segment, address: 1C2A - 1C2B (0x2 bytes), align: 1
  Segment part 41.
           ENTRY                   ADDRESS         REF BY
           =====                   =======         ======
           right_reverse_rate      1C2A            Init_Timer_B2 (timers)
    -------------------------------------------------------------------------
DATA16_Z
  Relative segment, address: 1C2C - 1C2D (0x2 bytes), align: 1
  Segment part 42.
           ENTRY                   ADDRESS         REF BY
           =====                   =======         ======
           left_reverse_rate       1C2C            Init_Timer_B2 (timers)
    -------------------------------------------------------------------------
DATA16_Z
  Relative segment, address: 1C2E - 1C2F (0x2 bytes), align: 1
  Segment part 43.            Intra module refs:   main
           ENTRY                   ADDRESS         REF BY
           =====                   =======         ======
           leftBlackCalibrate      1C2E 
    -------------------------------------------------------------------------
DATA16_Z
  Relative segment, address: 1C30 - 1C31 (0x2 bytes), align: 1
  Segment part 45.            Intra module refs:   main
           ENTRY                   ADDRESS         REF BY
           =====                   =======         ======
           leftWhiteCalibrate      1C30 
    -------------------------------------------------------------------------
DATA16_Z
  Relative segment, address: 1C32 - 1C33 (0x2 bytes), align: 1
  Segment part 46.            Intra module refs:   main
           ENTRY                   ADDRESS         REF BY
           =====                   =======         ======
           rightWhiteCalibrate     1C32 
    -------------------------------------------------------------------------
DATA16_Z
  Relative segment, address: 1C34 - 1C43 (0x10 bytes), align: 1
  Segment part 47.            Intra module refs:   main
           ENTRY                   ADDRESS         REF BY
           =====                   =======         ======
           leftRunAvg              1C34 
    -------------------------------------------------------------------------
DATA16_Z
  Relative segment, address: 1C44 - 1C53 (0x10 bytes), align: 1
  Segment part 48.            Intra module refs:   main
           ENTRY                   ADDRESS         REF BY
           =====                   =======         ======
           rightRunAvg             1C44 
    -------------------------------------------------------------------------
DATA16_Z
  Relative segment, address: 1C54 - 1C55 (0x2 bytes), align: 1
  Segment part 49.            Intra module refs:   main
           ENTRY                   ADDRESS         REF BY
           =====                   =======         ======
           sumLeft                 1C54 
    -------------------------------------------------------------------------
DATA16_Z
  Relative segment, address: 1C56 - 1C57 (0x2 bytes), align: 1
  Segment part 50.            Intra module refs:   main
           ENTRY                   ADDRESS         REF BY
           =====                   =======         ======
           sumRight                1C56 
    -------------------------------------------------------------------------
DATA16_Z
  Relative segment, address: 1C58 - 1C59 (0x2 bytes), align: 1
  Segment part 51.            Intra module refs:   main
           ENTRY                   ADDRESS         REF BY
           =====                   =======         ======
           left                    1C58 
    -------------------------------------------------------------------------
DATA16_Z
  Relative segment, address: 1C5A - 1C5B (0x2 bytes), align: 1
  Segment part 52.            Intra module refs:   main
           ENTRY                   ADDRESS         REF BY
           =====                   =======         ======
           right                   1C5A 
    -------------------------------------------------------------------------
DATA16_Z
  Relative segment, address: 1C5C - 1C5D (0x2 bytes), align: 1
  Segment part 53.            Intra module refs:   main
           ENTRY                   ADDRESS         REF BY
           =====                   =======         ======
           i                       1C5C 
    -------------------------------------------------------------------------
DATA16_Z
  Relative segment, address: 1C5E - 1C5F (0x2 bytes), align: 1
  Segment part 54.            Intra module refs:   main
           ENTRY                   ADDRESS         REF BY
           =====                   =======         ======
           lineDetect              1C5E 
    -------------------------------------------------------------------------
DATA16_Z
  Relative segment, address: 1C92 - 1C96 (0x5 bytes), align: 0
  Segment part 55.            Intra module refs:   main
           ENTRY                   ADDRESS         REF BY
           =====                   =======         ======
           adc_char                1C92            HEXtoBCD (hex_to_bcd)
    -------------------------------------------------------------------------
<CODE> 1 (was CODE)
  Relative segment, address: C348 - C6E9 (0x3a2 bytes), align: 1
  Segment part 56.
           ENTRY                   ADDRESS         REF BY
           =====                   =======         ======
           main                    C348            Segment part 26 (?cstart)
               calls direct
    -------------------------------------------------------------------------
DATA16_C
  Relative segment, address: C200 - C207 (0x8 bytes), align: 0
  Segment part 8.             Intra module refs:   main
    -------------------------------------------------------------------------
DATA16_C
  Relative segment, address: C208 - C20F (0x8 bytes), align: 0
  Segment part 9.             Intra module refs:   main
    -------------------------------------------------------------------------
DATA16_C
  Relative segment, address: C210 - C217 (0x8 bytes), align: 0
  Segment part 10.            Intra module refs:   main

    *************************************************************************

  FILE NAME : C:\Users\Paul\Documents\ECE 306\Project 6\Debug\Obj\ports.r43
  PROGRAM MODULE, NAME : ports

  SEGMENTS IN THE MODULE
  ======================
DATA16_AN
  Relative segment, address: 0204 - 0205 (0x2 bytes), align: 0
  Segment part 2. ROOT        Intra module refs:   Init_Port1
                                                   Init_Port2
           ENTRY                   ADDRESS         REF BY
           =====                   =======         ======
           _A_PADIR_L              0204 
           LOCAL                   ADDRESS         
           =====                   =======         
           PADIR                   0204 
           PADIR_H                 0205 
           PADIR_L                 0204 
    -------------------------------------------------------------------------
DATA16_AN
  Relative segment, address: 0206 - 0207 (0x2 bytes), align: 0
  Segment part 3. ROOT        Intra module refs:   Init_Port1
                                                   Init_Port2
           ENTRY                   ADDRESS         REF BY
           =====                   =======         ======
           _A_PAREN_L              0206 
           LOCAL                   ADDRESS         
           =====                   =======         
           PAREN                   0206 
           PAREN_H                 0207 
           PAREN_L                 0206 
    -------------------------------------------------------------------------
DATA16_AN
  Relative segment, address: 020A - 020B (0x2 bytes), align: 0
  Segment part 4. ROOT        Intra module refs:   Init_Port1
                                                   Init_Port2
           ENTRY                   ADDRESS         REF BY
           =====                   =======         ======
           _A_PASEL0_L             020A 
           LOCAL                   ADDRESS         
           =====                   =======         
           PASEL0                  020A 
           PASEL0_H                020B 
           PASEL0_L                020A 
    -------------------------------------------------------------------------
DATA16_AN
  Relative segment, address: 020C - 020D (0x2 bytes), align: 0
  Segment part 5. ROOT        Intra module refs:   Init_Port1
                                                   Init_Port2
           ENTRY                   ADDRESS         REF BY
           =====                   =======         ======
           _A_PASEL1_L             020C 
           LOCAL                   ADDRESS         
           =====                   =======         
           PASEL1                  020C 
           PASEL1_H                020D 
           PASEL1_L                020C 
    -------------------------------------------------------------------------
DATA16_AN
  Relative segment, address: 0224 - 0225 (0x2 bytes), align: 0
  Segment part 7. ROOT        Intra module refs:   Init_Port3
                                                   Init_Port4
           ENTRY                   ADDRESS         REF BY
           =====                   =======         ======
           _A_PBDIR_L              0224 
           LOCAL                   ADDRESS         
           =====                   =======         
           PBDIR                   0224 
           PBDIR_H                 0225 
           PBDIR_L                 0224 
    -------------------------------------------------------------------------
DATA16_AN
  Relative segment, address: 0226 - 0227 (0x2 bytes), align: 0
  Segment part 8. ROOT        Intra module refs:   Init_Port3
                                                   Init_Port4
           ENTRY                   ADDRESS         REF BY
           =====                   =======         ======
           _A_PBREN_L              0226 
           LOCAL                   ADDRESS         
           =====                   =======         
           PBREN                   0226 
           PBREN_H                 0227 
           PBREN_L                 0226 
    -------------------------------------------------------------------------
DATA16_AN
  Relative segment, address: 022A - 022B (0x2 bytes), align: 0
  Segment part 9. ROOT        Intra module refs:   Init_Port3
                                                   Init_Port4
           ENTRY                   ADDRESS         REF BY
           =====                   =======         ======
           _A_PBSEL0_L             022A 
           LOCAL                   ADDRESS         
           =====                   =======         
           PBSEL0                  022A 
           PBSEL0_H                022B 
           PBSEL0_L                022A 
    -------------------------------------------------------------------------
DATA16_AN
  Relative segment, address: 022C - 022D (0x2 bytes), align: 0
  Segment part 10. ROOT       Intra module refs:   Init_Port3
                                                   Init_Port4
           ENTRY                   ADDRESS         REF BY
           =====                   =======         ======
           _A_PBSEL1_L             022C 
           LOCAL                   ADDRESS         
           =====                   =======         
           PBSEL1                  022C 
           PBSEL1_H                022D 
           PBSEL1_L                022C 
    -------------------------------------------------------------------------
DATA16_AN
  Relative segment, address: 0238 - 0239 (0x2 bytes), align: 0
  Segment part 11. ROOT       Intra module refs:   Init_Port4
           ENTRY                   ADDRESS         REF BY
           =====                   =======         ======
           _A_PBIES_L              0238 
           LOCAL                   ADDRESS         
           =====                   =======         
           PBIES                   0238 
           PBIES_H                 0239 
           PBIES_L                 0238 
    -------------------------------------------------------------------------
DATA16_AN
  Relative segment, address: 0322 - 0323 (0x2 bytes), align: 0
  Segment part 14. ROOT       Intra module refs:   Init_PortJ
           ENTRY                   ADDRESS         REF BY
           =====                   =======         ======
           _A_PJOUT_L              0322 
           LOCAL                   ADDRESS         
           =====                   =======         
           PJOUT                   0322 
           PJOUT_H                 0323 
           PJOUT_L                 0322 
    -------------------------------------------------------------------------
DATA16_AN
  Relative segment, address: 0324 - 0325 (0x2 bytes), align: 0
  Segment part 15. ROOT       Intra module refs:   Init_PortJ
           ENTRY                   ADDRESS         REF BY
           =====                   =======         ======
           _A_PJDIR_L              0324 
           LOCAL                   ADDRESS         
           =====                   =======         
           PJDIR                   0324 
           PJDIR_H                 0325 
           PJDIR_L                 0324 
    -------------------------------------------------------------------------
DATA16_AN
  Relative segment, address: 032A - 032B (0x2 bytes), align: 0
  Segment part 16. ROOT       Intra module refs:   Init_PortJ
           ENTRY                   ADDRESS         REF BY
           =====                   =======         ======
           _A_PJSEL0_L             032A 
           LOCAL                   ADDRESS         
           =====                   =======         
           PJSEL0                  032A 
           PJSEL0_H                032B 
           PJSEL0_L                032A 
    -------------------------------------------------------------------------
DATA16_AN
  Relative segment, address: 032C - 032D (0x2 bytes), align: 0
  Segment part 17. ROOT       Intra module refs:   Init_PortJ
           ENTRY                   ADDRESS         REF BY
           =====                   =======         ======
           _A_PJSEL1_L             032C 
           LOCAL                   ADDRESS         
           =====                   =======         
           PJSEL1                  032C 
           PJSEL1_H                032D 
           PJSEL1_L                032C 
    -------------------------------------------------------------------------
<CODE> 1 (was CODE)
  Relative segment, address: CCE4 - CCF7 (0x14 bytes), align: 1
  Segment part 24.
           ENTRY                   ADDRESS         REF BY
           =====                   =======         ======
           Init_Ports              CCE4            main (main)
               calls direct
    -------------------------------------------------------------------------
<CODE> 1 (was CODE)
  Relative segment, address: C846 - C8E3 (0x9e bytes), align: 1
  Segment part 23.            Intra module refs:   Init_Ports
           ENTRY                   ADDRESS         REF BY
           =====                   =======         ======
           Init_Port1              C846 
    -------------------------------------------------------------------------
<CODE> 1 (was CODE)
  Relative segment, address: C6EA - C7A5 (0xbc bytes), align: 1
  Segment part 22.            Intra module refs:   Init_Ports
           ENTRY                   ADDRESS         REF BY
           =====                   =======         ======
           Init_Port2              C6EA 
    -------------------------------------------------------------------------
<CODE> 1 (was CODE)
  Relative segment, address: C8E4 - C979 (0x96 bytes), align: 1
  Segment part 21.            Intra module refs:   Init_Ports
           ENTRY                   ADDRESS         REF BY
           =====                   =======         ======
           Init_Port3              C8E4 
    -------------------------------------------------------------------------
<CODE> 1 (was CODE)
  Relative segment, address: CACE - CB1B (0x4e bytes), align: 1
  Segment part 20.            Intra module refs:   Init_Ports
           ENTRY                   ADDRESS         REF BY
           =====                   =======         ======
           Init_Port4              CACE 
    -------------------------------------------------------------------------
<CODE> 1 (was CODE)
  Relative segment, address: CB1C - CB69 (0x4e bytes), align: 1
  Segment part 19.            Intra module refs:   Init_Ports
           ENTRY                   ADDRESS         REF BY
           =====                   =======         ======
           Init_PortJ              CB1C 

    *************************************************************************

  FILE NAME : C:\Users\Paul\Documents\ECE 306\Project 6\Debug\Obj\switch.r43
    *************************************************************************

  FILE NAME : C:\Users\Paul\Documents\ECE 306\Project 6\Debug\Obj\system.r43
  PROGRAM MODULE, NAME : system

  SEGMENTS IN THE MODULE
  ======================
<CODE> 1 (was CODE)
  Relative segment, address: CD98 - CD9D (0x6 bytes), align: 1
  Segment part 2.
           ENTRY                   ADDRESS         REF BY
           =====                   =======         ======
           enable_interrupts       CD98            Init_Conditions (init)

    *************************************************************************

  FILE NAME : C:\Users\Paul\Documents\ECE 306\Project 6\Debug\Obj\timers.r43
  PROGRAM MODULE, NAME : timers

  SEGMENTS IN THE MODULE
  ======================
DATA16_AN
  Relative segment, address: 0340 - 0341 (0x2 bytes), align: 0
  Segment part 2. ROOT        Intra module refs:   Init_Timer_A0
           ENTRY                   ADDRESS         REF BY
           =====                   =======         ======
           TA0CTL                  0340 
    -------------------------------------------------------------------------
DATA16_AN
  Relative segment, address: 0342 - 0343 (0x2 bytes), align: 0
  Segment part 3. ROOT        Intra module refs:   Init_Timer_A0
           ENTRY                   ADDRESS         REF BY
           =====                   =======         ======
           TA0CCTL0                0342 
    -------------------------------------------------------------------------
DATA16_AN
  Relative segment, address: 0352 - 0353 (0x2 bytes), align: 0
  Segment part 6. ROOT        Intra module refs:   Init_Timer_A0
                                                   timer_0_A0
           ENTRY                   ADDRESS         REF BY
           =====                   =======         ======
           TA0CCR0                 0352 
    -------------------------------------------------------------------------
DATA16_AN
  Relative segment, address: 036E - 036F (0x2 bytes), align: 0
  Segment part 9. ROOT        Intra module refs:   timer_1_A1
           ENTRY                   ADDRESS         REF BY
           =====                   =======         ======
           TA0IV                   036E 
    -------------------------------------------------------------------------
DATA16_AN
  Relative segment, address: 0360 - 0361 (0x2 bytes), align: 0
  Segment part 10. ROOT       Intra module refs:   Init_Timer_A0
           ENTRY                   ADDRESS         REF BY
           =====                   =======         ======
           TA0EX0                  0360 
    -------------------------------------------------------------------------
DATA16_AN
  Relative segment, address: 0400 - 0401 (0x2 bytes), align: 0
  Segment part 11. ROOT       Intra module refs:   Init_Timer_B1
           ENTRY                   ADDRESS         REF BY
           =====                   =======         ======
           TB1CTL                  0400 
    -------------------------------------------------------------------------
DATA16_AN
  Relative segment, address: 0404 - 0405 (0x2 bytes), align: 0
  Segment part 12. ROOT       Intra module refs:   Init_Timer_B1
           ENTRY                   ADDRESS         REF BY
           =====                   =======         ======
           TB1CCTL1                0404 
    -------------------------------------------------------------------------
DATA16_AN
  Relative segment, address: 0406 - 0407 (0x2 bytes), align: 0
  Segment part 13. ROOT       Intra module refs:   Init_Timer_B1
           ENTRY                   ADDRESS         REF BY
           =====                   =======         ======
           TB1CCTL2                0406 
    -------------------------------------------------------------------------
DATA16_AN
  Relative segment, address: 0412 - 0413 (0x2 bytes), align: 0
  Segment part 14. ROOT       Intra module refs:   Init_Timer_B1
           ENTRY                   ADDRESS         REF BY
           =====                   =======         ======
           TB1CCR0                 0412 
    -------------------------------------------------------------------------
DATA16_AN
  Relative segment, address: 0440 - 0441 (0x2 bytes), align: 0
  Segment part 17. ROOT       Intra module refs:   Init_Timer_B2
           ENTRY                   ADDRESS         REF BY
           =====                   =======         ======
           TB2CTL                  0440 
    -------------------------------------------------------------------------
DATA16_AN
  Relative segment, address: 0444 - 0445 (0x2 bytes), align: 0
  Segment part 18. ROOT       Intra module refs:   Init_Timer_B2
           ENTRY                   ADDRESS         REF BY
           =====                   =======         ======
           TB2CCTL1                0444 
    -------------------------------------------------------------------------
DATA16_AN
  Relative segment, address: 0446 - 0447 (0x2 bytes), align: 0
  Segment part 19. ROOT       Intra module refs:   Init_Timer_B2
           ENTRY                   ADDRESS         REF BY
           =====                   =======         ======
           TB2CCTL2                0446 
    -------------------------------------------------------------------------
DATA16_AN
  Relative segment, address: 0452 - 0453 (0x2 bytes), align: 0
  Segment part 20. ROOT       Intra module refs:   Init_Timer_B2
           ENTRY                   ADDRESS         REF BY
           =====                   =======         ======
           TB2CCR0                 0452 
    -------------------------------------------------------------------------
<CODE> 1 (was CODE)
  Relative segment, address: CD7C - CD87 (0xc bytes), align: 1
  Segment part 29.
           ENTRY                   ADDRESS         REF BY
           =====                   =======         ======
           Init_Timers             CD7C            main (main)
               calls direct
    -------------------------------------------------------------------------
<CODE> 1 (was CODE)
  Relative segment, address: CD0C - CD1F (0x14 bytes), align: 1
  Segment part 30.
           ENTRY                   ADDRESS         REF BY
           =====                   =======         ======
           five_msec_Delay         CD0C            main (main)
    -------------------------------------------------------------------------
<CODE> 1 (was CODE)
  Relative segment, address: CC10 - CC41 (0x32 bytes), align: 1
  Segment part 28.            Intra module refs:   Init_Timers
           ENTRY                   ADDRESS         REF BY
           =====                   =======         ======
           Init_Timer_A0           CC10 
    -------------------------------------------------------------------------
ISR_CODE
  Relative segment, address: C2F6 - C301 (0xc bytes), align: 1
  Segment part 31.            Intra module refs:   timer_0_A0::??INTVEC 90
           ENTRY                   ADDRESS         REF BY
           =====                   =======         ======
           timer_0_A0              C2F6 
               interrupt function
    -------------------------------------------------------------------------
ISR_CODE
  Relative segment, address: C302 - C347 (0x46 bytes), align: 1
  Segment part 32.            Intra module refs:   timer_1_A1::??INTVEC 88
           ENTRY                   ADDRESS         REF BY
           =====                   =======         ======
           timer_1_A1              C302 
               interrupt function
    -------------------------------------------------------------------------
<CODE> 1 (was CODE)
  Relative segment, address: CBDC - CC0F (0x34 bytes), align: 1
  Segment part 27.            Intra module refs:   Init_Timers
           ENTRY                   ADDRESS         REF BY
           =====                   =======         ======
           Init_Timer_B1           CBDC 
    -------------------------------------------------------------------------
<CODE> 1 (was CODE)
  Relative segment, address: CBA8 - CBDB (0x34 bytes), align: 1
  Segment part 26.            Intra module refs:   Init_Timers
           ENTRY                   ADDRESS         REF BY
           =====                   =======         ======
           Init_Timer_B2           CBA8 
    -------------------------------------------------------------------------
INTVEC
  Common segment, address: FF90 - FFE9 (0x5a bytes), align: 1
  Segment part 23. ROOT 
           ENTRY                   ADDRESS         REF BY
           =====                   =======         ======
           timer_1_A1::??INTVEC 88
                                   FFE8 
    -------------------------------------------------------------------------
INTVEC
  Common segment, address: FF90 - FFEB (0x5c bytes), align: 1
  Segment part 24. ROOT 
           ENTRY                   ADDRESS         REF BY
           =====                   =======         ======
           timer_0_A0::??INTVEC 90
                                   FFEA 

    *************************************************************************

  FILE NAME : C:\Program Files (x86)\IAR Systems\Embedded Workbench 7.4\430\lib\dlib\dl430xlsfn.r43
  LIBRARY MODULE, NAME : ?__dbg_break

  SEGMENTS IN THE MODULE
  ======================
<CODE> 1 (was CODE)
  Relative segment, address: CDA6 - CDA7 (0x2 bytes), align: 1
  Segment part 2.
           ENTRY                   ADDRESS         REF BY
           =====                   =======         ======
           __DebugBreak            CDA6            __exit (?__exit)

    -------------------------------------------------------------------------
  LIBRARY MODULE, NAME : ?__exit

  SEGMENTS IN THE MODULE
  ======================
<CODE> 1 (was CODE)
  Relative segment, address: CCD0 - CCE3 (0x14 bytes), align: 1
  Segment part 2.
           ENTRY                   ADDRESS         REF BY
           =====                   =======         ======
           __exit                  CCD0            Segment part 6 (?_exit)
                                                   _exit (?_exit)
               calls direct

    -------------------------------------------------------------------------
  LIBRARY MODULE, NAME : ?_exit

  SEGMENTS IN THE MODULE
  ======================
<CODE> 1 (was CODE)
  Relative segment, address: CDA2, align: 1
  Segment part 0.
           ENTRY                   ADDRESS         REF BY
           =====                   =======         ======
           _exit                   CDA2            exit (?exit)
    -------------------------------------------------------------------------
<CODE> 1 (was CODE)
  Relative segment, address: CDA2 - CDA5 (0x4 bytes), align: 1
  Segment part 6.             Intra module refs:   _exit

    -------------------------------------------------------------------------
  LIBRARY MODULE, NAME : ?cstart

  SEGMENTS IN THE MODULE
  ======================
CSTACK
  Relative segment, address: 1F60, align: 1
  Segment part 1.
    -------------------------------------------------------------------------
DATA16_Z
  Relative segment, address: 1C60, align: 1
  Segment part 2.
    -------------------------------------------------------------------------
CODE_I
  Relative segment, address: 1C98, align: 1
  Segment part 5.
    -------------------------------------------------------------------------
CODE_ID
  Relative segment, address: C348, align: 1
  Segment part 6.
    -------------------------------------------------------------------------
DATA20_Z
  Relative segment, address: 1C98, align: 1
  Segment part 7.
    -------------------------------------------------------------------------
DATA20_I
  Relative segment, address: 1C98, align: 1
  Segment part 8.
    -------------------------------------------------------------------------
DATA20_ID
  Relative segment, address: C218, align: 1
  Segment part 9.
    -------------------------------------------------------------------------
DATA20_C
  Relative segment, address: C218, align: 1
  Segment part 10.
    -------------------------------------------------------------------------
DATA20_N
  Relative segment, address: 1C98, align: 1
  Segment part 12.
    -------------------------------------------------------------------------
CSTART
  Relative segment, address: C218 - C21B (0x4 bytes), align: 1
  Segment part 15.
           ENTRY                   ADDRESS         REF BY
           =====                   =======         ======
           __program_start         C218            ?reset_vector (?reset_vector)
                                                   Absolute parts (?ABS_ENTRY_MOD)
           ?cstart_begin           C218 
    -------------------------------------------------------------------------
CSTART
  Relative segment, address: C21C - C227 (0xc bytes), align: 1
  Segment part 19.
           ENTRY                   ADDRESS         REF BY
           =====                   =======         ======
           ?cstart_init_zero       C21C            ADC_Left_Detector (main)
                                                   ADC_Right_Detector (main)
                                                   ADC_Thumb (main)
                                                   SW1_Count (main)
                                                   SW1_Pressed (main)
                                                   SW2_Count (main)
                                                   SW2_Pressed (main)
                                                   Time_Sequence (main)
                                                   adc_char (main)
                                                   channel (main)
                                                   display_1 (LCD)
                                                   display_2 (LCD)
                                                   display_3 (LCD)
                                                   display_4 (LCD)
                                                   display_line_1 (LCD)
                                                   display_line_2 (LCD)
                                                   display_line_3 (LCD)
                                                   display_line_4 (LCD)
                                                   i (main)
                                                   left (main)
                                                   leftBlackCalibrate (main)
                                                   leftRunAvg (main)
                                                   leftWhiteCalibrate (main)
                                                   left_forward_rate (main)
                                                   left_reverse_rate (main)
                                                   lineDetect (main)
                                                   moving (main)
                                                   posL1 (main)
                                                   posL2 (main)
                                                   posL3 (main)
                                                   posL4 (main)
                                                   press_count (main)
                                                   pressed_SW1 (main)
                                                   pressed_SW2 (main)
                                                   right (main)
                                                   rightRunAvg (main)
                                                   rightWhiteCalibrate (main)
                                                   right_forward_rate (main)
                                                   right_reverse_rate (main)
                                                   shape (main)
                                                   start_moving (main)
                                                   sumLeft (main)
                                                   sumRight (main)
                                                   time (main)
                                                   time_count (main)
    -------------------------------------------------------------------------
CSTART
  Relative segment, address: C228 - C22F (0x8 bytes), align: 1
  Segment part 26.            Intra module refs:   Segment part 15
           ENTRY                   ADDRESS         REF BY
           =====                   =======         ======
           ?cstart_call_main       C228 
           ?cstart_end             C230 
    -------------------------------------------------------------------------
CODE_ID
  Relative segment, address: C348, align: 1
  Segment part 27.            Intra module refs:   Segment part 5

    -------------------------------------------------------------------------
  LIBRARY MODULE, NAME : ?reset_vector

  SEGMENTS IN THE MODULE
  ======================
RESET
  Relative segment, address: FFFE - FFFF (0x2 bytes), align: 1
  Segment part 0.
           ENTRY                   ADDRESS         REF BY
           =====                   =======         ======
           ?reset_vector           FFFE            Segment part 15 (?cstart)

    -------------------------------------------------------------------------
  LIBRARY MODULE, NAME : ?exit

  SEGMENTS IN THE MODULE
  ======================
<CODE> 1 (was CODE)
  Relative segment, address: CD9E - CDA1 (0x4 bytes), align: 1
  Segment part 2.
           ENTRY                   ADDRESS         REF BY
           =====                   =======         ======
           exit                    CD9E            Segment part 26 (?cstart)
               calls direct

    -------------------------------------------------------------------------
  LIBRARY MODULE, NAME : ?memzero

  SEGMENTS IN THE MODULE
  ======================
<CODE> 1 (was CODE)
  Relative segment, address: CD54 - CD63 (0x10 bytes), align: 1
  Segment part 2.
           ENTRY                   ADDRESS         REF BY
           =====                   =======         ======
           __data16_memzero        CD54            ?cstart_init_zero (?cstart)




                ****************************************
                *                                      *
                *      SEGMENTS IN ADDRESS ORDER       *
                *                                      *
                ****************************************


SEGMENT              SPACE    START ADDRESS   END ADDRESS     SIZE  TYPE  ALIGN
=======              =====    =============   ===========     ====  ====  =====
DATA16_AN                              015C - 015D               2   rel    0
                                       0160 - 0169               A 
                                       0202 - 0207               6 
                                       020A - 020D               4 
                                       0222 - 0227               6 
                                       022A - 022D               4 
                                       0238 - 023D               6 
                                       0322 - 0325               4 
                                       032A - 032D               4 
                                       0340 - 0347               8 
                                       0350 - 0357               8 
                                       0360 - 0361               2 
                                       036E - 036F               2 
                                       0400 - 0401               2 
                                       0404 - 0407               4 
                                       0412 - 0417               6 
                                       0440 - 0441               2 
                                       0444 - 0447               4 
                                       0452 - 0457               6 
                                       0640 - 0641               2 
                                       0646 - 0647               2 
                                       064E - 064F               2 
                                       066C - 066D               2 
                                       0700 - 0705               6 
                                       070A - 070B               2 
                                       0712 - 0713               2 
                                       071A - 071B               2 
                                       071E - 071F               2 
DATA16_I                                  1C00                       dse    0
DATA16_Z                               1C00 - 1C96              97   rel    1
DATA20_I                                  1C98                       rel    1
DATA20_Z                                  1C98                       rel    1
DATA20_N                                  1C98                       rel    1
CODE_I                                    1C98                       rel    1
CSTACK                                 1F60 - 1FFF              A0   rel    1
DATA16_C                               C200 - C217              18   rel    0
DATA20_ID                                 C218                       rel    1
DATA20_C                                  C218                       rel    1
CSTART                                 C218 - C22F              18   rel    1
ISR_CODE                               C230 - C347             118   rel    1
CODE_ID                                   C348                       rel    1
<CODE> 1                               C348 - CDA7             A60   rel    1
INTVEC                                 FF90 - FFED              5E   com    1
RESET                                  FFFE - FFFF               2   rel    1

                ****************************************
                *                                      *
                *        END OF CROSS REFERENCE        *
                *                                      *
                ****************************************

 3 056 bytes of CODE  memory
   311 bytes of DATA  memory (+ 112 absolute )
    24 bytes of CONST memory

Errors: none
Warnings: none

